<?xml version="1.0" encoding="UTF-8"?>
<testsuites name="jest tests" tests="1001" failures="0" errors="0" time="106.019">
  <testsuite name="Dashboard" errors="0" failures="0" skipped="0" timestamp="2024-04-11T11:07:31" time="6.568" tests="2">
    <testcase classname="Dashboard renders the tab strip and charts with the selected questionnaire type" name="Dashboard renders the tab strip and charts with the selected questionnaire type" time="0">
    </testcase>
    <testcase classname="Dashboard renders the tab strip and a loading sign when no questionnaire type is selected" name="Dashboard renders the tab strip and a loading sign when no questionnaire type is selected" time="0">
    </testcase>
  </testsuite>
  <testsuite name="&lt;AuditStoreDetail/&gt;" errors="0" failures="0" skipped="0" timestamp="2024-04-11T11:07:38" time="1.823" tests="2">
    <testcase classname="&lt;AuditStoreDetail/&gt; makes all the correct ajax calls" name="&lt;AuditStoreDetail/&gt; makes all the correct ajax calls" time="0.1">
    </testcase>
    <testcase classname="&lt;AuditStoreDetail/&gt; passes the correct props to SectionList, AuditStoreDetailsBox, SectionTotalsBox" name="&lt;AuditStoreDetail/&gt; passes the correct props to SectionList, AuditStoreDetailsBox, SectionTotalsBox" time="0.1">
    </testcase>
  </testsuite>
  <testsuite name="&lt;AuditStoreDetails/&gt;" errors="0" failures="0" skipped="0" timestamp="2024-04-11T11:07:40" time="1.116" tests="15">
    <testcase classname="&lt;AuditStoreDetails/&gt; is rendered correctly when the AuditStore is loading" name="&lt;AuditStoreDetails/&gt; is rendered correctly when the AuditStore is loading" time="0">
    </testcase>
    <testcase classname="&lt;AuditStoreDetails/&gt; is rendered correctly when AuditStore is not rated" name="&lt;AuditStoreDetails/&gt; is rendered correctly when AuditStore is not rated" time="0.015">
    </testcase>
    <testcase classname="&lt;AuditStoreDetails/&gt; is rendered correctly when AuditStore is already rated" name="&lt;AuditStoreDetails/&gt; is rendered correctly when AuditStore is already rated" time="0.032">
    </testcase>
    <testcase classname="&lt;AuditStoreDetails/&gt; is rendered correctly when status is ASSIGNED" name="&lt;AuditStoreDetails/&gt; is rendered correctly when status is ASSIGNED" time="0.015">
    </testcase>
    <testcase classname="&lt;AuditStoreDetails/&gt; is rendered correctly when status is ACKNOWLEDGED" name="&lt;AuditStoreDetails/&gt; is rendered correctly when status is ACKNOWLEDGED" time="0.005">
    </testcase>
    <testcase classname="&lt;AuditStoreDetails/&gt; is rendered correctly when status is SUBMITTED" name="&lt;AuditStoreDetails/&gt; is rendered correctly when status is SUBMITTED" time="0.011">
    </testcase>
    <testcase classname="&lt;AuditStoreDetails/&gt; is rendered correctly when status is PM_REVIEW" name="&lt;AuditStoreDetails/&gt; is rendered correctly when status is PM_REVIEW" time="0.016">
    </testcase>
    <testcase classname="&lt;AuditStoreDetails/&gt; is rendered correctly when status is COMPLETED" name="&lt;AuditStoreDetails/&gt; is rendered correctly when status is COMPLETED" time="0">
    </testcase>
    <testcase classname="&lt;AuditStoreDetails/&gt; is rendered correctly when status is ACCEPTED" name="&lt;AuditStoreDetails/&gt; is rendered correctly when status is ACCEPTED" time="0.016">
    </testcase>
    <testcase classname="&lt;AuditStoreDetails/&gt; is rendered correctly when status is REJECTED" name="&lt;AuditStoreDetails/&gt; is rendered correctly when status is REJECTED" time="0.015">
    </testcase>
    <testcase classname="&lt;AuditStoreDetails/&gt; is rendered correctly when status is WITHDRAWN" name="&lt;AuditStoreDetails/&gt; is rendered correctly when status is WITHDRAWN" time="0">
    </testcase>
    <testcase classname="&lt;AuditStoreDetails/&gt; is rendered correctly when status is FAILED" name="&lt;AuditStoreDetails/&gt; is rendered correctly when status is FAILED" time="0.018">
    </testcase>
    <testcase classname="&lt;AuditStoreDetails/&gt; dispatches the qa ok request action when QA OK button is clicked" name="&lt;AuditStoreDetails/&gt; dispatches the qa ok request action when QA OK button is clicked" time="0.014">
    </testcase>
    <testcase classname="&lt;AuditStoreDetails/&gt; dispatches the PM REVERT request action when PM REVERT button is clicked" name="&lt;AuditStoreDetails/&gt; dispatches the PM REVERT request action when PM REVERT button is clicked" time="0.032">
    </testcase>
    <testcase classname="&lt;AuditStoreDetails/&gt; dispatches the ACCEPT request action when ACCEPT button is clicked" name="&lt;AuditStoreDetails/&gt; dispatches the ACCEPT request action when ACCEPT button is clicked" time="0">
    </testcase>
  </testsuite>
  <testsuite name="&lt;QuotationCategoryForm/&gt;" errors="0" failures="0" skipped="0" timestamp="2024-04-11T11:07:41" time="0.786" tests="8">
    <testcase classname="&lt;QuotationCategoryForm/&gt; calls fetchAuditCategory" name="&lt;QuotationCategoryForm/&gt; calls fetchAuditCategory" time="0.015">
    </testcase>
    <testcase classname="&lt;QuotationCategoryForm/&gt; should change the all category state" name="&lt;QuotationCategoryForm/&gt; should change the all category state" time="0.016">
    </testcase>
    <testcase classname="&lt;QuotationCategoryForm/&gt; validate submit function without data" name="&lt;QuotationCategoryForm/&gt; validate submit function without data" time="0">
    </testcase>
    <testcase classname="&lt;QuotationCategoryForm/&gt; validate submit function" name="&lt;QuotationCategoryForm/&gt; validate submit function" time="0.016">
    </testcase>
    <testcase classname="&lt;QuotationCategoryForm/&gt; calls customize audit link" name="&lt;QuotationCategoryForm/&gt; calls customize audit link" time="0.015">
    </testcase>
    <testcase classname="&lt;CustomizeQuotationAlert/&gt; renders the customize quotation alert" name="&lt;CustomizeQuotationAlert/&gt; renders the customize quotation alert" time="0.016">
    </testcase>
    <testcase classname="&lt;QuotationPreview/&gt; renders the empty quotation" name="&lt;QuotationPreview/&gt; renders the empty quotation" time="0.018">
    </testcase>
    <testcase classname="&lt;QuotationPreview/&gt; renders the quotation" name="&lt;QuotationPreview/&gt; renders the quotation" time="0">
    </testcase>
  </testsuite>
  <testsuite name="&lt;AuditList/&gt;" errors="0" failures="0" skipped="0" timestamp="2024-04-11T11:07:42" time="0.707" tests="3">
    <testcase classname="&lt;AuditList/&gt; renders the correct number of priority filter options" name="&lt;AuditList/&gt; renders the correct number of priority filter options" time="0.016">
    </testcase>
    <testcase classname="&lt;AuditList/&gt; renders the correct number of audit date filter options" name="&lt;AuditList/&gt; renders the correct number of audit date filter options" time="0">
    </testcase>
    <testcase classname="&lt;AuditList/&gt; renders the correct number of city filter options" name="&lt;AuditList/&gt; renders the correct number of city filter options" time="0.015">
    </testcase>
  </testsuite>
  <testsuite name="&lt;__Section/&gt;" errors="0" failures="0" skipped="0" timestamp="2024-04-11T11:07:42" time="0.691" tests="5">
    <testcase classname="&lt;__Section/&gt; when showErrors is true and auditorComment is &apos;&apos;:" name="&lt;__Section/&gt; when showErrors is true and auditorComment is &apos;&apos;:" time="0.003">
    </testcase>
    <testcase classname="&lt;__Section/&gt; when showErrors is true and auditorComment is &apos;Hello World&apos;:" name="&lt;__Section/&gt; when showErrors is true and auditorComment is &apos;Hello World&apos;:" time="0">
    </testcase>
    <testcase classname="&lt;__Section/&gt; when showErrors is false and auditorComment is &apos;&apos;:" name="&lt;__Section/&gt; when showErrors is false and auditorComment is &apos;&apos;:" time="0">
    </testcase>
    <testcase classname="&lt;__Section/&gt; when showErrors is false and auditorComment is &apos;Hello World&apos;:" name="&lt;__Section/&gt; when showErrors is false and auditorComment is &apos;Hello World&apos;:" time="0">
    </testcase>
    <testcase classname="&lt;__Section/&gt; renders correctly when a section has no questions" name="&lt;__Section/&gt; renders correctly when a section has no questions" time="0">
    </testcase>
  </testsuite>
  <testsuite name="&lt;__AnswerElement/&gt;" errors="0" failures="0" skipped="0" timestamp="2024-04-11T11:07:43" time="0.283" tests="6">
    <testcase classname="&lt;__AnswerElement/&gt; for both question types sets the answerText prop for the inner element when it calls onChange" name="&lt;__AnswerElement/&gt; for both question types sets the answerText prop for the inner element when it calls onChange" time="0.016">
    </testcase>
    <testcase classname="&lt;__AnswerElement/&gt; for both question types calls setAnswerText when the inner element is blurred" name="&lt;__AnswerElement/&gt; for both question types calls setAnswerText when the inner element is blurred" time="0">
    </testcase>
    <testcase classname="&lt;__AnswerElement/&gt; for both question types calls onFocus when the inner element is focused" name="&lt;__AnswerElement/&gt; for both question types calls onFocus when the inner element is focused" time="0.015">
    </testcase>
    <testcase classname="&lt;__AnswerElement/&gt; for both question types calls onBlur when the inner element is blurred" name="&lt;__AnswerElement/&gt; for both question types calls onBlur when the inner element is blurred" time="0">
    </testcase>
    <testcase classname="&lt;__AnswerElement/&gt; when the question type is plain renders a Plain Answer Element" name="&lt;__AnswerElement/&gt; when the question type is plain renders a Plain Answer Element" time="0">
    </testcase>
    <testcase classname="&lt;__AnswerElement/&gt; when the question type is mutex renders a Mutex Answer Element" name="&lt;__AnswerElement/&gt; when the question type is mutex renders a Mutex Answer Element" time="0.016">
    </testcase>
  </testsuite>
  <testsuite name="&lt;BankInfoPanelBase/&gt;" errors="0" failures="0" skipped="0" timestamp="2024-04-11T11:07:44" time="5.353" tests="4">
    <testcase classname="&lt;BankInfoPanelBase/&gt; is rendered correctly when BankInfo is loading" name="&lt;BankInfoPanelBase/&gt; is rendered correctly when BankInfo is loading" time="0">
    </testcase>
    <testcase classname="&lt;BankInfoPanelBase/&gt; is rendered correctly when BankInfo is successfully loaded" name="&lt;BankInfoPanelBase/&gt; is rendered correctly when BankInfo is successfully loaded" time="0.009">
    </testcase>
    <testcase classname="&lt;BankInfoPanelBase/&gt; calls fetchBankInfo() on mounting" name="&lt;BankInfoPanelBase/&gt; calls fetchBankInfo() on mounting" time="0">
    </testcase>
    <testcase classname="&lt;BankInfoPanelBase/&gt; renders inputs with loaded BankInfo" name="&lt;BankInfoPanelBase/&gt; renders inputs with loaded BankInfo" time="0.022">
    </testcase>
  </testsuite>
  <testsuite name="&lt;AuditStoreDetails/&gt;" errors="0" failures="0" skipped="0" timestamp="2024-04-11T11:07:49" time="0.848" tests="16">
    <testcase classname="&lt;AuditStoreDetails/&gt; is rendered correctly when the AuditStore is loading" name="&lt;AuditStoreDetails/&gt; is rendered correctly when the AuditStore is loading" time="0.015">
    </testcase>
    <testcase classname="&lt;AuditStoreDetails/&gt; is rendered correctly when AuditStore is not rated" name="&lt;AuditStoreDetails/&gt; is rendered correctly when AuditStore is not rated" time="0.016">
    </testcase>
    <testcase classname="&lt;AuditStoreDetails/&gt; is rendered correctly when AuditStore is already rated" name="&lt;AuditStoreDetails/&gt; is rendered correctly when AuditStore is already rated" time="0.016">
    </testcase>
    <testcase classname="&lt;AuditStoreDetails/&gt; is rendered correctly for QA rating: 0" name="&lt;AuditStoreDetails/&gt; is rendered correctly for QA rating: 0" time="0.031">
    </testcase>
    <testcase classname="&lt;AuditStoreDetails/&gt; is rendered correctly for QA rating: 1" name="&lt;AuditStoreDetails/&gt; is rendered correctly for QA rating: 1" time="0.016">
    </testcase>
    <testcase classname="&lt;AuditStoreDetails/&gt; is rendered correctly for QA rating: 2" name="&lt;AuditStoreDetails/&gt; is rendered correctly for QA rating: 2" time="0.015">
    </testcase>
    <testcase classname="&lt;AuditStoreDetails/&gt; is rendered correctly wwhere AuditStore status is ASSIGNED" name="&lt;AuditStoreDetails/&gt; is rendered correctly wwhere AuditStore status is ASSIGNED" time="0.016">
    </testcase>
    <testcase classname="&lt;AuditStoreDetails/&gt; is rendered correctly wwhere AuditStore status is ACKNOWLEDGED" name="&lt;AuditStoreDetails/&gt; is rendered correctly wwhere AuditStore status is ACKNOWLEDGED" time="0">
    </testcase>
    <testcase classname="&lt;AuditStoreDetails/&gt; is rendered correctly wwhere AuditStore status is SUBMITTED" name="&lt;AuditStoreDetails/&gt; is rendered correctly wwhere AuditStore status is SUBMITTED" time="0.016">
    </testcase>
    <testcase classname="&lt;AuditStoreDetails/&gt; is rendered correctly wwhere AuditStore status is PM_REVIEW" name="&lt;AuditStoreDetails/&gt; is rendered correctly wwhere AuditStore status is PM_REVIEW" time="0.016">
    </testcase>
    <testcase classname="&lt;AuditStoreDetails/&gt; is rendered correctly wwhere AuditStore status is COMPLETED" name="&lt;AuditStoreDetails/&gt; is rendered correctly wwhere AuditStore status is COMPLETED" time="0.015">
    </testcase>
    <testcase classname="&lt;AuditStoreDetails/&gt; is rendered correctly wwhere AuditStore status is ACCEPTED" name="&lt;AuditStoreDetails/&gt; is rendered correctly wwhere AuditStore status is ACCEPTED" time="0.013">
    </testcase>
    <testcase classname="&lt;AuditStoreDetails/&gt; is rendered correctly wwhere AuditStore status is REJECTED" name="&lt;AuditStoreDetails/&gt; is rendered correctly wwhere AuditStore status is REJECTED" time="0.003">
    </testcase>
    <testcase classname="&lt;AuditStoreDetails/&gt; is rendered correctly wwhere AuditStore status is WITHDRAWN" name="&lt;AuditStoreDetails/&gt; is rendered correctly wwhere AuditStore status is WITHDRAWN" time="0.016">
    </testcase>
    <testcase classname="&lt;AuditStoreDetails/&gt; is rendered correctly wwhere AuditStore status is FAILED" name="&lt;AuditStoreDetails/&gt; is rendered correctly wwhere AuditStore status is FAILED" time="0.016">
    </testcase>
    <testcase classname="&lt;AuditStoreDetails/&gt; calls qaOk when QA OK button is clicked" name="&lt;AuditStoreDetails/&gt; calls qaOk when QA OK button is clicked" time="0.015">
    </testcase>
  </testsuite>
  <testsuite name="ReportBrowser3" errors="0" failures="0" skipped="0" timestamp="2024-04-11T11:07:50" time="0.644" tests="6">
    <testcase classname="ReportBrowser3 calls fetchReportsByAuditCycleId when it is mounted" name="ReportBrowser3 calls fetchReportsByAuditCycleId when it is mounted" time="0">
    </testcase>
    <testcase classname="ReportBrowser3 calls fetchReportsByAuditCycleId when selected cycle changes" name="ReportBrowser3 calls fetchReportsByAuditCycleId when selected cycle changes" time="0">
    </testcase>
    <testcase classname="ReportBrowser3 renders the audit store table with correct props" name="ReportBrowser3 renders the audit store table with correct props" time="0">
    </testcase>
    <testcase classname="ReportBrowser3 does not render the report attribute filters when the user is not a client admin" name="ReportBrowser3 does not render the report attribute filters when the user is not a client admin" time="0">
    </testcase>
    <testcase classname="ReportBrowser3 renders a message when there are no audit cycles" name="ReportBrowser3 renders a message when there are no audit cycles" time="0">
    </testcase>
    <testcase classname="ReportBrowser3 renders a loading widget when no cycle is selected" name="ReportBrowser3 renders a loading widget when no cycle is selected" time="0.016">
    </testcase>
  </testsuite>
  <testsuite name="&lt;AuditStoreReport/&gt;" errors="0" failures="0" skipped="0" timestamp="2024-04-11T11:07:51" time="0.533" tests="1">
    <testcase classname="&lt;AuditStoreReport/&gt; computes editable correctly for all the statuses" name="&lt;AuditStoreReport/&gt; computes editable correctly for all the statuses" time="0.125">
    </testcase>
  </testsuite>
  <testsuite name="&lt;StoreTrends/&gt;" errors="0" failures="0" skipped="0" timestamp="2024-04-11T11:07:51" time="0.403" tests="4">
    <testcase classname="&lt;StoreTrends/&gt; it fetches the questionnaire types" name="&lt;StoreTrends/&gt; it fetches the questionnaire types" time="0">
    </testcase>
    <testcase classname="&lt;StoreTrends/&gt; it fetches the store by ID" name="&lt;StoreTrends/&gt; it fetches the store by ID" time="0">
    </testcase>
    <testcase classname="&lt;StoreTrends/&gt; selects the questionnaire type based on Store type" name="&lt;StoreTrends/&gt; selects the questionnaire type based on Store type" time="0.016">
    </testcase>
    <testcase classname="&lt;StoreTrends/&gt; selects the first questionnaire type based on when store type is not found" name="&lt;StoreTrends/&gt; selects the first questionnaire type based on when store type is not found" time="0.016">
    </testcase>
  </testsuite>
  <testsuite name="&lt;QuestionRow/&gt;" errors="0" failures="0" skipped="0" timestamp="2024-04-11T11:07:52" time="0.283" tests="2">
    <testcase classname="&lt;QuestionRow/&gt; renders the question row correctly when answer has 0 marks" name="&lt;QuestionRow/&gt; renders the question row correctly when answer has 0 marks" time="0.016">
    </testcase>
    <testcase classname="&lt;QuestionRow/&gt; renders the question row correctly when answer has non 0 marks" name="&lt;QuestionRow/&gt; renders the question row correctly when answer has non 0 marks" time="0">
    </testcase>
  </testsuite>
  <testsuite name="&lt;AuditCycleTimeSeries/&gt;" errors="0" failures="0" skipped="0" timestamp="2024-04-11T11:07:52" time="0.414" tests="3">
    <testcase classname="&lt;AuditCycleTimeSeries/&gt; renders the chart correctly" name="&lt;AuditCycleTimeSeries/&gt; renders the chart correctly" time="0.016">
    </testcase>
    <testcase classname="&lt;AuditCycleTimeSeries/&gt; calls fetchAuditCyclesTimeSeries with the correct ID" name="&lt;AuditCycleTimeSeries/&gt; calls fetchAuditCyclesTimeSeries with the correct ID" time="0.016">
    </testcase>
    <testcase classname="&lt;AuditCycleTimeSeries/&gt; renders the data popup correctly when the button is clicked" name="&lt;AuditCycleTimeSeries/&gt; renders the data popup correctly when the button is clicked" time="0.021">
    </testcase>
  </testsuite>
  <testsuite name="&lt;StorePerformance/&gt;" errors="0" failures="0" skipped="0" timestamp="2024-04-11T11:07:53" time="0.33" tests="3">
    <testcase classname="&lt;StorePerformance/&gt; renders the StorePerformance chart correctly" name="&lt;StorePerformance/&gt; renders the StorePerformance chart correctly" time="0.015">
    </testcase>
    <testcase classname="&lt;StorePerformance/&gt; calls fetchStorePerformance with the correct store and questionnaire type id" name="&lt;StorePerformance/&gt; calls fetchStorePerformance with the correct store and questionnaire type id" time="0">
    </testcase>
    <testcase classname="&lt;StorePerformance/&gt; calls fetchStorePerformance when the props are changed" name="&lt;StorePerformance/&gt; calls fetchStorePerformance when the props are changed" time="0.016">
    </testcase>
  </testsuite>
  <testsuite name="AUDIT_STORE_ID_QA_OK" errors="0" failures="0" skipped="0" timestamp="2024-04-11T11:07:53" time="0.628" tests="6">
    <testcase classname="AUDIT_STORE_ID_QA_OK it clears the global error on request status" name="AUDIT_STORE_ID_QA_OK it clears the global error on request status" time="0">
    </testcase>
    <testcase classname="AUDIT_STORE_ID_QA_OK it sets the auditStore on success status" name="AUDIT_STORE_ID_QA_OK it sets the auditStore on success status" time="0.016">
    </testcase>
    <testcase classname="AUDIT_STORE_ID_QA_OK it sets the global errors on error status" name="AUDIT_STORE_ID_QA_OK it sets the global errors on error status" time="0">
    </testcase>
    <testcase classname="AUDIT_STORE_ID_PM_REVERT it clears the global error on request status" name="AUDIT_STORE_ID_PM_REVERT it clears the global error on request status" time="0">
    </testcase>
    <testcase classname="AUDIT_STORE_ID_PM_REVERT it sets the auditStore on success status" name="AUDIT_STORE_ID_PM_REVERT it sets the auditStore on success status" time="0">
    </testcase>
    <testcase classname="AUDIT_STORE_ID_PM_REVERT it sets the global errors on error status" name="AUDIT_STORE_ID_PM_REVERT it sets the global errors on error status" time="0">
    </testcase>
  </testsuite>
  <testsuite name="&lt;AttachmentDisplayBox/&gt;" errors="0" failures="0" skipped="0" timestamp="2024-04-11T11:07:54" time="0.393" tests="9">
    <testcase classname="&lt;AttachmentDisplayBox/&gt; computes editable correctly when status is ASSIGNED" name="&lt;AttachmentDisplayBox/&gt; computes editable correctly when status is ASSIGNED" time="0.016">
    </testcase>
    <testcase classname="&lt;AttachmentDisplayBox/&gt; computes editable correctly when status is ACKNOWLEDGED" name="&lt;AttachmentDisplayBox/&gt; computes editable correctly when status is ACKNOWLEDGED" time="0">
    </testcase>
    <testcase classname="&lt;AttachmentDisplayBox/&gt; computes editable correctly when status is SUBMITTED" name="&lt;AttachmentDisplayBox/&gt; computes editable correctly when status is SUBMITTED" time="0.015">
    </testcase>
    <testcase classname="&lt;AttachmentDisplayBox/&gt; computes editable correctly when status is PM_REVIEW" name="&lt;AttachmentDisplayBox/&gt; computes editable correctly when status is PM_REVIEW" time="0">
    </testcase>
    <testcase classname="&lt;AttachmentDisplayBox/&gt; computes editable correctly when status is COMPLETED" name="&lt;AttachmentDisplayBox/&gt; computes editable correctly when status is COMPLETED" time="0.016">
    </testcase>
    <testcase classname="&lt;AttachmentDisplayBox/&gt; computes editable correctly when status is ACCEPTED" name="&lt;AttachmentDisplayBox/&gt; computes editable correctly when status is ACCEPTED" time="0">
    </testcase>
    <testcase classname="&lt;AttachmentDisplayBox/&gt; computes editable correctly when status is REJECTED" name="&lt;AttachmentDisplayBox/&gt; computes editable correctly when status is REJECTED" time="0.016">
    </testcase>
    <testcase classname="&lt;AttachmentDisplayBox/&gt; computes editable correctly when status is WITHDRAWN" name="&lt;AttachmentDisplayBox/&gt; computes editable correctly when status is WITHDRAWN" time="0">
    </testcase>
    <testcase classname="&lt;AttachmentDisplayBox/&gt; computes editable correctly when status is FAILED" name="&lt;AttachmentDisplayBox/&gt; computes editable correctly when status is FAILED" time="0.015">
    </testcase>
  </testsuite>
  <testsuite name="&lt;AuditorRow/&gt;" errors="0" failures="0" skipped="0" timestamp="2024-04-11T11:07:54" time="0.518" tests="6">
    <testcase classname="&lt;AuditorRow/&gt; renders the list of auditors correctly" name="&lt;AuditorRow/&gt; renders the list of auditors correctly" time="0.016">
    </testcase>
    <testcase classname="&lt;AuditorList /&gt; passes loading to false by default" name="&lt;AuditorList /&gt; passes loading to false by default" time="0">
    </testcase>
    <testcase classname="&lt;AuditorList /&gt;  renders jumbotron by default" name="&lt;AuditorList /&gt;  renders jumbotron by default" time="0.015">
    </testcase>
    <testcase classname="&lt;AuditorList /&gt; it calls prevent default when form is submitted" name="&lt;AuditorList /&gt; it calls prevent default when form is submitted" time="0.048">
    </testcase>
    <testcase classname="&lt;AuditorList /&gt; calls search auditor with search text" name="&lt;AuditorList /&gt; calls search auditor with search text" time="0.031">
    </testcase>
    <testcase classname="&lt;AuditorList /&gt; renders rows based on search result" name="&lt;AuditorList /&gt; renders rows based on search result" time="0.031">
    </testcase>
  </testsuite>
  <testsuite name="&lt;ExpandableDetails/&gt;" errors="0" failures="0" skipped="0" timestamp="2024-04-11T11:07:55" time="0.236" tests="4">
    <testcase classname="&lt;ExpandableDetails/&gt; renders a non expanded inner element" name="&lt;ExpandableDetails/&gt; renders a non expanded inner element" time="0">
    </testcase>
    <testcase classname="&lt;ExpandableDetails/&gt; is collased by default" name="&lt;ExpandableDetails/&gt; is collased by default" time="0.016">
    </testcase>
    <testcase classname="&lt;ExpandableDetails/&gt; expands the inner element on click" name="&lt;ExpandableDetails/&gt; expands the inner element on click" time="0">
    </testcase>
    <testcase classname="&lt;ExpandableDetails/&gt; collapses the inner element on the second click" name="&lt;ExpandableDetails/&gt; collapses the inner element on the second click" time="0">
    </testcase>
  </testsuite>
  <testsuite name="&lt;BankInfoForm/&gt;" errors="0" failures="0" skipped="0" timestamp="2024-04-11T11:07:55" time="0.33" tests="4">
    <testcase classname="&lt;BankInfoForm/&gt; is rendered correctly when BankInfo is loading" name="&lt;BankInfoForm/&gt; is rendered correctly when BankInfo is loading" time="0.01">
    </testcase>
    <testcase classname="&lt;BankInfoForm/&gt; is rendered correctly when BankInfo is successfully returned" name="&lt;BankInfoForm/&gt; is rendered correctly when BankInfo is successfully returned" time="0.006">
    </testcase>
    <testcase classname="&lt;BankInfoForm/&gt; calls fetchBankInfo() on mounting" name="&lt;BankInfoForm/&gt; calls fetchBankInfo() on mounting" time="0">
    </testcase>
    <testcase classname="&lt;BankInfoForm/&gt; renders inputs with loaded BankInfo" name="&lt;BankInfoForm/&gt; renders inputs with loaded BankInfo" time="0.016">
    </testcase>
  </testsuite>
  <testsuite name="&lt;FailReportMessageForm/&gt;" errors="0" failures="0" skipped="0" timestamp="2024-04-11T11:07:55" time="0.354" tests="6">
    <testcase classname="&lt;FailReportMessageForm/&gt; is rendered correctly when the AuditStore is loading" name="&lt;FailReportMessageForm/&gt; is rendered correctly when the AuditStore is loading" time="0.016">
    </testcase>
    <testcase classname="&lt;FailReportMessageForm/&gt; renders the failure message pre-filled" name="&lt;FailReportMessageForm/&gt; renders the failure message pre-filled" time="0">
    </testcase>
    <testcase classname="&lt;FailReportMessageForm/&gt; prevents default form action when the form is submitted" name="&lt;FailReportMessageForm/&gt; prevents default form action when the form is submitted" time="0.015">
    </testcase>
    <testcase classname="&lt;FailReportMessageForm/&gt; calls onSubmit when the form is submitted" name="&lt;FailReportMessageForm/&gt; calls onSubmit when the form is submitted" time="0.019">
    </testcase>
    <testcase classname="&lt;FailReportMessageForm/&gt; updates the form when the message is changed" name="&lt;FailReportMessageForm/&gt; updates the form when the message is changed" time="0.013">
    </testcase>
    <testcase classname="&lt;FailReportMessageForm/&gt; closes modal and redirects when report is failed successful" name="&lt;FailReportMessageForm/&gt; closes modal and redirects when report is failed successful" time="0">
    </testcase>
  </testsuite>
  <testsuite name="&lt;AuditList/&gt;" errors="0" failures="0" skipped="0" timestamp="2024-04-11T11:07:56" time="0.44" tests="3">
    <testcase classname="&lt;AuditList/&gt; renders the correct number of priority filter options" name="&lt;AuditList/&gt; renders the correct number of priority filter options" time="0">
    </testcase>
    <testcase classname="&lt;AuditList/&gt; renders the correct number of audit date filter options" name="&lt;AuditList/&gt; renders the correct number of audit date filter options" time="0.015">
    </testcase>
    <testcase classname="&lt;AuditList/&gt; renders the correct number of city filter options" name="&lt;AuditList/&gt; renders the correct number of city filter options" time="0">
    </testcase>
  </testsuite>
  <testsuite name="&lt;AuditCyclePaymentList/&gt;" errors="0" failures="0" skipped="0" timestamp="2024-04-11T11:07:56" time="0.424" tests="8">
    <testcase classname="&lt;AuditCyclePaymentList/&gt; it calls findPaymentsByAuditCycleId with the correct id" name="&lt;AuditCyclePaymentList/&gt; it calls findPaymentsByAuditCycleId with the correct id" time="0">
    </testcase>
    <testcase classname="&lt;AuditCyclePaymentList/&gt; it renders the correct number of rows when a payment is paid" name="&lt;AuditCyclePaymentList/&gt; it renders the correct number of rows when a payment is paid" time="0.032">
    </testcase>
    <testcase classname="&lt;AuditCyclePaymentList/&gt; it renders the correct number of rows when a payment is failed" name="&lt;AuditCyclePaymentList/&gt; it renders the correct number of rows when a payment is failed" time="0.031">
    </testcase>
    <testcase classname="&lt;PaymentRow/&gt; renders the row correctly for status PENDING" name="&lt;PaymentRow/&gt; renders the row correctly for status PENDING" time="0.016">
    </testcase>
    <testcase classname="&lt;PaymentRow/&gt; renders the row correctly for status PAID" name="&lt;PaymentRow/&gt; renders the row correctly for status PAID" time="0">
    </testcase>
    <testcase classname="&lt;PaymentRow/&gt; renders the row correctly for status FAILED" name="&lt;PaymentRow/&gt; renders the row correctly for status FAILED" time="0">
    </testcase>
    <testcase classname="&lt;PaymentRow/&gt; calls fail when fail button is clicked" name="&lt;PaymentRow/&gt; calls fail when fail button is clicked" time="0">
    </testcase>
    <testcase classname="&lt;PaymentRow/&gt; calls pay when pay button is clicked" name="&lt;PaymentRow/&gt; calls pay when pay button is clicked" time="0.015">
    </testcase>
  </testsuite>
  <testsuite name="&lt;__AuditRow/&gt;" errors="0" failures="0" skipped="0" timestamp="2024-04-11T11:07:57" time="0.282" tests="1">
    <testcase classname="&lt;__AuditRow/&gt; renders priority column" name="&lt;__AuditRow/&gt; renders priority column" time="0">
    </testcase>
  </testsuite>
  <testsuite name="CLIENT_USER_STORE_VISIBILITY" errors="0" failures="0" skipped="0" timestamp="2024-04-11T11:07:57" time="0.235" tests="1">
    <testcase classname="CLIENT_USER_STORE_VISIBILITY sets the given client users for the store ID" name="CLIENT_USER_STORE_VISIBILITY sets the given client users for the store ID" time="0">
    </testcase>
  </testsuite>
  <testsuite name="OptionBuilder" errors="0" failures="0" skipped="0" timestamp="2024-04-11T11:07:57" time="0.439" tests="11">
    <testcase classname="OptionBuilder when there are no options specified renders default options" name="OptionBuilder when there are no options specified renders default options" time="0">
    </testcase>
    <testcase classname="OptionBuilder when there are options specified renders given options" name="OptionBuilder when there are options specified renders given options" time="0">
    </testcase>
    <testcase classname="OptionBuilder when the add button is pressed adds another option row" name="OptionBuilder when the add button is pressed adds another option row" time="0.016">
    </testcase>
    <testcase classname="OptionBuilder when the add button is pressed increments the sequence" name="OptionBuilder when the add button is pressed increments the sequence" time="0">
    </testcase>
    <testcase classname="OptionBuilder when the add button is pressed adds empty option" name="OptionBuilder when the add button is pressed adds empty option" time="0.016">
    </testcase>
    <testcase classname="OptionBuilder when the add button is pressed adds zero marks" name="OptionBuilder when the add button is pressed adds zero marks" time="0">
    </testcase>
    <testcase classname="OptionBuilder when the delete button is pressed deletes the row" name="OptionBuilder when the delete button is pressed deletes the row" time="0.015">
    </testcase>
    <testcase classname="OptionBuilder when all options are deleted renders a message" name="OptionBuilder when all options are deleted renders a message" time="0">
    </testcase>
    <testcase classname="OptionBuilder when the options are changed updates the sequence to 34" name="OptionBuilder when the options are changed updates the sequence to 34" time="0">
    </testcase>
    <testcase classname="OptionBuilder when the options are changed updates the value to Bestest" name="OptionBuilder when the options are changed updates the value to Bestest" time="0.016">
    </testcase>
    <testcase classname="OptionBuilder when the options are changed updates the marks to 43" name="OptionBuilder when the options are changed updates the marks to 43" time="0">
    </testcase>
  </testsuite>
  <testsuite name="&lt;QuestionnaireTypeEditForm/&gt;" errors="0" failures="0" skipped="0" timestamp="2024-04-11T11:07:58" time="0.453" tests="7">
    <testcase classname="&lt;QuestionnaireTypeEditForm/&gt; calls fetchQuestionnaireType when form is mounted" name="&lt;QuestionnaireTypeEditForm/&gt; calls fetchQuestionnaireType when form is mounted" time="0">
    </testcase>
    <testcase classname="&lt;QuestionnaireTypeEditForm/&gt; renders nothing while form is being loaded" name="&lt;QuestionnaireTypeEditForm/&gt; renders nothing while form is being loaded" time="0">
    </testcase>
    <testcase classname="&lt;QuestionnaireTypeEditForm/&gt; sets the form initialValues when the questionnaireType is loaded" name="&lt;QuestionnaireTypeEditForm/&gt; sets the form initialValues when the questionnaireType is loaded" time="0.015">
    </testcase>
    <testcase classname="&lt;QuestionnaireTypeEditForm/&gt; when the save is successful calls saveQuestionnaireType when form is submitted" name="&lt;QuestionnaireTypeEditForm/&gt; when the save is successful calls saveQuestionnaireType when form is submitted" time="0.016">
    </testcase>
    <testcase classname="&lt;QuestionnaireTypeEditForm/&gt; when the save is successful closes the form and navigates to the list when questionnaire type is saved" name="&lt;QuestionnaireTypeEditForm/&gt; when the save is successful closes the form and navigates to the list when questionnaire type is saved" time="0.016">
    </testcase>
    <testcase classname="&lt;QuestionnaireTypeEditForm/&gt; when the save is successful goes back when the form is closed" name="&lt;QuestionnaireTypeEditForm/&gt; when the save is successful goes back when the form is closed" time="0.015">
    </testcase>
    <testcase classname="&lt;QuestionnaireTypeEditForm/&gt; when the saving fails renders the errors when the save fails" name="&lt;QuestionnaireTypeEditForm/&gt; when the saving fails renders the errors when the save fails" time="0.032">
    </testcase>
  </testsuite>
  <testsuite name="&lt;Header/&gt;" errors="0" failures="0" skipped="0" timestamp="2024-04-11T11:07:58" time="0.346" tests="1">
    <testcase classname="&lt;Header/&gt; is rendered correctly" name="&lt;Header/&gt; is rendered correctly" time="0.015">
    </testcase>
  </testsuite>
  <testsuite name="&lt;__SectionCopyForm/&gt;" errors="0" failures="0" skipped="0" timestamp="2024-04-11T11:07:59" time="0.314" tests="7">
    <testcase classname="&lt;__SectionCopyForm/&gt; renders the list of audit cycles" name="&lt;__SectionCopyForm/&gt; renders the list of audit cycles" time="0">
    </testcase>
    <testcase classname="&lt;__SectionCopyForm/&gt; calls fetchAuditCycles propw when the form is loaded" name="&lt;__SectionCopyForm/&gt; calls fetchAuditCycles propw when the form is loaded" time="0">
    </testcase>
    <testcase classname="&lt;__SectionCopyForm/&gt; calls copySectionsFromTo when the form is submitted" name="&lt;__SectionCopyForm/&gt; calls copySectionsFromTo when the form is submitted" time="0.016">
    </testcase>
    <testcase classname="&lt;__SectionCopyForm/&gt; calls form.preventDefault when the form is submitted" name="&lt;__SectionCopyForm/&gt; calls form.preventDefault when the form is submitted" time="0">
    </testcase>
    <testcase classname="&lt;__SectionCopyForm/&gt; displays the errors when there is an error" name="&lt;__SectionCopyForm/&gt; displays the errors when there is an error" time="0.015">
    </testcase>
    <testcase classname="&lt;__SectionCopyForm/&gt; navigates to the questionnaire when the form is submitted successfully" name="&lt;__SectionCopyForm/&gt; navigates to the questionnaire when the form is submitted successfully" time="0">
    </testcase>
    <testcase classname="&lt;__SectionCopyForm/&gt; navigates back if the modal is closed" name="&lt;__SectionCopyForm/&gt; navigates back if the modal is closed" time="0">
    </testcase>
  </testsuite>
  <testsuite name="&lt;AuditStoreReimbursementForm/&gt;" errors="0" failures="0" skipped="0" timestamp="2024-04-11T11:07:59" time="0.408" tests="7">
    <testcase classname="&lt;AuditStoreReimbursementForm/&gt; is loading initially" name="&lt;AuditStoreReimbursementForm/&gt; is loading initially" time="0.016">
    </testcase>
    <testcase classname="&lt;AuditStoreReimbursementForm/&gt; calls findById with the correct auditStoreId" name="&lt;AuditStoreReimbursementForm/&gt; calls findById with the correct auditStoreId" time="0">
    </testcase>
    <testcase classname="&lt;AuditStoreReimbursementForm/&gt; disables loading when the auditStore has been loaded" name="&lt;AuditStoreReimbursementForm/&gt; disables loading when the auditStore has been loaded" time="0">
    </testcase>
    <testcase classname="&lt;AuditStoreReimbursementForm/&gt; prefills the earnings per audit correctly in the form" name="&lt;AuditStoreReimbursementForm/&gt; prefills the earnings per audit correctly in the form" time="0.015">
    </testcase>
    <testcase classname="&lt;AuditStoreReimbursementForm/&gt; calls setReimbursement when the form is submitted" name="&lt;AuditStoreReimbursementForm/&gt; calls setReimbursement when the form is submitted" time="0.016">
    </testcase>
    <testcase classname="&lt;AuditStoreReimbursementForm/&gt; closes the page when setReimbursement returns successfully" name="&lt;AuditStoreReimbursementForm/&gt; closes the page when setReimbursement returns successfully" time="0.032">
    </testcase>
    <testcase classname="&lt;AuditStoreReimbursementForm/&gt; sets the errors correctly when setReimbursement fails" name="&lt;AuditStoreReimbursementForm/&gt; sets the errors correctly when setReimbursement fails" time="0.031">
    </testcase>
  </testsuite>
  <testsuite name="&lt;QuestionnaireTypeEditForm/&gt;" errors="0" failures="0" skipped="0" timestamp="2024-04-11T11:07:59" time="0.409" tests="7">
    <testcase classname="&lt;QuestionnaireTypeEditForm/&gt; calls fetchQuestionnaireType when form is mounted" name="&lt;QuestionnaireTypeEditForm/&gt; calls fetchQuestionnaireType when form is mounted" time="0.015">
    </testcase>
    <testcase classname="&lt;QuestionnaireTypeEditForm/&gt; renders nothing while form is being loaded" name="&lt;QuestionnaireTypeEditForm/&gt; renders nothing while form is being loaded" time="0">
    </testcase>
    <testcase classname="&lt;QuestionnaireTypeEditForm/&gt; sets the form initialValues when the questionnaireType is loaded" name="&lt;QuestionnaireTypeEditForm/&gt; sets the form initialValues when the questionnaireType is loaded" time="0">
    </testcase>
    <testcase classname="&lt;QuestionnaireTypeEditForm/&gt; when the save is successful calls saveQuestionnaireType when form is submitted" name="&lt;QuestionnaireTypeEditForm/&gt; when the save is successful calls saveQuestionnaireType when form is submitted" time="0.016">
    </testcase>
    <testcase classname="&lt;QuestionnaireTypeEditForm/&gt; when the save is successful closes the form and navigates to the list when questionnaire type is saved" name="&lt;QuestionnaireTypeEditForm/&gt; when the save is successful closes the form and navigates to the list when questionnaire type is saved" time="0.032">
    </testcase>
    <testcase classname="&lt;QuestionnaireTypeEditForm/&gt; when the save is successful goes back when the form is closed" name="&lt;QuestionnaireTypeEditForm/&gt; when the save is successful goes back when the form is closed" time="0.015">
    </testcase>
    <testcase classname="&lt;QuestionnaireTypeEditForm/&gt; when the saving fails renders the errors when the save fails" name="&lt;QuestionnaireTypeEditForm/&gt; when the saving fails renders the errors when the save fails" time="0.032">
    </testcase>
  </testsuite>
  <testsuite name="&lt;__QuestionnaireTypeForm/&gt;" errors="0" failures="0" skipped="0" timestamp="2024-04-11T11:08:00" time="0.345" tests="9">
    <testcase classname="&lt;__QuestionnaireTypeForm/&gt; renders correctly" name="&lt;__QuestionnaireTypeForm/&gt; renders correctly" time="0.012">
    </testcase>
    <testcase classname="&lt;__QuestionnaireTypeForm/&gt; renders initial values correctly" name="&lt;__QuestionnaireTypeForm/&gt; renders initial values correctly" time="0">
    </testcase>
    <testcase classname="&lt;__QuestionnaireTypeForm/&gt; calls onSubmit prop when save button is clicked" name="&lt;__QuestionnaireTypeForm/&gt; calls onSubmit prop when save button is clicked" time="0">
    </testcase>
    <testcase classname="&lt;__QuestionnaireTypeForm/&gt; calls onSubmit prop with correct name and is_default" name="&lt;__QuestionnaireTypeForm/&gt; calls onSubmit prop with correct name and is_default" time="0.015">
    </testcase>
    <testcase classname="&lt;__QuestionnaireTypeForm/&gt; calls onClose prop when Modal close button is clicked" name="&lt;__QuestionnaireTypeForm/&gt; calls onClose prop when Modal close button is clicked" time="0.016">
    </testcase>
    <testcase classname="&lt;QuestionnaireTypeForm/&gt; when the save is successful calls createQuestionnaireType when form is submitted" name="&lt;QuestionnaireTypeForm/&gt; when the save is successful calls createQuestionnaireType when form is submitted" time="0">
    </testcase>
    <testcase classname="&lt;QuestionnaireTypeForm/&gt; when the save is successful closes the form and navigates to list when questionnaire type is created" name="&lt;QuestionnaireTypeForm/&gt; when the save is successful closes the form and navigates to list when questionnaire type is created" time="0">
    </testcase>
    <testcase classname="&lt;QuestionnaireTypeForm/&gt; when the save is successful goes back when the form is closed" name="&lt;QuestionnaireTypeForm/&gt; when the save is successful goes back when the form is closed" time="0">
    </testcase>
    <testcase classname="&lt;QuestionnaireTypeForm/&gt; when the saving fails renders the errors when the save fails" name="&lt;QuestionnaireTypeForm/&gt; when the saving fails renders the errors when the save fails" time="0.031">
    </testcase>
  </testsuite>
  <testsuite name="&lt;AuditStoreReimbursementForm/&gt;" errors="0" failures="0" skipped="0" timestamp="2024-04-11T11:08:00" time="0.36" tests="8">
    <testcase classname="&lt;AuditStoreReimbursementForm/&gt; is rendered correctly when the AuditStore is loading" name="&lt;AuditStoreReimbursementForm/&gt; is rendered correctly when the AuditStore is loading" time="0">
    </testcase>
    <testcase classname="&lt;AuditStoreReimbursementForm/&gt; renders the earnings per audit pre-filled" name="&lt;AuditStoreReimbursementForm/&gt; renders the earnings per audit pre-filled" time="0">
    </testcase>
    <testcase classname="&lt;AuditStoreReimbursementForm/&gt; prevents default form action when the form is submitted" name="&lt;AuditStoreReimbursementForm/&gt; prevents default form action when the form is submitted" time="0.016">
    </testcase>
    <testcase classname="&lt;AuditStoreReimbursementForm/&gt; calls onSubmit when the form is submitted" name="&lt;AuditStoreReimbursementForm/&gt; calls onSubmit when the form is submitted" time="0">
    </testcase>
    <testcase classname="&lt;AuditStoreReimbursementForm/&gt; updates the form when the amount is changed" name="&lt;AuditStoreReimbursementForm/&gt; updates the form when the amount is changed" time="0.015">
    </testcase>
    <testcase classname="&lt;AuditStoreReimbursementForm/&gt; closes modal and redirects when the save is successful" name="&lt;AuditStoreReimbursementForm/&gt; closes modal and redirects when the save is successful" time="0">
    </testcase>
    <testcase classname="&lt;AuditStoreReimbursementForm/&gt; sets the errors correctly the save fails" name="&lt;AuditStoreReimbursementForm/&gt; sets the errors correctly the save fails" time="0.016">
    </testcase>
    <testcase classname="&lt;AuditStoreReimbursementForm/&gt; does not close the modal when the save fails" name="&lt;AuditStoreReimbursementForm/&gt; does not close the modal when the save fails" time="0.015">
    </testcase>
  </testsuite>
  <testsuite name="&lt;__QuestionnaireTypeList/&gt;" errors="0" failures="0" skipped="0" timestamp="2024-04-11T11:08:01" time="0.413" tests="11">
    <testcase classname="&lt;__QuestionnaireTypeList/&gt; renders correctly when questionnaire types are loading" name="&lt;__QuestionnaireTypeList/&gt; renders correctly when questionnaire types are loading" time="0.011">
    </testcase>
    <testcase classname="&lt;__QuestionnaireTypeList/&gt; renders correctly when questionnaire types are loaded" name="&lt;__QuestionnaireTypeList/&gt; renders correctly when questionnaire types are loaded" time="0">
    </testcase>
    <testcase classname="&lt;__QuestionnaireTypeList/&gt; renders correctly when questionnaire types are empty" name="&lt;__QuestionnaireTypeList/&gt; renders correctly when questionnaire types are empty" time="0">
    </testcase>
    <testcase classname="&lt;__QuestionnaireTypeList/&gt; calls onDelete prop when the delete button is clicked" name="&lt;__QuestionnaireTypeList/&gt; calls onDelete prop when the delete button is clicked" time="0">
    </testcase>
    <testcase classname="&lt;QuestionnaireTypeList/&gt; calls fetchQuestionnaireTypes" name="&lt;QuestionnaireTypeList/&gt; calls fetchQuestionnaireTypes" time="0">
    </testcase>
    <testcase classname="&lt;QuestionnaireTypeList/&gt; calls fetchQuestionnaireTypes when props are changed" name="&lt;QuestionnaireTypeList/&gt; calls fetchQuestionnaireTypes when props are changed" time="0.016">
    </testcase>
    <testcase classname="&lt;QuestionnaireTypeList/&gt; passes loading to true while data is loading" name="&lt;QuestionnaireTypeList/&gt; passes loading to true while data is loading" time="0">
    </testcase>
    <testcase classname="&lt;QuestionnaireTypeList/&gt; passes loading as false once data is loaded" name="&lt;QuestionnaireTypeList/&gt; passes loading as false once data is loaded" time="0.015">
    </testcase>
    <testcase classname="&lt;QuestionnaireTypeList/&gt; passes loaded questionnaire types as props to __QuestionnaireTypeList" name="&lt;QuestionnaireTypeList/&gt; passes loaded questionnaire types as props to __QuestionnaireTypeList" time="0.016">
    </testcase>
    <testcase classname="&lt;QuestionnaireTypeList/&gt; calls deleteQuestionnaireType with the correct id" name="&lt;QuestionnaireTypeList/&gt; calls deleteQuestionnaireType with the correct id" time="0.016">
    </testcase>
    <testcase classname="&lt;QuestionnaireTypeList/&gt; calls fetchQuestionnaireTypes after deleting an item" name="&lt;QuestionnaireTypeList/&gt; calls fetchQuestionnaireTypes after deleting an item" time="0.031">
    </testcase>
  </testsuite>
  <testsuite name="&lt;AuditCycleForm/&gt;" errors="0" failures="0" skipped="0" timestamp="2024-04-11T11:08:01" time="0.44" tests="2">
    <testcase classname="&lt;AuditCycleForm/&gt; renders an empty form correctly" name="&lt;AuditCycleForm/&gt; renders an empty form correctly" time="0.063">
    </testcase>
    <testcase classname="&lt;AuditCycleForm/&gt; renders the loaded values correctly" name="&lt;AuditCycleForm/&gt; renders the loaded values correctly" time="0.032">
    </testcase>
  </testsuite>
  <testsuite name="SectionEditForm" errors="0" failures="0" skipped="0" timestamp="2024-04-11T11:08:01" time="0.439" tests="5">
    <testcase classname="SectionEditForm calls the loadSectionEditForm prop" name="SectionEditForm calls the loadSectionEditForm prop" time="0">
    </testcase>
    <testcase classname="SectionEditForm renders a pre-filled form" name="SectionEditForm renders a pre-filled form" time="0">
    </testcase>
    <testcase classname="SectionEditForm when the form is submitted calls the saveSectionEditForm prop with the form values" name="SectionEditForm when the form is submitted calls the saveSectionEditForm prop with the form values" time="0.016">
    </testcase>
    <testcase classname="SectionEditForm when the form is submitted calls preventDefault on the form event" name="SectionEditForm when the form is submitted calls preventDefault on the form event" time="0">
    </testcase>
    <testcase classname="SectionEditForm when the form is submitted navigates to the questionnaire" name="SectionEditForm when the form is submitted navigates to the questionnaire" time="0">
    </testcase>
  </testsuite>
  <testsuite name="&lt;AuditCycleForm/&gt;" errors="0" failures="0" skipped="0" timestamp="2024-04-11T11:08:02" time="0.361" tests="2">
    <testcase classname="&lt;AuditCycleForm/&gt; renders an empty form correctly" name="&lt;AuditCycleForm/&gt; renders an empty form correctly" time="0.047">
    </testcase>
    <testcase classname="&lt;AuditCycleForm/&gt; renders the loaded values correctly" name="&lt;AuditCycleForm/&gt; renders the loaded values correctly" time="0.047">
    </testcase>
  </testsuite>
  <testsuite name="section reducer" errors="0" failures="0" skipped="0" timestamp="2024-04-11T11:08:02" time="0.25" tests="4">
    <testcase classname="section reducer SECTION_ID_GET updates the given section" name="section reducer SECTION_ID_GET updates the given section" time="0">
    </testcase>
    <testcase classname="section reducer SECTION_GET updates the given sections" name="section reducer SECTION_GET updates the given sections" time="0.015">
    </testcase>
    <testcase classname="updateSection returns an action to update a given section" name="updateSection returns an action to update a given section" time="0">
    </testcase>
    <testcase classname="updateSections returns an action to update the given sections" name="updateSections returns an action to update the given sections" time="0">
    </testcase>
  </testsuite>
  <testsuite name="&lt;AuditStoreQARatingForm/&gt;" errors="0" failures="0" skipped="0" timestamp="2024-04-11T11:08:03" time="0.408" tests="9">
    <testcase classname="&lt;AuditStoreQARatingForm/&gt; is rendered correctly when the AuditStore is loading" name="&lt;AuditStoreQARatingForm/&gt; is rendered correctly when the AuditStore is loading" time="0">
    </testcase>
    <testcase classname="&lt;AuditStoreQARatingForm/&gt; is rendered correctly when AuditStore is not rated" name="&lt;AuditStoreQARatingForm/&gt; is rendered correctly when AuditStore is not rated" time="0">
    </testcase>
    <testcase classname="&lt;AuditStoreQARatingForm/&gt; is rendered correctly when AuditStore is already rated" name="&lt;AuditStoreQARatingForm/&gt; is rendered correctly when AuditStore is already rated" time="0">
    </testcase>
    <testcase classname="&lt;AuditStoreQARatingForm/&gt; renders no qa_rating on mounting" name="&lt;AuditStoreQARatingForm/&gt; renders no qa_rating on mounting" time="0.015">
    </testcase>
    <testcase classname="&lt;AuditStoreQARatingForm/&gt; renders existing qa_rating on mounting" name="&lt;AuditStoreQARatingForm/&gt; renders existing qa_rating on mounting" time="0">
    </testcase>
    <testcase classname="&lt;AuditStoreQARatingForm/&gt; selects 0 rating when the Bad button is clicked" name="&lt;AuditStoreQARatingForm/&gt; selects 0 rating when the Bad button is clicked" time="0.048">
    </testcase>
    <testcase classname="&lt;AuditStoreQARatingForm/&gt; selects 1 rating when the Average button is clicked" name="&lt;AuditStoreQARatingForm/&gt; selects 1 rating when the Average button is clicked" time="0.015">
    </testcase>
    <testcase classname="&lt;AuditStoreQARatingForm/&gt; selects 2 rating when the Good button is clicked" name="&lt;AuditStoreQARatingForm/&gt; selects 2 rating when the Good button is clicked" time="0.063">
    </testcase>
    <testcase classname="&lt;AuditStoreQARatingForm/&gt; calls rate() with the correct rating and closes modal when save is clicked" name="&lt;AuditStoreQARatingForm/&gt; calls rate() with the correct rating and closes modal when save is clicked" time="0">
    </testcase>
  </testsuite>
  <testsuite name="&lt;EarningsPerAuditForm/&gt;" errors="0" failures="0" skipped="0" timestamp="2024-04-11T11:08:03" time="0.33" tests="7">
    <testcase classname="&lt;EarningsPerAuditForm/&gt; is rendered correctly when the form is loading" name="&lt;EarningsPerAuditForm/&gt; is rendered correctly when the form is loading" time="0.016">
    </testcase>
    <testcase classname="&lt;EarningsPerAuditForm/&gt; renders the earnings per audit pre-filled" name="&lt;EarningsPerAuditForm/&gt; renders the earnings per audit pre-filled" time="0">
    </testcase>
    <testcase classname="&lt;EarningsPerAuditForm/&gt; renders the errors correctly" name="&lt;EarningsPerAuditForm/&gt; renders the errors correctly" time="0">
    </testcase>
    <testcase classname="&lt;EarningsPerAuditForm/&gt; prevents default form action when the form is submitted" name="&lt;EarningsPerAuditForm/&gt; prevents default form action when the form is submitted" time="0.015">
    </testcase>
    <testcase classname="&lt;EarningsPerAuditForm/&gt; calls onSubmit when the form is submitted" name="&lt;EarningsPerAuditForm/&gt; calls onSubmit when the form is submitted" time="0">
    </testcase>
    <testcase classname="&lt;EarningsPerAuditForm/&gt; updates the form when the amount is changed" name="&lt;EarningsPerAuditForm/&gt; updates the form when the amount is changed" time="0.016">
    </testcase>
    <testcase classname="&lt;EarningsPerAuditForm/&gt; calls onClose when modal is closed" name="&lt;EarningsPerAuditForm/&gt; calls onClose when modal is closed" time="0">
    </testcase>
  </testsuite>
  <testsuite name="ModeratorSummary" errors="0" failures="0" skipped="0" timestamp="2024-04-11T11:08:04" time="0.362" tests="5">
    <testcase classname="ModeratorSummary renders the moderator summary and moderator emails" name="ModeratorSummary renders the moderator summary and moderator emails" time="0">
    </testcase>
    <testcase classname="ModeratorSummary renders a loading widget there is no summary" name="ModeratorSummary renders a loading widget there is no summary" time="0">
    </testcase>
    <testcase classname="ModeratorSummary renders the empty message when there are no rows" name="ModeratorSummary renders the empty message when there are no rows" time="0">
    </testcase>
    <testcase classname="ModeratorSummary calls fetchModerators prop when it is mounted" name="ModeratorSummary calls fetchModerators prop when it is mounted" time="0">
    </testcase>
    <testcase classname="ModeratorSummary calls fetchModeratorSummary prop when it is mounted" name="ModeratorSummary calls fetchModeratorSummary prop when it is mounted" time="0">
    </testcase>
  </testsuite>
  <testsuite name="&lt;MarkdownViewer/&gt;" errors="0" failures="0" skipped="0" timestamp="2024-04-11T11:08:04" time="0.314" tests="4">
    <testcase classname="&lt;MarkdownViewer/&gt; renders a loading widget when the Markdown module is loading" name="&lt;MarkdownViewer/&gt; renders a loading widget when the Markdown module is loading" time="0">
    </testcase>
    <testcase classname="&lt;MarkdownViewer/&gt; renders sample transformed markdown content" name="&lt;MarkdownViewer/&gt; renders sample transformed markdown content" time="0">
    </testcase>
    <testcase classname="&lt;MarkdownViewer/&gt; renders a blank when markdown is not given" name="&lt;MarkdownViewer/&gt; renders a blank when markdown is not given" time="0.016">
    </testcase>
    <testcase classname="&lt;MarkdownViewer/&gt; when the Marked module cannot be loaded renders an error message" name="&lt;MarkdownViewer/&gt; when the Marked module cannot be loaded renders an error message" time="0.031">
    </testcase>
  </testsuite>
  <testsuite name="QuestionnaireInsertForm" errors="0" failures="0" skipped="0" timestamp="2024-04-11T11:08:04" time="0.33" tests="1">
    <testcase classname="QuestionnaireInsertForm renders an empty form" name="QuestionnaireInsertForm renders an empty form" time="0.015">
    </testcase>
  </testsuite>
  <testsuite name="&lt;AuditStoreQARatingForm/&gt;" errors="0" failures="0" skipped="0" timestamp="2024-04-11T11:08:05" time="0.384" tests="9">
    <testcase classname="&lt;AuditStoreQARatingForm/&gt; is rendered correctly when the AuditStore is loading" name="&lt;AuditStoreQARatingForm/&gt; is rendered correctly when the AuditStore is loading" time="0.016">
    </testcase>
    <testcase classname="&lt;AuditStoreQARatingForm/&gt; is rendered correctly when AuditStore is not rated" name="&lt;AuditStoreQARatingForm/&gt; is rendered correctly when AuditStore is not rated" time="0">
    </testcase>
    <testcase classname="&lt;AuditStoreQARatingForm/&gt; is rendered correctly when AuditStore is already rated" name="&lt;AuditStoreQARatingForm/&gt; is rendered correctly when AuditStore is already rated" time="0.015">
    </testcase>
    <testcase classname="&lt;AuditStoreQARatingForm/&gt; renders no qa_rating on mounting" name="&lt;AuditStoreQARatingForm/&gt; renders no qa_rating on mounting" time="0">
    </testcase>
    <testcase classname="&lt;AuditStoreQARatingForm/&gt; renders existing qa_rating on mounting" name="&lt;AuditStoreQARatingForm/&gt; renders existing qa_rating on mounting" time="0">
    </testcase>
    <testcase classname="&lt;AuditStoreQARatingForm/&gt; selects 0 rating when the Bad button is clicked" name="&lt;AuditStoreQARatingForm/&gt; selects 0 rating when the Bad button is clicked" time="0.016">
    </testcase>
    <testcase classname="&lt;AuditStoreQARatingForm/&gt; selects 1 rating when the Average button is clicked" name="&lt;AuditStoreQARatingForm/&gt; selects 1 rating when the Average button is clicked" time="0.016">
    </testcase>
    <testcase classname="&lt;AuditStoreQARatingForm/&gt; selects 2 rating when the Good button is clicked" name="&lt;AuditStoreQARatingForm/&gt; selects 2 rating when the Good button is clicked" time="0">
    </testcase>
    <testcase classname="&lt;AuditStoreQARatingForm/&gt; calls rate() with the correct rating and closes modal when save is clicked" name="&lt;AuditStoreQARatingForm/&gt; calls rate() with the correct rating and closes modal when save is clicked" time="0.015">
    </testcase>
  </testsuite>
  <testsuite name="&lt;__QuestionnaireTypeForm/&gt;" errors="0" failures="0" skipped="0" timestamp="2024-04-11T11:08:05" time="0.314" tests="9">
    <testcase classname="&lt;__QuestionnaireTypeForm/&gt; renders correctly" name="&lt;__QuestionnaireTypeForm/&gt; renders correctly" time="0.016">
    </testcase>
    <testcase classname="&lt;__QuestionnaireTypeForm/&gt; renders initial values correctly" name="&lt;__QuestionnaireTypeForm/&gt; renders initial values correctly" time="0">
    </testcase>
    <testcase classname="&lt;__QuestionnaireTypeForm/&gt; calls onSubmit prop when save button is clicked" name="&lt;__QuestionnaireTypeForm/&gt; calls onSubmit prop when save button is clicked" time="0">
    </testcase>
    <testcase classname="&lt;__QuestionnaireTypeForm/&gt; calls onSubmit prop with correct name and is_default" name="&lt;__QuestionnaireTypeForm/&gt; calls onSubmit prop with correct name and is_default" time="0">
    </testcase>
    <testcase classname="&lt;__QuestionnaireTypeForm/&gt; calls onClose prop when Modal close button is clicked" name="&lt;__QuestionnaireTypeForm/&gt; calls onClose prop when Modal close button is clicked" time="0">
    </testcase>
    <testcase classname="&lt;QuestionnaireTypeForm/&gt; when the save is successful calls createQuestionnaireType when form is submitted" name="&lt;QuestionnaireTypeForm/&gt; when the save is successful calls createQuestionnaireType when form is submitted" time="0.015">
    </testcase>
    <testcase classname="&lt;QuestionnaireTypeForm/&gt; when the save is successful closes the form and navigates to list when questionnaire type is created" name="&lt;QuestionnaireTypeForm/&gt; when the save is successful closes the form and navigates to list when questionnaire type is created" time="0">
    </testcase>
    <testcase classname="&lt;QuestionnaireTypeForm/&gt; when the save is successful goes back when the form is closed" name="&lt;QuestionnaireTypeForm/&gt; when the save is successful goes back when the form is closed" time="0">
    </testcase>
    <testcase classname="&lt;QuestionnaireTypeForm/&gt; when the saving fails renders the errors when the save fails" name="&lt;QuestionnaireTypeForm/&gt; when the saving fails renders the errors when the save fails" time="0">
    </testcase>
  </testsuite>
  <testsuite name="&lt;UpcomingAuditStores/&gt;" errors="0" failures="0" skipped="0" timestamp="2024-04-11T11:08:05" time="0.313" tests="2">
    <testcase classname="&lt;UpcomingAuditStores/&gt; calls fetchUpcomingAuditStores" name="&lt;UpcomingAuditStores/&gt; calls fetchUpcomingAuditStores" time="0">
    </testcase>
    <testcase classname="&lt;UpcomingAuditStores/&gt; renders the table correctly" name="&lt;UpcomingAuditStores/&gt; renders the table correctly" time="0.015">
    </testcase>
  </testsuite>
  <testsuite name="&lt;ProjectAnalyticsMonthWise /&gt;" errors="0" failures="0" skipped="0" timestamp="2024-04-11T11:08:06" time="0.377" tests="6">
    <testcase classname="&lt;ProjectAnalyticsMonthWise /&gt; is rendered correctly when the data are loading" name="&lt;ProjectAnalyticsMonthWise /&gt; is rendered correctly when the data are loading" time="0">
    </testcase>
    <testcase classname="&lt;ProjectAnalyticsMonthWise /&gt; is rendered correctly when the data is successfully loaded" name="&lt;ProjectAnalyticsMonthWise /&gt; is rendered correctly when the data is successfully loaded" time="0">
    </testcase>
    <testcase classname="&lt;ProjectAnalyticsCycleWise /&gt; is rendered correctly when the data are loading" name="&lt;ProjectAnalyticsCycleWise /&gt; is rendered correctly when the data are loading" time="0.02">
    </testcase>
    <testcase classname="&lt;ProjectAnalyticsCycleWise /&gt; is rendered correctly when the data is successfully loaded" name="&lt;ProjectAnalyticsCycleWise /&gt; is rendered correctly when the data is successfully loaded" time="0.012">
    </testcase>
    <testcase classname="&lt;ProjectAnalyticsCycleWise /&gt; calls the analytic service correctly" name="&lt;ProjectAnalyticsCycleWise /&gt; calls the analytic service correctly" time="0">
    </testcase>
    <testcase classname="&lt;ProjectAnalyticsCycleWise /&gt; sets the state correctly once data is loaded" name="&lt;ProjectAnalyticsCycleWise /&gt; sets the state correctly once data is loaded" time="0.016">
    </testcase>
  </testsuite>
  <testsuite name="&lt;__AuditCopyForm/&gt;" errors="0" failures="0" skipped="0" timestamp="2024-04-11T11:08:06" time="0.362" tests="5">
    <testcase classname="&lt;__AuditCopyForm/&gt; renders the list of audit cycles" name="&lt;__AuditCopyForm/&gt; renders the list of audit cycles" time="0.009">
    </testcase>
    <testcase classname="&lt;__AuditCopyForm/&gt; calls fetchAuditCycles propw when the form is loaded" name="&lt;__AuditCopyForm/&gt; calls fetchAuditCycles propw when the form is loaded" time="0.002">
    </testcase>
    <testcase classname="&lt;__AuditCopyForm/&gt; calls copySectionsFromTo when the form is submitted" name="&lt;__AuditCopyForm/&gt; calls copySectionsFromTo when the form is submitted" time="0">
    </testcase>
    <testcase classname="&lt;__AuditCopyForm/&gt; calls form.preventDefault when the form is submitted" name="&lt;__AuditCopyForm/&gt; calls form.preventDefault when the form is submitted" time="0">
    </testcase>
    <testcase classname="&lt;__AuditCopyForm/&gt; calls shows when the form is submitted" name="&lt;__AuditCopyForm/&gt; calls shows when the form is submitted" time="0.016">
    </testcase>
  </testsuite>
  <testsuite name="&lt;DOBPicker/&gt;" errors="0" failures="0" skipped="0" timestamp="2024-04-11T11:08:07" time="0.408" tests="9">
    <testcase classname="&lt;DOBPicker/&gt; renders a date correctly" name="&lt;DOBPicker/&gt; renders a date correctly" time="0.016">
    </testcase>
    <testcase classname="&lt;DOBPicker/&gt; renders correctly when no date is given" name="&lt;DOBPicker/&gt; renders correctly when no date is given" time="0.005">
    </testcase>
    <testcase classname="&lt;DOBPicker/&gt; when it is disabled renders a date correctly" name="&lt;DOBPicker/&gt; when it is disabled renders a date correctly" time="0.011">
    </testcase>
    <testcase classname="&lt;DOBPicker/&gt; when it is disabled renders correctly when no date is given" name="&lt;DOBPicker/&gt; when it is disabled renders correctly when no date is given" time="0">
    </testcase>
    <testcase classname="&lt;DOBPicker/&gt; renders a date in a leap year correctly" name="&lt;DOBPicker/&gt; renders a date in a leap year correctly" time="0.016">
    </testcase>
    <testcase classname="&lt;DOBPicker/&gt; calls onChange with the correct date when the day is changed" name="&lt;DOBPicker/&gt; calls onChange with the correct date when the day is changed" time="0.031">
    </testcase>
    <testcase classname="&lt;DOBPicker/&gt; calls onChange with the correct date when the month is changed" name="&lt;DOBPicker/&gt; calls onChange with the correct date when the month is changed" time="0.016">
    </testcase>
    <testcase classname="&lt;DOBPicker/&gt; calls onChange with the correct date when the year is changed" name="&lt;DOBPicker/&gt; calls onChange with the correct date when the year is changed" time="0.031">
    </testcase>
    <testcase classname="&lt;DOBPicker/&gt; calls onChange with null when the selected date is invalid" name="&lt;DOBPicker/&gt; calls onChange with null when the selected date is invalid" time="0.016">
    </testcase>
  </testsuite>
  <testsuite name="AuditCycleSelectors" errors="0" failures="0" skipped="0" timestamp="2024-04-11T11:08:07" time="0.281" tests="14">
    <testcase classname="AuditCycleSelectors findAuditCycles should return all the audit cycles" name="AuditCycleSelectors findAuditCycles should return all the audit cycles" time="0">
    </testcase>
    <testcase classname="AuditCycleSelectors findSelectedAuditCycle should return the selected audit cycle with given questionnaire type when one is selected" name="AuditCycleSelectors findSelectedAuditCycle should return the selected audit cycle with given questionnaire type when one is selected" time="0">
    </testcase>
    <testcase classname="AuditCycleSelectors findSelectedAuditCycle should return the first audit cycle with given questionnaire type when the selected cycle is not of given questionnaire type" name="AuditCycleSelectors findSelectedAuditCycle should return the first audit cycle with given questionnaire type when the selected cycle is not of given questionnaire type" time="0">
    </testcase>
    <testcase classname="AuditCycleSelectors findSelectedAuditCycle should return the first audit cycle with given questionnaire type when there is no default" name="AuditCycleSelectors findSelectedAuditCycle should return the first audit cycle with given questionnaire type when there is no default" time="0">
    </testcase>
    <testcase classname="AuditCycleSelectors findSelectedAuditCycle should return undefined when there are no audit cycles" name="AuditCycleSelectors findSelectedAuditCycle should return undefined when there are no audit cycles" time="0">
    </testcase>
    <testcase classname="AuditCycleSelectors findFirstAuditCycle should return the first audit cycle" name="AuditCycleSelectors findFirstAuditCycle should return the first audit cycle" time="0">
    </testcase>
    <testcase classname="AuditCycleSelectors findFirstAuditCycle should return undefined if there are no audit cycles" name="AuditCycleSelectors findFirstAuditCycle should return undefined if there are no audit cycles" time="0">
    </testcase>
    <testcase classname="AuditCycleSelectors findFirstAuditCycleByQuestionnaireType should return the first audit cycle with the given questionnaire type" name="AuditCycleSelectors findFirstAuditCycleByQuestionnaireType should return the first audit cycle with the given questionnaire type" time="0">
    </testcase>
    <testcase classname="AuditCycleSelectors findAuditCyclesByQuestionnaireType should return the audit cycles with given quesionnaire type id" name="AuditCycleSelectors findAuditCyclesByQuestionnaireType should return the audit cycles with given quesionnaire type id" time="0">
    </testcase>
    <testcase classname="AuditCycleSelectors findAuditCyclesBySelectedQuestionnaireType should return auditCycles for the selected questionnaire type" name="AuditCycleSelectors findAuditCyclesBySelectedQuestionnaireType should return auditCycles for the selected questionnaire type" time="0">
    </testcase>
    <testcase classname="AuditCycleSelectors findAuditCyclesBySelectedQuestionnaireType should return an empty array when no questionnaire type is selected" name="AuditCycleSelectors findAuditCyclesBySelectedQuestionnaireType should return an empty array when no questionnaire type is selected" time="0">
    </testcase>
    <testcase classname="AuditCycleSelectors findSelectedAuditCycleBySelectedQuestionnaireType should return the selected auditCycle for the selected questionnaire type" name="AuditCycleSelectors findSelectedAuditCycleBySelectedQuestionnaireType should return the selected auditCycle for the selected questionnaire type" time="0">
    </testcase>
    <testcase classname="AuditCycleSelectors findSelectedAuditCycleBySelectedQuestionnaireType should return undefined when no audit cycles exist" name="AuditCycleSelectors findSelectedAuditCycleBySelectedQuestionnaireType should return undefined when no audit cycles exist" time="0">
    </testcase>
    <testcase classname="AuditCycleSelectors findSelectedAuditCycleBySelectedQuestionnaireType should return undefined when no questionnaire type is selected" name="AuditCycleSelectors findSelectedAuditCycleBySelectedQuestionnaireType should return undefined when no questionnaire type is selected" time="0">
    </testcase>
  </testsuite>
  <testsuite name="&lt;__SectionCopyForm/&gt;" errors="0" failures="0" skipped="0" timestamp="2024-04-11T11:08:07" time="0.322" tests="7">
    <testcase classname="&lt;__SectionCopyForm/&gt; renders the list of audit cycles" name="&lt;__SectionCopyForm/&gt; renders the list of audit cycles" time="0.016">
    </testcase>
    <testcase classname="&lt;__SectionCopyForm/&gt; calls fetchAuditCycles propw when the form is loaded" name="&lt;__SectionCopyForm/&gt; calls fetchAuditCycles propw when the form is loaded" time="0">
    </testcase>
    <testcase classname="&lt;__SectionCopyForm/&gt; calls copySectionsFromTo when the form is submitted" name="&lt;__SectionCopyForm/&gt; calls copySectionsFromTo when the form is submitted" time="0">
    </testcase>
    <testcase classname="&lt;__SectionCopyForm/&gt; calls form.preventDefault when the form is submitted" name="&lt;__SectionCopyForm/&gt; calls form.preventDefault when the form is submitted" time="0.013">
    </testcase>
    <testcase classname="&lt;__SectionCopyForm/&gt; displays the errors when there is an error" name="&lt;__SectionCopyForm/&gt; displays the errors when there is an error" time="0.003">
    </testcase>
    <testcase classname="&lt;__SectionCopyForm/&gt; navigates to the questionnaire when the form is submitted successfully" name="&lt;__SectionCopyForm/&gt; navigates to the questionnaire when the form is submitted successfully" time="0">
    </testcase>
    <testcase classname="&lt;__SectionCopyForm/&gt; navigates back if the modal is closed" name="&lt;__SectionCopyForm/&gt; navigates back if the modal is closed" time="0">
    </testcase>
  </testsuite>
  <testsuite name="SectionAddForm" errors="0" failures="0" skipped="0" timestamp="2024-04-11T11:08:08" time="0.385" tests="8">
    <testcase classname="SectionAddForm calls the loadSectionAddForm prop" name="SectionAddForm calls the loadSectionAddForm prop" time="0">
    </testcase>
    <testcase classname="SectionAddForm renders an empty form" name="SectionAddForm renders an empty form" time="0.015">
    </testcase>
    <testcase classname="SectionAddForm form submission the form is submitted normally calls the saveSectionAddForm prop with the form values" name="SectionAddForm form submission the form is submitted normally calls the saveSectionAddForm prop with the form values" time="0">
    </testcase>
    <testcase classname="SectionAddForm form submission the form is submitted normally calls preventDefault on the form event" name="SectionAddForm form submission the form is submitted normally calls preventDefault on the form event" time="0">
    </testcase>
    <testcase classname="SectionAddForm form submission the form is submitted normally navigates to the questionnaire" name="SectionAddForm form submission the form is submitted normally navigates to the questionnaire" time="0.016">
    </testcase>
    <testcase classname="SectionAddForm form submission the save and next button is clicked calls the saveSectionAddForm prop with the form values" name="SectionAddForm form submission the save and next button is clicked calls the saveSectionAddForm prop with the form values" time="0">
    </testcase>
    <testcase classname="SectionAddForm form submission the save and next button is clicked increments the sequence and clears the form" name="SectionAddForm form submission the save and next button is clicked increments the sequence and clears the form" time="0.031">
    </testcase>
    <testcase classname="SectionAddForm form submission the save and next button is clicked navigates to the current route" name="SectionAddForm form submission the save and next button is clicked navigates to the current route" time="0.016">
    </testcase>
  </testsuite>
  <testsuite name="AuditStoreReportAttributeForm" errors="0" failures="0" skipped="0" timestamp="2024-04-11T11:08:08" time="0.298" tests="5">
    <testcase classname="AuditStoreReportAttributeForm renders the form with no option selected" name="AuditStoreReportAttributeForm renders the form with no option selected" time="0">
    </testcase>
    <testcase classname="AuditStoreReportAttributeForm renders the form with an option selected" name="AuditStoreReportAttributeForm renders the form with an option selected" time="0">
    </testcase>
    <testcase classname="AuditStoreReportAttributeForm calls onSubmit with the selected option when the form is submitted" name="AuditStoreReportAttributeForm calls onSubmit with the selected option when the form is submitted" time="0.015">
    </testcase>
    <testcase classname="AuditStoreReportAttributeForm closes the modal when the form is submitted successfully" name="AuditStoreReportAttributeForm closes the modal when the form is submitted successfully" time="0">
    </testcase>
    <testcase classname="AuditStoreReportAttributeForm calls onClose when the modal is closed" name="AuditStoreReportAttributeForm calls onClose when the modal is closed" time="0">
    </testcase>
  </testsuite>
  <testsuite name="&lt;Header&gt;" errors="0" failures="0" skipped="0" timestamp="2024-04-11T11:08:08" time="0.33" tests="1">
    <testcase classname="&lt;Header&gt; renders an header correctly" name="&lt;Header&gt; renders an header correctly" time="0.016">
    </testcase>
  </testsuite>
  <testsuite name="&lt;DashboardCityPerformanceChart/&gt;" errors="0" failures="0" skipped="0" timestamp="2024-04-11T11:08:09" time="0.313" tests="2">
    <testcase classname="&lt;DashboardCityPerformanceChart/&gt; renders the chart correctly" name="&lt;DashboardCityPerformanceChart/&gt; renders the chart correctly" time="0.015">
    </testcase>
    <testcase classname="&lt;DashboardCityPerformanceChart/&gt; calls fetchCityWisePerformance with the correct ID" name="&lt;DashboardCityPerformanceChart/&gt; calls fetchCityWisePerformance with the correct ID" time="0">
    </testcase>
  </testsuite>
  <testsuite name="&lt;AuditStoreEarningsPerAuditForm/&gt;" errors="0" failures="0" skipped="0" timestamp="2024-04-11T11:08:09" time="0.456" tests="7">
    <testcase classname="&lt;AuditStoreEarningsPerAuditForm/&gt; is loading initially" name="&lt;AuditStoreEarningsPerAuditForm/&gt; is loading initially" time="0">
    </testcase>
    <testcase classname="&lt;AuditStoreEarningsPerAuditForm/&gt; calls findById with the correct auditStoreId" name="&lt;AuditStoreEarningsPerAuditForm/&gt; calls findById with the correct auditStoreId" time="0.015">
    </testcase>
    <testcase classname="&lt;AuditStoreEarningsPerAuditForm/&gt; disables loading when the auditStore has been loaded" name="&lt;AuditStoreEarningsPerAuditForm/&gt; disables loading when the auditStore has been loaded" time="0">
    </testcase>
    <testcase classname="&lt;AuditStoreEarningsPerAuditForm/&gt; prefills the earnings per audit correctly in the form" name="&lt;AuditStoreEarningsPerAuditForm/&gt; prefills the earnings per audit correctly in the form" time="0.016">
    </testcase>
    <testcase classname="&lt;AuditStoreEarningsPerAuditForm/&gt; calls setEarningsPerAudit when the form is submitted" name="&lt;AuditStoreEarningsPerAuditForm/&gt; calls setEarningsPerAudit when the form is submitted" time="0.015">
    </testcase>
    <testcase classname="&lt;AuditStoreEarningsPerAuditForm/&gt; closes the page when setEarningsPerAudit returns successfully" name="&lt;AuditStoreEarningsPerAuditForm/&gt; closes the page when setEarningsPerAudit returns successfully" time="0.032">
    </testcase>
    <testcase classname="&lt;AuditStoreEarningsPerAuditForm/&gt; sets the errors correctly when setEarningsPerAudit fails" name="&lt;AuditStoreEarningsPerAuditForm/&gt; sets the errors correctly when setEarningsPerAudit fails" time="0.032">
    </testcase>
  </testsuite>
  <testsuite name="&lt;__QuestionnaireTypeList/&gt;" errors="0" failures="0" skipped="0" timestamp="2024-04-11T11:08:10" time="0.376" tests="11">
    <testcase classname="&lt;__QuestionnaireTypeList/&gt; renders correctly when questionnaire types are loading" name="&lt;__QuestionnaireTypeList/&gt; renders correctly when questionnaire types are loading" time="0">
    </testcase>
    <testcase classname="&lt;__QuestionnaireTypeList/&gt; renders correctly when questionnaire types are loaded" name="&lt;__QuestionnaireTypeList/&gt; renders correctly when questionnaire types are loaded" time="0.016">
    </testcase>
    <testcase classname="&lt;__QuestionnaireTypeList/&gt; renders correctly when questionnaire types are empty" name="&lt;__QuestionnaireTypeList/&gt; renders correctly when questionnaire types are empty" time="0">
    </testcase>
    <testcase classname="&lt;__QuestionnaireTypeList/&gt; calls onDelete prop when the delete button is clicked" name="&lt;__QuestionnaireTypeList/&gt; calls onDelete prop when the delete button is clicked" time="0">
    </testcase>
    <testcase classname="&lt;QuestionnaireTypeList/&gt; calls fetchQuestionnaireTypes" name="&lt;QuestionnaireTypeList/&gt; calls fetchQuestionnaireTypes" time="0">
    </testcase>
    <testcase classname="&lt;QuestionnaireTypeList/&gt; calls fetchQuestionnaireTypes when props are changed" name="&lt;QuestionnaireTypeList/&gt; calls fetchQuestionnaireTypes when props are changed" time="0">
    </testcase>
    <testcase classname="&lt;QuestionnaireTypeList/&gt; passes loading to true while data is loading" name="&lt;QuestionnaireTypeList/&gt; passes loading to true while data is loading" time="0">
    </testcase>
    <testcase classname="&lt;QuestionnaireTypeList/&gt; passes loading as false once data is loaded" name="&lt;QuestionnaireTypeList/&gt; passes loading as false once data is loaded" time="0.016">
    </testcase>
    <testcase classname="&lt;QuestionnaireTypeList/&gt; passes loaded questionnaire types as props to __QuestionnaireTypeList" name="&lt;QuestionnaireTypeList/&gt; passes loaded questionnaire types as props to __QuestionnaireTypeList" time="0.015">
    </testcase>
    <testcase classname="&lt;QuestionnaireTypeList/&gt; calls deleteQuestionnaireType with the correct id" name="&lt;QuestionnaireTypeList/&gt; calls deleteQuestionnaireType with the correct id" time="0.016">
    </testcase>
    <testcase classname="&lt;QuestionnaireTypeList/&gt; calls fetchQuestionnaireTypes after deleting an item" name="&lt;QuestionnaireTypeList/&gt; calls fetchQuestionnaireTypes after deleting an item" time="0.031">
    </testcase>
  </testsuite>
  <testsuite name="&lt;AuditStoreList/&gt;" errors="0" failures="0" skipped="0" timestamp="2024-04-11T11:08:10" time="0.314" tests="2">
    <testcase classname="&lt;AuditStoreList/&gt; renders the list of audit stores correctly" name="&lt;AuditStoreList/&gt; renders the list of audit stores correctly" time="0.038">
    </testcase>
    <testcase classname="&lt;AuditStoreList/&gt; filters the reports by status" name="&lt;AuditStoreList/&gt; filters the reports by status" time="0.025">
    </testcase>
  </testsuite>
  <testsuite name="&lt;AuditCycleScoreIndicator/&gt;" errors="0" failures="0" skipped="0" timestamp="2024-04-11T11:08:11" time="0.267" tests="2">
    <testcase classname="&lt;AuditCycleScoreIndicator/&gt; renders the chart correctly" name="&lt;AuditCycleScoreIndicator/&gt; renders the chart correctly" time="0.015">
    </testcase>
    <testcase classname="&lt;AuditCycleScoreIndicator/&gt; calls fetchAuditCycleScoreList with the correct ID" name="&lt;AuditCycleScoreIndicator/&gt; calls fetchAuditCycleScoreList with the correct ID" time="0.016">
    </testcase>
  </testsuite>
  <testsuite name="&lt;AuditCycleDetails/&gt;" errors="0" failures="0" skipped="0" timestamp="2024-04-11T11:08:11" time="0.282" tests="2">
    <testcase classname="&lt;AuditCycleDetails/&gt; renders correctly when audit cycle has loaded correctly" name="&lt;AuditCycleDetails/&gt; renders correctly when audit cycle has loaded correctly" time="0.015">
    </testcase>
    <testcase classname="&lt;AuditCycleDetails/&gt; renders correctly when audit cycle is loading" name="&lt;AuditCycleDetails/&gt; renders correctly when audit cycle is loading" time="0">
    </testcase>
  </testsuite>
  <testsuite name="&lt;__SectionList/&gt;" errors="0" failures="0" skipped="0" timestamp="2024-04-11T11:08:11" time="0.298" tests="2">
    <testcase classname="&lt;__SectionList/&gt; renders the list of sections correctly" name="&lt;__SectionList/&gt; renders the list of sections correctly" time="0.015">
    </testcase>
    <testcase classname="&lt;__SectionList/&gt; renders correctly when there are no sections" name="&lt;__SectionList/&gt; renders correctly when there are no sections" time="0">
    </testcase>
  </testsuite>
  <testsuite name="manager section actions" errors="0" failures="0" skipped="0" timestamp="2024-04-11T11:08:12" time="0.299" tests="17">
    <testcase classname="manager section actions fetchSection calls the service with the given sectionId" name="manager section actions fetchSection calls the service with the given sectionId" time="0">
    </testcase>
    <testcase classname="manager section actions fetchSections calls the service with the given auditCycleId" name="manager section actions fetchSections calls the service with the given auditCycleId" time="0">
    </testcase>
    <testcase classname="manager section actions loadSectionAddForm dispatches an action to reset the form errors" name="manager section actions loadSectionAddForm dispatches an action to reset the form errors" time="0">
    </testcase>
    <testcase classname="manager section actions loadSectionEditForm dispatches an action to reset the form errors" name="manager section actions loadSectionEditForm dispatches an action to reset the form errors" time="0">
    </testcase>
    <testcase classname="manager section actions loadSectionEditForm dispatches an action to fetch the section" name="manager section actions loadSectionEditForm dispatches an action to fetch the section" time="0">
    </testcase>
    <testcase classname="manager section actions saveSectionEditForm dispatches an action to reset the form errors" name="manager section actions saveSectionEditForm dispatches an action to reset the form errors" time="0">
    </testcase>
    <testcase classname="manager section actions saveSectionEditForm calls the service with the section data" name="manager section actions saveSectionEditForm calls the service with the section data" time="0.021">
    </testcase>
    <testcase classname="manager section actions saveSectionEditForm when the save succeeds returns a promise resolved to the saved section" name="manager section actions saveSectionEditForm when the save succeeds returns a promise resolved to the saved section" time="0">
    </testcase>
    <testcase classname="manager section actions saveSectionEditForm when the save succeeds dispatches an action to update the saved section" name="manager section actions saveSectionEditForm when the save succeeds dispatches an action to update the saved section" time="0">
    </testcase>
    <testcase classname="manager section actions saveSectionEditForm when the save fails returns a promise rejected with the errors" name="manager section actions saveSectionEditForm when the save fails returns a promise rejected with the errors" time="0">
    </testcase>
    <testcase classname="manager section actions saveSectionEditForm when the save fails dispatches an action to set the form errors" name="manager section actions saveSectionEditForm when the save fails dispatches an action to set the form errors" time="0">
    </testcase>
    <testcase classname="manager section actions saveSectionAddForm dispatches an action to reset the form errors" name="manager section actions saveSectionAddForm dispatches an action to reset the form errors" time="0">
    </testcase>
    <testcase classname="manager section actions saveSectionAddForm calls the service with the section data" name="manager section actions saveSectionAddForm calls the service with the section data" time="0">
    </testcase>
    <testcase classname="manager section actions saveSectionAddForm when the save succeeds returns a promise resolved to the saved section" name="manager section actions saveSectionAddForm when the save succeeds returns a promise resolved to the saved section" time="0">
    </testcase>
    <testcase classname="manager section actions saveSectionAddForm when the save succeeds dispatches an action to update the saved section" name="manager section actions saveSectionAddForm when the save succeeds dispatches an action to update the saved section" time="0.011">
    </testcase>
    <testcase classname="manager section actions saveSectionAddForm when the save fails returns a promise rejected with the errors" name="manager section actions saveSectionAddForm when the save fails returns a promise rejected with the errors" time="0">
    </testcase>
    <testcase classname="manager section actions saveSectionAddForm when the save fails dispatches an action to set the form errors" name="manager section actions saveSectionAddForm when the save fails dispatches an action to set the form errors" time="0">
    </testcase>
  </testsuite>
  <testsuite name="&lt;AuditStoreStatusLabel/&gt;" errors="0" failures="0" skipped="0" timestamp="2024-04-11T11:08:12" time="0.235" tests="10">
    <testcase classname="&lt;AuditStoreStatusLabel/&gt; renders correctly for status: ASSIGNED" name="&lt;AuditStoreStatusLabel/&gt; renders correctly for status: ASSIGNED" time="0">
    </testcase>
    <testcase classname="&lt;AuditStoreStatusLabel/&gt; renders correctly for status: ACKNOWLEDGED" name="&lt;AuditStoreStatusLabel/&gt; renders correctly for status: ACKNOWLEDGED" time="0">
    </testcase>
    <testcase classname="&lt;AuditStoreStatusLabel/&gt; renders correctly for status: SUBMITTED" name="&lt;AuditStoreStatusLabel/&gt; renders correctly for status: SUBMITTED" time="0.016">
    </testcase>
    <testcase classname="&lt;AuditStoreStatusLabel/&gt; renders correctly for status: PM_REVIEW" name="&lt;AuditStoreStatusLabel/&gt; renders correctly for status: PM_REVIEW" time="0">
    </testcase>
    <testcase classname="&lt;AuditStoreStatusLabel/&gt; renders correctly for status: COMPLETED" name="&lt;AuditStoreStatusLabel/&gt; renders correctly for status: COMPLETED" time="0">
    </testcase>
    <testcase classname="&lt;AuditStoreStatusLabel/&gt; renders correctly for status: ACCEPTED" name="&lt;AuditStoreStatusLabel/&gt; renders correctly for status: ACCEPTED" time="0">
    </testcase>
    <testcase classname="&lt;AuditStoreStatusLabel/&gt; renders correctly for status: FAILED" name="&lt;AuditStoreStatusLabel/&gt; renders correctly for status: FAILED" time="0">
    </testcase>
    <testcase classname="&lt;AuditStoreStatusLabel/&gt; renders correctly for status: REJECTED" name="&lt;AuditStoreStatusLabel/&gt; renders correctly for status: REJECTED" time="0">
    </testcase>
    <testcase classname="&lt;AuditStoreStatusLabel/&gt; renders correctly for status: WITHDRAWN" name="&lt;AuditStoreStatusLabel/&gt; renders correctly for status: WITHDRAWN" time="0">
    </testcase>
    <testcase classname="&lt;AuditStoreStatusLabel/&gt; renders correctly for status: AUDITOR_WITHDRAWN" name="&lt;AuditStoreStatusLabel/&gt; renders correctly for status: AUDITOR_WITHDRAWN" time="0">
    </testcase>
  </testsuite>
  <testsuite name="&lt;__AuditCopyForm/&gt;" errors="0" failures="0" skipped="0" timestamp="2024-04-11T11:08:12" time="0.315" tests="5">
    <testcase classname="&lt;__AuditCopyForm/&gt; renders the list of audit cycles" name="&lt;__AuditCopyForm/&gt; renders the list of audit cycles" time="0">
    </testcase>
    <testcase classname="&lt;__AuditCopyForm/&gt; calls fetchAuditCycles propw when the form is loaded" name="&lt;__AuditCopyForm/&gt; calls fetchAuditCycles propw when the form is loaded" time="0">
    </testcase>
    <testcase classname="&lt;__AuditCopyForm/&gt; calls copySectionsFromTo when the form is submitted" name="&lt;__AuditCopyForm/&gt; calls copySectionsFromTo when the form is submitted" time="0">
    </testcase>
    <testcase classname="&lt;__AuditCopyForm/&gt; calls form.preventDefault when the form is submitted" name="&lt;__AuditCopyForm/&gt; calls form.preventDefault when the form is submitted" time="0.017">
    </testcase>
    <testcase classname="&lt;__AuditCopyForm/&gt; calls shows when the form is submitted" name="&lt;__AuditCopyForm/&gt; calls shows when the form is submitted" time="0">
    </testcase>
  </testsuite>
  <testsuite name="UserSelectors" errors="0" failures="0" skipped="0" timestamp="2024-04-11T11:08:13" time="0.236" tests="5">
    <testcase classname="UserSelectors findCurrentUser should return the current user" name="UserSelectors findCurrentUser should return the current user" time="0">
    </testcase>
    <testcase classname="UserSelectors findCurrentUser should return undefined if the current user is not available" name="UserSelectors findCurrentUser should return undefined if the current user is not available" time="0">
    </testcase>
    <testcase classname="UserSelectors isClientAdmin returns true if the current user is a client admin" name="UserSelectors isClientAdmin returns true if the current user is a client admin" time="0">
    </testcase>
    <testcase classname="UserSelectors isClientAdmin returns false if the current user is not a client admin" name="UserSelectors isClientAdmin returns false if the current user is not a client admin" time="0">
    </testcase>
    <testcase classname="UserSelectors isClientAdmin returns false if the current user is not available" name="UserSelectors isClientAdmin returns false if the current user is not available" time="0">
    </testcase>
  </testsuite>
  <testsuite name="&lt;AuditStoreEarningsPerAuditForm/&gt;" errors="0" failures="0" skipped="0" timestamp="2024-04-11T11:08:13" time="0.361" tests="8">
    <testcase classname="&lt;AuditStoreEarningsPerAuditForm/&gt; is rendered correctly when the AuditStore is loading" name="&lt;AuditStoreEarningsPerAuditForm/&gt; is rendered correctly when the AuditStore is loading" time="0">
    </testcase>
    <testcase classname="&lt;AuditStoreEarningsPerAuditForm/&gt; renders the earnings per audit pre-filled" name="&lt;AuditStoreEarningsPerAuditForm/&gt; renders the earnings per audit pre-filled" time="0">
    </testcase>
    <testcase classname="&lt;AuditStoreEarningsPerAuditForm/&gt; prevents default form action when the form is submitted" name="&lt;AuditStoreEarningsPerAuditForm/&gt; prevents default form action when the form is submitted" time="0.015">
    </testcase>
    <testcase classname="&lt;AuditStoreEarningsPerAuditForm/&gt; calls onSubmit when the form is submitted" name="&lt;AuditStoreEarningsPerAuditForm/&gt; calls onSubmit when the form is submitted" time="0.005">
    </testcase>
    <testcase classname="&lt;AuditStoreEarningsPerAuditForm/&gt; updates the form when the amount is changed" name="&lt;AuditStoreEarningsPerAuditForm/&gt; updates the form when the amount is changed" time="0.011">
    </testcase>
    <testcase classname="&lt;AuditStoreEarningsPerAuditForm/&gt; closes modal and redirects when the save is successful" name="&lt;AuditStoreEarningsPerAuditForm/&gt; closes modal and redirects when the save is successful" time="0">
    </testcase>
    <testcase classname="&lt;AuditStoreEarningsPerAuditForm/&gt; sets the errors correctly the save fails" name="&lt;AuditStoreEarningsPerAuditForm/&gt; sets the errors correctly the save fails" time="0">
    </testcase>
    <testcase classname="&lt;AuditStoreEarningsPerAuditForm/&gt; does not close the modal when the save fails" name="&lt;AuditStoreEarningsPerAuditForm/&gt; does not close the modal when the save fails" time="0.032">
    </testcase>
  </testsuite>
  <testsuite name="&lt;AttachmentProofIcon/&gt;" errors="0" failures="0" skipped="0" timestamp="2024-04-11T11:08:13" time="0.267" tests="5">
    <testcase classname="&lt;AttachmentProofIcon/&gt; renders correctly for proof type: AUDIO" name="&lt;AttachmentProofIcon/&gt; renders correctly for proof type: AUDIO" time="0">
    </testcase>
    <testcase classname="&lt;AttachmentProofIcon/&gt; renders correctly for proof type: PHOTO" name="&lt;AttachmentProofIcon/&gt; renders correctly for proof type: PHOTO" time="0">
    </testcase>
    <testcase classname="&lt;AttachmentProofIcon/&gt; renders correctly for proof type: VIDEO" name="&lt;AttachmentProofIcon/&gt; renders correctly for proof type: VIDEO" time="0">
    </testcase>
    <testcase classname="&lt;AttachmentProofIcon/&gt; renders correctly for proof type: OTHER" name="&lt;AttachmentProofIcon/&gt; renders correctly for proof type: OTHER" time="0">
    </testcase>
    <testcase classname="&lt;AttachmentProofIcon/&gt; renders correctly for proof type: ID_PROOF" name="&lt;AttachmentProofIcon/&gt; renders correctly for proof type: ID_PROOF" time="0">
    </testcase>
  </testsuite>
  <testsuite name="AuditStoreTable" errors="0" failures="0" skipped="0" timestamp="2024-04-11T11:08:14" time="0.267" tests="3">
    <testcase classname="AuditStoreTable renders the reports" name="AuditStoreTable renders the reports" time="0.015">
    </testcase>
    <testcase classname="AuditStoreTable renders a message when there are no reports" name="AuditStoreTable renders a message when there are no reports" time="0">
    </testcase>
    <testcase classname="AuditStoreTable renders a loading widget when the reports are loading" name="AuditStoreTable renders a loading widget when the reports are loading" time="0">
    </testcase>
  </testsuite>
  <testsuite name="StorePerformanceCount" errors="0" failures="0" skipped="0" timestamp="2024-04-11T11:08:14" time="0.299" tests="2">
    <testcase classname="StorePerformanceCount renders the tab strip and data with the selected questionnaire type" name="StorePerformanceCount renders the tab strip and data with the selected questionnaire type" time="0.002">
    </testcase>
    <testcase classname="StorePerformanceCount renders the tab strip and a loading sign when no questionnaire type is selected" name="StorePerformanceCount renders the tab strip and a loading sign when no questionnaire type is selected" time="0">
    </testcase>
  </testsuite>
  <testsuite name="SectionAddForm" errors="0" failures="0" skipped="0" timestamp="2024-04-11T11:08:14" time="0.361" tests="8">
    <testcase classname="SectionAddForm calls the loadSectionAddForm prop" name="SectionAddForm calls the loadSectionAddForm prop" time="0.016">
    </testcase>
    <testcase classname="SectionAddForm renders an empty form" name="SectionAddForm renders an empty form" time="0">
    </testcase>
    <testcase classname="SectionAddForm form submission the form is submitted normally calls the saveSectionAddForm prop with the form values" name="SectionAddForm form submission the form is submitted normally calls the saveSectionAddForm prop with the form values" time="0">
    </testcase>
    <testcase classname="SectionAddForm form submission the form is submitted normally calls preventDefault on the form event" name="SectionAddForm form submission the form is submitted normally calls preventDefault on the form event" time="0.016">
    </testcase>
    <testcase classname="SectionAddForm form submission the form is submitted normally navigates to the questionnaire" name="SectionAddForm form submission the form is submitted normally navigates to the questionnaire" time="0">
    </testcase>
    <testcase classname="SectionAddForm form submission the save and next button is clicked calls the saveSectionAddForm prop with the form values" name="SectionAddForm form submission the save and next button is clicked calls the saveSectionAddForm prop with the form values" time="0.016">
    </testcase>
    <testcase classname="SectionAddForm form submission the save and next button is clicked increments the sequence and clears the form" name="SectionAddForm form submission the save and next button is clicked increments the sequence and clears the form" time="0.015">
    </testcase>
    <testcase classname="SectionAddForm form submission the save and next button is clicked navigates to the current route" name="SectionAddForm form submission the save and next button is clicked navigates to the current route" time="0.016">
    </testcase>
  </testsuite>
  <testsuite name="&lt;AuditorRating/&gt;" errors="0" failures="0" skipped="0" timestamp="2024-04-11T11:08:15" time="0.251" tests="6">
    <testcase classname="&lt;AuditorRating/&gt; renders correctly for rating: 5" name="&lt;AuditorRating/&gt; renders correctly for rating: 5" time="0">
    </testcase>
    <testcase classname="&lt;AuditorRating/&gt; renders correctly for rating: 4" name="&lt;AuditorRating/&gt; renders correctly for rating: 4" time="0">
    </testcase>
    <testcase classname="&lt;AuditorRating/&gt; renders correctly for rating: 3" name="&lt;AuditorRating/&gt; renders correctly for rating: 3" time="0">
    </testcase>
    <testcase classname="&lt;AuditorRating/&gt; renders correctly for rating: 2" name="&lt;AuditorRating/&gt; renders correctly for rating: 2" time="0">
    </testcase>
    <testcase classname="&lt;AuditorRating/&gt; renders correctly for rating: 1" name="&lt;AuditorRating/&gt; renders correctly for rating: 1" time="0">
    </testcase>
    <testcase classname="&lt;AuditorRating/&gt; renders correctly for rating: null" name="&lt;AuditorRating/&gt; renders correctly for rating: null" time="0">
    </testcase>
  </testsuite>
  <testsuite name="SectionEditForm" errors="0" failures="0" skipped="0" timestamp="2024-04-11T11:08:15" time="0.345" tests="5">
    <testcase classname="SectionEditForm calls the loadSectionEditForm prop" name="SectionEditForm calls the loadSectionEditForm prop" time="0">
    </testcase>
    <testcase classname="SectionEditForm renders a pre-filled form" name="SectionEditForm renders a pre-filled form" time="0">
    </testcase>
    <testcase classname="SectionEditForm when the form is submitted calls the saveSectionEditForm prop with the form values" name="SectionEditForm when the form is submitted calls the saveSectionEditForm prop with the form values" time="0.015">
    </testcase>
    <testcase classname="SectionEditForm when the form is submitted calls preventDefault on the form event" name="SectionEditForm when the form is submitted calls preventDefault on the form event" time="0">
    </testcase>
    <testcase classname="SectionEditForm when the form is submitted navigates to the questionnaire" name="SectionEditForm when the form is submitted navigates to the questionnaire" time="0">
    </testcase>
  </testsuite>
  <testsuite name="EndDateSelector" errors="0" failures="0" skipped="0" timestamp="2024-04-11T11:08:15" time="0.289" tests="2">
    <testcase classname="EndDateSelector renders the selector with a given end_date" name="EndDateSelector renders the selector with a given end_date" time="0.022">
    </testcase>
    <testcase classname="EndDateSelector calls onSelect with the end_date when a end_date is selected" name="EndDateSelector calls onSelect with the end_date when a end_date is selected" time="0">
    </testcase>
  </testsuite>
  <testsuite name="&lt;AuditCycleDetails/&gt;" errors="0" failures="0" skipped="0" timestamp="2024-04-11T11:08:16" time="0.299" tests="2">
    <testcase classname="&lt;AuditCycleDetails/&gt; renders correctly when audit cycle has loaded correctly" name="&lt;AuditCycleDetails/&gt; renders correctly when audit cycle has loaded correctly" time="0.016">
    </testcase>
    <testcase classname="&lt;AuditCycleDetails/&gt; renders correctly when audit cycle is loading" name="&lt;AuditCycleDetails/&gt; renders correctly when audit cycle is loading" time="0">
    </testcase>
  </testsuite>
  <testsuite name="&lt;AuditStoreRow/&gt;" errors="0" failures="0" skipped="0" timestamp="2024-04-11T11:08:16" time="0.346" tests="6">
    <testcase classname="&lt;AuditStoreRow/&gt; renders a single auditStore list item correctly" name="&lt;AuditStoreRow/&gt; renders a single auditStore list item correctly" time="0">
    </testcase>
    <testcase classname="&lt;AuditStoreRow/&gt; renders a single auditStore list item correctly with amounts from the audit" name="&lt;AuditStoreRow/&gt; renders a single auditStore list item correctly with amounts from the audit" time="0">
    </testcase>
    <testcase classname="&lt;__AuditStoreList/&gt; is renders a list of audit stores correctly" name="&lt;__AuditStoreList/&gt; is renders a list of audit stores correctly" time="0">
    </testcase>
    <testcase classname="&lt;__AuditStoreList/&gt; renders an empty list correctly" name="&lt;__AuditStoreList/&gt; renders an empty list correctly" time="0.001">
    </testcase>
    <testcase classname="&lt;AuditStoreList/&gt; fetches the list of audit stores correctly" name="&lt;AuditStoreList/&gt; fetches the list of audit stores correctly" time="0">
    </testcase>
    <testcase classname="&lt;AuditStoreList/&gt; renders an empty list correctly" name="&lt;AuditStoreList/&gt; renders an empty list correctly" time="0">
    </testcase>
  </testsuite>
  <testsuite name="&lt;AuditStorAuditorRatingForm/&gt;" errors="0" failures="0" skipped="0" timestamp="2024-04-11T11:08:16" time="0.48" tests="11">
    <testcase classname="&lt;AuditStorAuditorRatingForm/&gt; is rendered correctly when the AuditStore is loading" name="&lt;AuditStorAuditorRatingForm/&gt; is rendered correctly when the AuditStore is loading" time="0">
    </testcase>
    <testcase classname="&lt;AuditStorAuditorRatingForm/&gt; is rendered correctly when AuditStore is not auditor rated" name="&lt;AuditStorAuditorRatingForm/&gt; is rendered correctly when AuditStore is not auditor rated" time="0.015">
    </testcase>
    <testcase classname="&lt;AuditStorAuditorRatingForm/&gt; is rendered correctly when AuditStore is already auditor rated" name="&lt;AuditStorAuditorRatingForm/&gt; is rendered correctly when AuditStore is already auditor rated" time="0">
    </testcase>
    <testcase classname="&lt;AuditStorAuditorRatingForm/&gt; renders no auditor_rating on mounting" name="&lt;AuditStorAuditorRatingForm/&gt; renders no auditor_rating on mounting" time="0">
    </testcase>
    <testcase classname="&lt;AuditStorAuditorRatingForm/&gt; renders existing auditor_rating on mounting" name="&lt;AuditStorAuditorRatingForm/&gt; renders existing auditor_rating on mounting" time="0">
    </testcase>
    <testcase classname="&lt;AuditStorAuditorRatingForm/&gt; selects 1 star rating when the 1 star is clicked" name="&lt;AuditStorAuditorRatingForm/&gt; selects 1 star rating when the 1 star is clicked" time="0.016">
    </testcase>
    <testcase classname="&lt;AuditStorAuditorRatingForm/&gt; selects 2 star rating when the 2 star is clicked" name="&lt;AuditStorAuditorRatingForm/&gt; selects 2 star rating when the 2 star is clicked" time="0">
    </testcase>
    <testcase classname="&lt;AuditStorAuditorRatingForm/&gt; selects 3 star rating when the 3 star is clicked" name="&lt;AuditStorAuditorRatingForm/&gt; selects 3 star rating when the 3 star is clicked" time="0">
    </testcase>
    <testcase classname="&lt;AuditStorAuditorRatingForm/&gt; selects 4 star rating when the 4 star is clicked" name="&lt;AuditStorAuditorRatingForm/&gt; selects 4 star rating when the 4 star is clicked" time="0">
    </testcase>
    <testcase classname="&lt;AuditStorAuditorRatingForm/&gt; selects 5 star rating when the 5 star is clicked" name="&lt;AuditStorAuditorRatingForm/&gt; selects 5 star rating when the 5 star is clicked" time="0.016">
    </testcase>
    <testcase classname="&lt;AuditStorAuditorRatingForm/&gt; calls auditor_rate() with the correct rating and closes modal when save is clicked" name="&lt;AuditStorAuditorRatingForm/&gt; calls auditor_rate() with the correct rating and closes modal when save is clicked" time="0">
    </testcase>
  </testsuite>
  <testsuite name="&lt;AuditStoreDetails/&gt;" errors="0" failures="0" skipped="0" timestamp="2024-04-11T11:08:17" time="0.313" tests="2">
    <testcase classname="&lt;AuditStoreDetails/&gt; renders the details section for the audit store" name="&lt;AuditStoreDetails/&gt; renders the details section for the audit store" time="0">
    </testcase>
    <testcase classname="&lt;AuditStoreDetails/&gt; renders the details section for the audit store with amounts from the audit" name="&lt;AuditStoreDetails/&gt; renders the details section for the audit store with amounts from the audit" time="0.015">
    </testcase>
  </testsuite>
  <testsuite name="&lt;__QuestionRow/&gt;" errors="0" failures="0" skipped="0" timestamp="2024-04-11T11:08:17" time="0.235" tests="4">
    <testcase classname="&lt;__QuestionRow/&gt; when showErrors is true and answerText is &apos;&apos;:" name="&lt;__QuestionRow/&gt; when showErrors is true and answerText is &apos;&apos;:" time="0">
    </testcase>
    <testcase classname="&lt;__QuestionRow/&gt; when showErrors is true and answerText is &apos;Hello World&apos;:" name="&lt;__QuestionRow/&gt; when showErrors is true and answerText is &apos;Hello World&apos;:" time="0">
    </testcase>
    <testcase classname="&lt;__QuestionRow/&gt; when showErrors is false and answerText is &apos;&apos;:" name="&lt;__QuestionRow/&gt; when showErrors is false and answerText is &apos;&apos;:" time="0">
    </testcase>
    <testcase classname="&lt;__QuestionRow/&gt; when showErrors is false and answerText is &apos;Hello World&apos;:" name="&lt;__QuestionRow/&gt; when showErrors is false and answerText is &apos;Hello World&apos;:" time="0">
    </testcase>
  </testsuite>
  <testsuite name="&lt;AuditCycleStorePerformance/&gt;" errors="0" failures="0" skipped="0" timestamp="2024-04-11T11:08:18" time="0.331" tests="2">
    <testcase classname="&lt;AuditCycleStorePerformance/&gt; renders the chart correctly" name="&lt;AuditCycleStorePerformance/&gt; renders the chart correctly" time="0.018">
    </testcase>
    <testcase classname="&lt;AuditCycleStorePerformance/&gt; calls fetchStoreWisePerformance with the correct ID" name="&lt;AuditCycleStorePerformance/&gt; calls fetchStoreWisePerformance with the correct ID" time="0.014">
    </testcase>
  </testsuite>
  <testsuite name="&lt;ReimbursementForm/&gt;" errors="0" failures="0" skipped="0" timestamp="2024-04-11T11:08:18" time="0.267" tests="7">
    <testcase classname="&lt;ReimbursementForm/&gt; is rendered correctly when the form is loading" name="&lt;ReimbursementForm/&gt; is rendered correctly when the form is loading" time="0.011">
    </testcase>
    <testcase classname="&lt;ReimbursementForm/&gt; renders the earnings per audit pre-filled" name="&lt;ReimbursementForm/&gt; renders the earnings per audit pre-filled" time="0">
    </testcase>
    <testcase classname="&lt;ReimbursementForm/&gt; renders the errors correctly" name="&lt;ReimbursementForm/&gt; renders the errors correctly" time="0">
    </testcase>
    <testcase classname="&lt;ReimbursementForm/&gt; prevents default form action when the form is submitted" name="&lt;ReimbursementForm/&gt; prevents default form action when the form is submitted" time="0.016">
    </testcase>
    <testcase classname="&lt;ReimbursementForm/&gt; calls onSubmit when the form is submitted" name="&lt;ReimbursementForm/&gt; calls onSubmit when the form is submitted" time="0">
    </testcase>
    <testcase classname="&lt;ReimbursementForm/&gt; updates the form when the amount is changed" name="&lt;ReimbursementForm/&gt; updates the form when the amount is changed" time="0">
    </testcase>
    <testcase classname="&lt;ReimbursementForm/&gt; calls onClose when modal is closed" name="&lt;ReimbursementForm/&gt; calls onClose when modal is closed" time="0">
    </testcase>
  </testsuite>
  <testsuite name="AuditCycleSelectorForDashboard" errors="0" failures="0" skipped="0" timestamp="2024-04-11T11:08:18" time="0.261" tests="4">
    <testcase classname="AuditCycleSelectorForDashboard renders nothing when nothing is selected" name="AuditCycleSelectorForDashboard renders nothing when nothing is selected" time="0">
    </testcase>
    <testcase classname="AuditCycleSelectorForDashboard renders the selector with selected audit cycle" name="AuditCycleSelectorForDashboard renders the selector with selected audit cycle" time="0.016">
    </testcase>
    <testcase classname="AuditCycleSelectorForDashboard calls onMount when it is mounted" name="AuditCycleSelectorForDashboard calls onMount when it is mounted" time="0">
    </testcase>
    <testcase classname="AuditCycleSelectorForDashboard calls onSelect when an option is selected" name="AuditCycleSelectorForDashboard calls onSelect when an option is selected" time="0">
    </testcase>
  </testsuite>
  <testsuite name="&lt;StoreAuditStoreList/&gt;" errors="0" failures="0" skipped="0" timestamp="2024-04-11T11:08:18" time="0.329" tests="2">
    <testcase classname="&lt;StoreAuditStoreList/&gt; makes the correct ajax calls" name="&lt;StoreAuditStoreList/&gt; makes the correct ajax calls" time="0">
    </testcase>
    <testcase classname="&lt;StoreAuditStoreList/&gt; renders the table correctly" name="&lt;StoreAuditStoreList/&gt; renders the table correctly" time="0.015">
    </testcase>
  </testsuite>
  <testsuite name="&lt;AuditStoreQARatingForm/&gt;" errors="0" failures="0" skipped="0" timestamp="2024-04-11T11:08:19" time="0.4" tests="11">
    <testcase classname="&lt;AuditStoreQARatingForm/&gt; is rendered correctly when the AuditStore is loading" name="&lt;AuditStoreQARatingForm/&gt; is rendered correctly when the AuditStore is loading" time="0">
    </testcase>
    <testcase classname="&lt;AuditStoreQARatingForm/&gt; is rendered correctly when AuditStore is not auditor rated" name="&lt;AuditStoreQARatingForm/&gt; is rendered correctly when AuditStore is not auditor rated" time="0">
    </testcase>
    <testcase classname="&lt;AuditStoreQARatingForm/&gt; is rendered correctly when AuditStore is already rated" name="&lt;AuditStoreQARatingForm/&gt; is rendered correctly when AuditStore is already rated" time="0.031">
    </testcase>
    <testcase classname="&lt;AuditStoreQARatingForm/&gt; renders no auditor_rating on mounting" name="&lt;AuditStoreQARatingForm/&gt; renders no auditor_rating on mounting" time="0">
    </testcase>
    <testcase classname="&lt;AuditStoreQARatingForm/&gt; renders existing auditor_rating on mounting" name="&lt;AuditStoreQARatingForm/&gt; renders existing auditor_rating on mounting" time="0.016">
    </testcase>
    <testcase classname="&lt;AuditStoreQARatingForm/&gt; selects 1 star rating when the 1st radio is clicked" name="&lt;AuditStoreQARatingForm/&gt; selects 1 star rating when the 1st radio is clicked" time="0.015">
    </testcase>
    <testcase classname="&lt;AuditStoreQARatingForm/&gt; selects 2 star rating when the 2nd radio is clicked" name="&lt;AuditStoreQARatingForm/&gt; selects 2 star rating when the 2nd radio is clicked" time="0">
    </testcase>
    <testcase classname="&lt;AuditStoreQARatingForm/&gt; selects 3 star rating when the 3rd radio is clicked" name="&lt;AuditStoreQARatingForm/&gt; selects 3 star rating when the 3rd radio is clicked" time="0.016">
    </testcase>
    <testcase classname="&lt;AuditStoreQARatingForm/&gt; selects 4 star rating when the 4th radio is clicked" name="&lt;AuditStoreQARatingForm/&gt; selects 4 star rating when the 4th radio is clicked" time="0.016">
    </testcase>
    <testcase classname="&lt;AuditStoreQARatingForm/&gt; selects 5 star rating when the 5th radio is clicked" name="&lt;AuditStoreQARatingForm/&gt; selects 5 star rating when the 5th radio is clicked" time="0.015">
    </testcase>
    <testcase classname="&lt;AuditStoreQARatingForm/&gt; calls auditor_rate() with the correct rating and closes modal when save is clicked" name="&lt;AuditStoreQARatingForm/&gt; calls auditor_rate() with the correct rating and closes modal when save is clicked" time="0.008">
    </testcase>
  </testsuite>
  <testsuite name="REPORT_SECTION_GET" errors="0" failures="0" skipped="0" timestamp="2024-04-11T11:08:19" time="0.251" tests="3">
    <testcase classname="REPORT_SECTION_GET when status is request it clears the reportSections" name="REPORT_SECTION_GET when status is request it clears the reportSections" time="0">
    </testcase>
    <testcase classname="REPORT_SECTION_GET when status is success converts a list of reportSections into an object" name="REPORT_SECTION_GET when status is success converts a list of reportSections into an object" time="0">
    </testcase>
    <testcase classname="REPORT_SECTION_COMMENT when status is success sets the reportSection at it&apos;s ID" name="REPORT_SECTION_COMMENT when status is success sets the reportSection at it&apos;s ID" time="0">
    </testcase>
  </testsuite>
  <testsuite name="&lt;PaymentForm&gt;" errors="0" failures="0" skipped="0" timestamp="2024-04-11T11:08:20" time="0.329" tests="4">
    <testcase classname="&lt;PaymentForm&gt; renders an empty form correctly" name="&lt;PaymentForm&gt; renders an empty form correctly" time="0.015">
    </testcase>
    <testcase classname="&lt;PaymentForm&gt; renders an empty form correctly with initial value" name="&lt;PaymentForm&gt; renders an empty form correctly with initial value" time="0">
    </testcase>
    <testcase classname="&lt;PaymentForm&gt; test when open checkout form value is false" name="&lt;PaymentForm&gt; test when open checkout form value is false" time="0">
    </testcase>
    <testcase classname="&lt;PaymentForm&gt; test when open checkout form value is true" name="&lt;PaymentForm&gt; test when open checkout form value is true" time="0">
    </testcase>
  </testsuite>
  <testsuite name="StoreTypeSelector" errors="0" failures="0" skipped="0" timestamp="2024-04-11T11:08:20" time="0.237" tests="4">
    <testcase classname="StoreTypeSelector renders the selector with nothing selected" name="StoreTypeSelector renders the selector with nothing selected" time="0">
    </testcase>
    <testcase classname="StoreTypeSelector renders nothing when the types are less than two" name="StoreTypeSelector renders nothing when the types are less than two" time="0">
    </testcase>
    <testcase classname="StoreTypeSelector renders the selector with selected store_type" name="StoreTypeSelector renders the selector with selected store_type" time="0">
    </testcase>
    <testcase classname="StoreTypeSelector calls onSelect with the store_type when a store_type is selected" name="StoreTypeSelector calls onSelect with the store_type when a store_type is selected" time="0">
    </testcase>
  </testsuite>
  <testsuite name="&lt;AuditCycleList/&gt;" errors="0" failures="0" skipped="0" timestamp="2024-04-11T11:08:20" time="0.297" tests="1">
    <testcase classname="&lt;AuditCycleList/&gt; renders a list of audit cycles" name="&lt;AuditCycleList/&gt; renders a list of audit cycles" time="0.016">
    </testcase>
  </testsuite>
  <testsuite name="ReportBrowserSelectors" errors="0" failures="0" skipped="0" timestamp="2024-04-11T11:08:21" time="0.299" tests="28">
    <testcase classname="ReportBrowserSelectors findReportsByAuditCycleId returns reports by audit cycle id" name="ReportBrowserSelectors findReportsByAuditCycleId returns reports by audit cycle id" time="0.015">
    </testcase>
    <testcase classname="ReportBrowserSelectors findSelectedCityId gets the selected City ID" name="ReportBrowserSelectors findSelectedCityId gets the selected City ID" time="0">
    </testcase>
    <testcase classname="ReportBrowserSelectors findSelectedState gets the selected State" name="ReportBrowserSelectors findSelectedState gets the selected State" time="0">
    </testcase>
    <testcase classname="ReportBrowserSelectors findCitiesByAuditCycleId fetches distinct cities for the given audit cycle id" name="ReportBrowserSelectors findCitiesByAuditCycleId fetches distinct cities for the given audit cycle id" time="0">
    </testcase>
    <testcase classname="ReportBrowserSelectors findStoreTypesByAuditCycleId returns distinct store types for the given audit cycle id" name="ReportBrowserSelectors findStoreTypesByAuditCycleId returns distinct store types for the given audit cycle id" time="0.016">
    </testcase>
    <testcase classname="ReportBrowserSelectors findStorePrioritiesByAuditCycleId returns distinct store priorities for the given audit cycle id" name="ReportBrowserSelectors findStorePrioritiesByAuditCycleId returns distinct store priorities for the given audit cycle id" time="0">
    </testcase>
    <testcase classname="ReportBrowserSelectors findSelectedStoreType gets the selected store type" name="ReportBrowserSelectors findSelectedStoreType gets the selected store type" time="0">
    </testcase>
    <testcase classname="ReportBrowserSelectors findSelectedStorePriority gets the selected priority" name="ReportBrowserSelectors findSelectedStorePriority gets the selected priority" time="0">
    </testcase>
    <testcase classname="ReportBrowserSelectors findSelectedStartDate gets the selected start date" name="ReportBrowserSelectors findSelectedStartDate gets the selected start date" time="0">
    </testcase>
    <testcase classname="ReportBrowserSelectors findSelectedEndDate gets the selected end date" name="ReportBrowserSelectors findSelectedEndDate gets the selected end date" time="0">
    </testcase>
    <testcase classname="ReportBrowserSelectors findSelectedOptionIdByJsonId returns the selected option id for the given json ID" name="ReportBrowserSelectors findSelectedOptionIdByJsonId returns the selected option id for the given json ID" time="0">
    </testcase>
    <testcase classname="ReportBrowserSelectors findSelectedOptionIdByJsonId should return undefined if there are no selected option for given json id" name="ReportBrowserSelectors findSelectedOptionIdByJsonId should return undefined if there are no selected option for given json id" time="0">
    </testcase>
    <testcase classname="ReportBrowserSelectors findReportAttributeSelectedOptionIds returns all selected options for for report attributes" name="ReportBrowserSelectors findReportAttributeSelectedOptionIds returns all selected options for for report attributes" time="0">
    </testcase>
    <testcase classname="ReportBrowserSelectors findReportAttributeSelectedOptionIds returns empty object when no option is selected" name="ReportBrowserSelectors findReportAttributeSelectedOptionIds returns empty object when no option is selected" time="0">
    </testcase>
    <testcase classname="ReportBrowserSelectors findCitiesBySelectedAuditCycle returns distinct cities for the selected audit cycle" name="ReportBrowserSelectors findCitiesBySelectedAuditCycle returns distinct cities for the selected audit cycle" time="0">
    </testcase>
    <testcase classname="ReportBrowserSelectors findStoreTypesBySelectedAuditCycle returns distinct store types for the selected audit cycle" name="ReportBrowserSelectors findStoreTypesBySelectedAuditCycle returns distinct store types for the selected audit cycle" time="0">
    </testcase>
    <testcase classname="ReportBrowserSelectors findStorePrioritiesBySelectedAuditCycle returns distinct store priorities for the selected audit cycle" name="ReportBrowserSelectors findStorePrioritiesBySelectedAuditCycle returns distinct store priorities for the selected audit cycle" time="0">
    </testcase>
    <testcase classname="ReportBrowserSelectors findSelectedStartDateBySelectedAuditCycle returns the selected start date" name="ReportBrowserSelectors findSelectedStartDateBySelectedAuditCycle returns the selected start date" time="0">
    </testcase>
    <testcase classname="ReportBrowserSelectors findSelectedStartDateBySelectedAuditCycle returns the start date for the selected audit cycle if no start date is selected" name="ReportBrowserSelectors findSelectedStartDateBySelectedAuditCycle returns the start date for the selected audit cycle if no start date is selected" time="0">
    </testcase>
    <testcase classname="ReportBrowserSelectors findSelectedEndDateBySelectedAuditCycle returns the selected end date" name="ReportBrowserSelectors findSelectedEndDateBySelectedAuditCycle returns the selected end date" time="0">
    </testcase>
    <testcase classname="ReportBrowserSelectors findSelectedEndDateBySelectedAuditCycle returns the end date for the selected audit cycle if no end date is selected" name="ReportBrowserSelectors findSelectedEndDateBySelectedAuditCycle returns the end date for the selected audit cycle if no end date is selected" time="0">
    </testcase>
    <testcase classname="ReportBrowserSelectors findStartDateBySelectedAuditCycle returns the start date for the selected audit cycle" name="ReportBrowserSelectors findStartDateBySelectedAuditCycle returns the start date for the selected audit cycle" time="0">
    </testcase>
    <testcase classname="ReportBrowserSelectors findStartDateBySelectedAuditCycle returns falsy if no audit cycle is selected" name="ReportBrowserSelectors findStartDateBySelectedAuditCycle returns falsy if no audit cycle is selected" time="0">
    </testcase>
    <testcase classname="ReportBrowserSelectors findEndDateBySelectedAuditCycle returns the end date for the selected audit cycle" name="ReportBrowserSelectors findEndDateBySelectedAuditCycle returns the end date for the selected audit cycle" time="0">
    </testcase>
    <testcase classname="ReportBrowserSelectors findEndDateBySelectedAuditCycle returns falsy if no audit cycle is selected" name="ReportBrowserSelectors findEndDateBySelectedAuditCycle returns falsy if no audit cycle is selected" time="0">
    </testcase>
    <testcase classname="ReportBrowserSelectors filterReports returns the filtered reports when all filters are set" name="ReportBrowserSelectors filterReports returns the filtered reports when all filters are set" time="0">
    </testcase>
    <testcase classname="ReportBrowserSelectors filterReports returns the filtered reports when no filters are set" name="ReportBrowserSelectors filterReports returns the filtered reports when no filters are set" time="0">
    </testcase>
    <testcase classname="ReportBrowserSelectors filterReports returns an empty array when no audit cycle is selected" name="ReportBrowserSelectors filterReports returns an empty array when no audit cycle is selected" time="0">
    </testcase>
  </testsuite>
  <testsuite name="&lt;AuditCycleDashboard/&gt;" errors="0" failures="0" skipped="0" timestamp="2024-04-11T11:08:21" time="0.314" tests="4">
    <testcase classname="&lt;AuditCycleDashboard/&gt; is rendered correctly when the data are loading" name="&lt;AuditCycleDashboard/&gt; is rendered correctly when the data are loading" time="0.006">
    </testcase>
    <testcase classname="&lt;AuditCycleDashboard/&gt; is rendered correctly when the data is successfully loaded" name="&lt;AuditCycleDashboard/&gt; is rendered correctly when the data is successfully loaded" time="0">
    </testcase>
    <testcase classname="&lt;AuditCycleDashboard/&gt; calls the stats service correctly" name="&lt;AuditCycleDashboard/&gt; calls the stats service correctly" time="0">
    </testcase>
    <testcase classname="&lt;AuditCycleDashboard/&gt; sets the state correctly once data is loaded" name="&lt;AuditCycleDashboard/&gt; sets the state correctly once data is loaded" time="0.016">
    </testcase>
  </testsuite>
  <testsuite name="&lt;ProfileInfoPanel /&gt;" errors="0" failures="0" skipped="0" timestamp="2024-04-11T11:08:21" time="0.283" tests="3">
    <testcase classname="&lt;ProfileInfoPanel /&gt; renders profile info correctly when rating is not null" name="&lt;ProfileInfoPanel /&gt; renders profile info correctly when rating is not null" time="0">
    </testcase>
    <testcase classname="&lt;ProfileInfoPanel /&gt; renders profile info correctly when rating is null" name="&lt;ProfileInfoPanel /&gt; renders profile info correctly when rating is null" time="0.016">
    </testcase>
    <testcase classname="&lt;ProfileInfoPanel /&gt; calls fetchProfileInfoForAuditor with the correct id" name="&lt;ProfileInfoPanel /&gt; calls fetchProfileInfoForAuditor with the correct id" time="0">
    </testcase>
  </testsuite>
  <testsuite name="&lt;PostApprovalDescriptionRenderer/&gt;" errors="0" failures="0" skipped="0" timestamp="2024-04-11T11:08:22" time="0.252" tests="2">
    <testcase classname="&lt;PostApprovalDescriptionRenderer/&gt; renders the loading icons while loading the markdown libs" name="&lt;PostApprovalDescriptionRenderer/&gt; renders the loading icons while loading the markdown libs" time="0">
    </testcase>
    <testcase classname="&lt;PostApprovalDescriptionRenderer/&gt; renders the post approval description" name="&lt;PostApprovalDescriptionRenderer/&gt; renders the post approval description" time="0">
    </testcase>
  </testsuite>
  <testsuite name="&lt;ModeratorAssignDropdown/&gt;" errors="0" failures="0" skipped="0" timestamp="2024-04-11T11:08:22" time="0.277" tests="4">
    <testcase classname="&lt;ModeratorAssignDropdown/&gt; renders the dropdown of moderators when no moderator is selected" name="&lt;ModeratorAssignDropdown/&gt; renders the dropdown of moderators when no moderator is selected" time="0">
    </testcase>
    <testcase classname="&lt;ModeratorAssignDropdown/&gt; renders the dropdown of moderators when a moderator is selected" name="&lt;ModeratorAssignDropdown/&gt; renders the dropdown of moderators when a moderator is selected" time="0">
    </testcase>
    <testcase classname="&lt;ModeratorAssignDropdown/&gt; calls assignToModerator when a moderator is selected" name="&lt;ModeratorAssignDropdown/&gt; calls assignToModerator when a moderator is selected" time="0.016">
    </testcase>
    <testcase classname="&lt;ModeratorAssignDropdown/&gt; calls revokeFromModerator when no moderator is selected" name="&lt;ModeratorAssignDropdown/&gt; calls revokeFromModerator when no moderator is selected" time="0.015">
    </testcase>
  </testsuite>
  <testsuite name="StorePrioritySelector" errors="0" failures="0" skipped="0" timestamp="2024-04-11T11:08:22" time="0.244" tests="4">
    <testcase classname="StorePrioritySelector renders the selector with nothing selected" name="StorePrioritySelector renders the selector with nothing selected" time="0">
    </testcase>
    <testcase classname="StorePrioritySelector renders nothing when there are no priorities" name="StorePrioritySelector renders nothing when there are no priorities" time="0">
    </testcase>
    <testcase classname="StorePrioritySelector renders the selector with selected store_priority" name="StorePrioritySelector renders the selector with selected store_priority" time="0">
    </testcase>
    <testcase classname="StorePrioritySelector calls onSelect with the store_priority when a store_priority is selected" name="StorePrioritySelector calls onSelect with the store_priority when a store_priority is selected" time="0">
    </testcase>
  </testsuite>
  <testsuite name="OptionBuilder" errors="0" failures="0" skipped="0" timestamp="2024-04-11T11:08:22" time="0.335" tests="11">
    <testcase classname="OptionBuilder when there are no options specified renders default options" name="OptionBuilder when there are no options specified renders default options" time="0">
    </testcase>
    <testcase classname="OptionBuilder when there are options specified renders given options" name="OptionBuilder when there are options specified renders given options" time="0">
    </testcase>
    <testcase classname="OptionBuilder when the add button is pressed adds another option row" name="OptionBuilder when the add button is pressed adds another option row" time="0.016">
    </testcase>
    <testcase classname="OptionBuilder when the add button is pressed increments the sequence" name="OptionBuilder when the add button is pressed increments the sequence" time="0">
    </testcase>
    <testcase classname="OptionBuilder when the add button is pressed adds empty option" name="OptionBuilder when the add button is pressed adds empty option" time="0">
    </testcase>
    <testcase classname="OptionBuilder when the add button is pressed adds zero marks" name="OptionBuilder when the add button is pressed adds zero marks" time="0.015">
    </testcase>
    <testcase classname="OptionBuilder when the delete button is pressed deletes the row" name="OptionBuilder when the delete button is pressed deletes the row" time="0.007">
    </testcase>
    <testcase classname="OptionBuilder when all options are deleted renders a message" name="OptionBuilder when all options are deleted renders a message" time="0.009">
    </testcase>
    <testcase classname="OptionBuilder when the options are changed updates the sequence to 34" name="OptionBuilder when the options are changed updates the sequence to 34" time="0">
    </testcase>
    <testcase classname="OptionBuilder when the options are changed updates the value to Bestest" name="OptionBuilder when the options are changed updates the value to Bestest" time="0.012">
    </testcase>
    <testcase classname="OptionBuilder when the options are changed updates the marks to 43" name="OptionBuilder when the options are changed updates the marks to 43" time="0.004">
    </testcase>
  </testsuite>
  <testsuite name="fetchStoreMarkingTrends" errors="0" failures="0" skipped="0" timestamp="2024-04-11T11:08:23" time="0.236" tests="2">
    <testcase classname="fetchStoreMarkingTrends performs a GET to the correct URL" name="fetchStoreMarkingTrends performs a GET to the correct URL" time="0">
    </testcase>
    <testcase classname="fetchStorePerformance performs a GET to the correct URL" name="fetchStorePerformance performs a GET to the correct URL" time="0">
    </testcase>
  </testsuite>
  <testsuite name="&lt;PaymentList&gt;" errors="0" failures="0" skipped="0" timestamp="2024-04-11T11:08:23" time="0.424" tests="2">
    <testcase classname="&lt;PaymentList&gt; renders an empty list correctly" name="&lt;PaymentList&gt; renders an empty list correctly" time="0">
    </testcase>
    <testcase classname="&lt;PaymentList&gt; renders an payment list correctly" name="&lt;PaymentList&gt; renders an payment list correctly" time="0.016">
    </testcase>
  </testsuite>
  <testsuite name="DownloadSummaryButton" errors="0" failures="0" skipped="0" timestamp="2024-04-11T11:08:24" time="0.283" tests="2">
    <testcase classname="DownloadSummaryButton renders nothing when auditCyle is not provided" name="DownloadSummaryButton renders nothing when auditCyle is not provided" time="0">
    </testcase>
    <testcase classname="DownloadSummaryButton renders the button with the generated link" name="DownloadSummaryButton renders the button with the generated link" time="0">
    </testcase>
  </testsuite>
  <testsuite name="&lt;ReportSummary/&gt;" errors="0" failures="0" skipped="0" timestamp="2024-04-11T11:08:24" time="0.267" tests="2">
    <testcase classname="&lt;ReportSummary/&gt; is rendered correctly when audit store is editable" name="&lt;ReportSummary/&gt; is rendered correctly when audit store is editable" time="0">
    </testcase>
    <testcase classname="&lt;ReportSummary/&gt; is rendered correctly when audit store is not editable" name="&lt;ReportSummary/&gt; is rendered correctly when audit store is not editable" time="0">
    </testcase>
  </testsuite>
  <testsuite name="fetchReportAttributes" errors="0" failures="0" skipped="0" timestamp="2024-04-11T11:08:24" time="0.221" tests="2">
    <testcase classname="fetchReportAttributes it dispatches a request before posting to the URL" name="fetchReportAttributes it dispatches a request before posting to the URL" time="0">
    </testcase>
    <testcase classname="fetchReportAttributes it calls the service with correct parameters" name="fetchReportAttributes it calls the service with correct parameters" time="0">
    </testcase>
  </testsuite>
  <testsuite name="form reducer" errors="0" failures="0" skipped="0" timestamp="2024-04-11T11:08:25" time="0.252" tests="4">
    <testcase classname="form reducer RESET_FORM_ERRORS sets the form errors to undefined" name="form reducer RESET_FORM_ERRORS sets the form errors to undefined" time="0">
    </testcase>
    <testcase classname="form reducer SET_FORM_ERRORS sets the form errors" name="form reducer SET_FORM_ERRORS sets the form errors" time="0">
    </testcase>
    <testcase classname="resetFormErrors returns an action to reset the form errors" name="resetFormErrors returns an action to reset the form errors" time="0">
    </testcase>
    <testcase classname="setFormErrors returns an action to set the form errors" name="setFormErrors returns an action to set the form errors" time="0">
    </testcase>
  </testsuite>
  <testsuite name="&lt;ClientUserList/&gt;" errors="0" failures="0" skipped="0" timestamp="2024-04-11T11:08:25" time="0.321" tests="1">
    <testcase classname="&lt;ClientUserList/&gt; renders a list of client users" name="&lt;ClientUserList/&gt; renders a list of client users" time="0.007">
    </testcase>
  </testsuite>
  <testsuite name="fetchQuestionnaireTypes" errors="0" failures="0" skipped="0" timestamp="2024-04-11T11:08:25" time="0.283" tests="5">
    <testcase classname="fetchQuestionnaireTypes performs a GET to the correct URL" name="fetchQuestionnaireTypes performs a GET to the correct URL" time="0">
    </testcase>
    <testcase classname="fetchQuestionnaireType performs a GET to the correct URL" name="fetchQuestionnaireType performs a GET to the correct URL" time="0">
    </testcase>
    <testcase classname="createQuestionnaireType performs a POST to the correct URL" name="createQuestionnaireType performs a POST to the correct URL" time="0">
    </testcase>
    <testcase classname="saveQuestionnaireType performs a POST to the correct URL" name="saveQuestionnaireType performs a POST to the correct URL" time="0">
    </testcase>
    <testcase classname="deleteQuestionnaireType performs a DELETE to the correct URL" name="deleteQuestionnaireType performs a DELETE to the correct URL" time="0">
    </testcase>
  </testsuite>
  <testsuite name="&lt;AuditStoreReportAttributesTable/&gt;" errors="0" failures="0" skipped="0" timestamp="2024-04-11T11:08:26" time="0.267" tests="4">
    <testcase classname="&lt;AuditStoreReportAttributesTable/&gt; renders the report attributes in a table" name="&lt;AuditStoreReportAttributesTable/&gt; renders the report attributes in a table" time="0.016">
    </testcase>
    <testcase classname="&lt;AuditStoreReportAttributesTable/&gt; calls the fetchReportAttributesByAuditCycleId prop on mount" name="&lt;AuditStoreReportAttributesTable/&gt; calls the fetchReportAttributesByAuditCycleId prop on mount" time="0">
    </testcase>
    <testcase classname="&lt;AuditStoreReportAttributesTable/&gt; calls the fetchReportAttributesByAuditCycleId prop when the auditStore prop changes" name="&lt;AuditStoreReportAttributesTable/&gt; calls the fetchReportAttributesByAuditCycleId prop when the auditStore prop changes" time="0">
    </testcase>
    <testcase classname="&lt;AuditStoreReportAttributesTable/&gt; does not call the fetchReportAttributesByAuditCycleId prop when the auditStore prop is not changed" name="&lt;AuditStoreReportAttributesTable/&gt; does not call the fetchReportAttributesByAuditCycleId prop when the auditStore prop is not changed" time="0">
    </testcase>
  </testsuite>
  <testsuite name="&lt;AuditorNameDisplay/&gt;" errors="0" failures="0" skipped="0" timestamp="2024-04-11T11:08:26" time="0.267" tests="2">
    <testcase classname="&lt;AuditorNameDisplay/&gt; renders the auditor name and phone correctly for modrator" name="&lt;AuditorNameDisplay/&gt; renders the auditor name and phone correctly for modrator" time="0.016">
    </testcase>
    <testcase classname="&lt;AuditorNameDisplay/&gt; renders the agency name and phone correctly for modrator" name="&lt;AuditorNameDisplay/&gt; renders the agency name and phone correctly for modrator" time="0.016">
    </testcase>
  </testsuite>
  <testsuite name="QuestionnaireTypeTabs" errors="0" failures="0" skipped="0" timestamp="2024-04-11T11:08:26" time="0.299" tests="5">
    <testcase classname="QuestionnaireTypeTabs renders a loading sign when there are no questionnaire types" name="QuestionnaireTypeTabs renders a loading sign when there are no questionnaire types" time="0">
    </testcase>
    <testcase classname="QuestionnaireTypeTabs renders nothing when only one questionnaire type exists" name="QuestionnaireTypeTabs renders nothing when only one questionnaire type exists" time="0">
    </testcase>
    <testcase classname="QuestionnaireTypeTabs renders the tabs with selected questionnaire type" name="QuestionnaireTypeTabs renders the tabs with selected questionnaire type" time="0">
    </testcase>
    <testcase classname="QuestionnaireTypeTabs calls onMount when it is mounted" name="QuestionnaireTypeTabs calls onMount when it is mounted" time="0">
    </testcase>
    <testcase classname="QuestionnaireTypeTabs calls onSelect when a tab is clicked" name="QuestionnaireTypeTabs calls onSelect when a tab is clicked" time="0">
    </testcase>
  </testsuite>
  <testsuite name="fetchReportAttributesByAuditCycleId" errors="0" failures="0" skipped="0" timestamp="2024-04-11T11:08:26" time="0.22" tests="2">
    <testcase classname="fetchReportAttributesByAuditCycleId returns an action with the given auditCycleId and reportAttributes" name="fetchReportAttributesByAuditCycleId returns an action with the given auditCycleId and reportAttributes" time="0">
    </testcase>
    <testcase classname="REPORT_ATTRIBUTE_GET it sets the report attributes with audit cycle as the key" name="REPORT_ATTRIBUTE_GET it sets the report attributes with audit cycle as the key" time="0">
    </testcase>
  </testsuite>
  <testsuite name="&lt;AuditStoreTable/&gt;" errors="0" failures="0" skipped="0" timestamp="2024-04-11T11:08:27" time="0.267" tests="1">
    <testcase classname="&lt;AuditStoreTable/&gt; renders the list of audit stores correctly" name="&lt;AuditStoreTable/&gt; renders the list of audit stores correctly" time="0.01">
    </testcase>
  </testsuite>
  <testsuite name="&lt;FormDateInput/&gt;" errors="0" failures="0" skipped="0" timestamp="2024-04-11T11:08:27" time="0.275" tests="1">
    <testcase classname="&lt;FormDateInput/&gt; renders a date input with a label" name="&lt;FormDateInput/&gt; renders a date input with a label" time="0.015">
    </testcase>
  </testsuite>
  <testsuite name="&lt;__AuditorComment/&gt;" errors="0" failures="0" skipped="0" timestamp="2024-04-11T11:08:27" time="0.277" tests="4">
    <testcase classname="&lt;__AuditorComment/&gt; when auditor comment is editable renders a comment correctly" name="&lt;__AuditorComment/&gt; when auditor comment is editable renders a comment correctly" time="0">
    </testcase>
    <testcase classname="&lt;__AuditorComment/&gt; when auditor comment is editable calls onCommentChanged when input is blurred and has changed" name="&lt;__AuditorComment/&gt; when auditor comment is editable calls onCommentChanged when input is blurred and has changed" time="0">
    </testcase>
    <testcase classname="&lt;__AuditorComment/&gt; when auditor comment is editable does not call onCommentChanged when input is blurred and has not changed" name="&lt;__AuditorComment/&gt; when auditor comment is editable does not call onCommentChanged when input is blurred and has not changed" time="0.01">
    </testcase>
    <testcase classname="&lt;__AuditorComment/&gt; when auditor comment is not editable renders a comment correctly" name="&lt;__AuditorComment/&gt; when auditor comment is not editable renders a comment correctly" time="0">
    </testcase>
  </testsuite>
  <testsuite name="ReportAttributeFilters" errors="0" failures="0" skipped="0" timestamp="2024-04-11T11:08:28" time="0.264" tests="4">
    <testcase classname="ReportAttributeFilters calls fetchReportAttributesByAuditCycleId when it is mounted" name="ReportAttributeFilters calls fetchReportAttributesByAuditCycleId when it is mounted" time="0">
    </testcase>
    <testcase classname="ReportAttributeFilters calls fetchReportAttributesByAuditCycleId when selected cycle changes" name="ReportAttributeFilters calls fetchReportAttributesByAuditCycleId when selected cycle changes" time="0">
    </testcase>
    <testcase classname="ReportAttributeFilters renders the report attribute filters with correct props" name="ReportAttributeFilters renders the report attribute filters with correct props" time="0">
    </testcase>
    <testcase classname="ReportAttributeFilters renders nothing when there are no report attributes" name="ReportAttributeFilters renders nothing when there are no report attributes" time="0">
    </testcase>
  </testsuite>
  <testsuite name="&lt;QuestionnaireTrends/&gt;" errors="0" failures="0" skipped="0" timestamp="2024-04-11T11:08:28" time="0.266" tests="2">
    <testcase classname="&lt;QuestionnaireTrends/&gt; renders the QuestionnaireTrends table correctly" name="&lt;QuestionnaireTrends/&gt; renders the QuestionnaireTrends table correctly" time="0.015">
    </testcase>
    <testcase classname="&lt;QuestionnaireTrends/&gt; calls fetchStorePerformance with the correct store and questionnaire type id" name="&lt;QuestionnaireTrends/&gt; calls fetchStorePerformance with the correct store and questionnaire type id" time="0">
    </testcase>
  </testsuite>
  <testsuite name="fetchUser" errors="0" failures="0" skipped="0" timestamp="2024-04-11T11:08:28" time="0.251" tests="2">
    <testcase classname="fetchUser it calls fetchsUser on the user service" name="fetchUser it calls fetchsUser on the user service" time="0">
    </testcase>
    <testcase classname="fetchUser it dispatches an action to set the user when the request is successful" name="fetchUser it dispatches an action to set the user when the request is successful" time="0.015">
    </testcase>
  </testsuite>
  <testsuite name="CitySelector" errors="0" failures="0" skipped="0" timestamp="2024-04-11T11:08:28" time="0.267" tests="5">
    <testcase classname="CitySelector renders the selector with nothing selected" name="CitySelector renders the selector with nothing selected" time="0.016">
    </testcase>
    <testcase classname="CitySelector renders nothing when there is only one city" name="CitySelector renders nothing when there is only one city" time="0">
    </testcase>
    <testcase classname="CitySelector renders nothing when there are no cities" name="CitySelector renders nothing when there are no cities" time="0">
    </testcase>
    <testcase classname="CitySelector renders the selector with selected city" name="CitySelector renders the selector with selected city" time="0">
    </testcase>
    <testcase classname="CitySelector calls onSelect with the city id when a city is selected" name="CitySelector calls onSelect with the city id when a city is selected" time="0">
    </testcase>
  </testsuite>
  <testsuite name="ADDITIONAL_INFO_GET" errors="0" failures="0" skipped="0" timestamp="2024-04-11T11:08:29" time="0.235" tests="7">
    <testcase classname="ADDITIONAL_INFO_GET when status is request sets loading to true" name="ADDITIONAL_INFO_GET when status is request sets loading to true" time="0">
    </testcase>
    <testcase classname="ADDITIONAL_INFO_GET when status is success sets loading to false" name="ADDITIONAL_INFO_GET when status is success sets loading to false" time="0">
    </testcase>
    <testcase classname="ADDITIONAL_INFO_GET when status is success sets the additional info" name="ADDITIONAL_INFO_GET when status is success sets the additional info" time="0">
    </testcase>
    <testcase classname="ADDITIONAL_INFO_POST when status is request clears the form errors" name="ADDITIONAL_INFO_POST when status is request clears the form errors" time="0">
    </testcase>
    <testcase classname="ADDITIONAL_INFO_POST when status is success clears the form errors" name="ADDITIONAL_INFO_POST when status is success clears the form errors" time="0">
    </testcase>
    <testcase classname="ADDITIONAL_INFO_POST when status is success sets the additional info" name="ADDITIONAL_INFO_POST when status is success sets the additional info" time="0">
    </testcase>
    <testcase classname="ADDITIONAL_INFO_POST when status is error clears the form errors" name="ADDITIONAL_INFO_POST when status is error clears the form errors" time="0">
    </testcase>
  </testsuite>
  <testsuite name="&lt;AuditCycleList/&gt;" errors="0" failures="0" skipped="0" timestamp="2024-04-11T11:08:29" time="0.425" tests="1">
    <testcase classname="&lt;AuditCycleList/&gt; renders a list of audit cycles" name="&lt;AuditCycleList/&gt; renders a list of audit cycles" time="0.054">
    </testcase>
  </testsuite>
  <testsuite name="ImpactFactorInput" errors="0" failures="0" skipped="0" timestamp="2024-04-11T11:08:30" time="0.238" tests="4">
    <testcase classname="ImpactFactorInput renders an empty form" name="ImpactFactorInput renders an empty form" time="0">
    </testcase>
    <testcase classname="ImpactFactorInput renders a pre filled form" name="ImpactFactorInput renders a pre filled form" time="0">
    </testcase>
    <testcase classname="ImpactFactorInput re-renders a pre filled form when the props change" name="ImpactFactorInput re-renders a pre filled form when the props change" time="0">
    </testcase>
    <testcase classname="ImpactFactorInput calls onChange with the split values" name="ImpactFactorInput calls onChange with the split values" time="0">
    </testcase>
  </testsuite>
  <testsuite name="AuditCycleModeratorSummary" errors="0" failures="0" skipped="0" timestamp="2024-04-11T11:08:30" time="0.298" tests="5">
    <testcase classname="AuditCycleModeratorSummary renders the moderator summary and moderator emails" name="AuditCycleModeratorSummary renders the moderator summary and moderator emails" time="0.015">
    </testcase>
    <testcase classname="AuditCycleModeratorSummary renders a loading widget there is no summary" name="AuditCycleModeratorSummary renders a loading widget there is no summary" time="0">
    </testcase>
    <testcase classname="AuditCycleModeratorSummary renders the empty message when there are no rows" name="AuditCycleModeratorSummary renders the empty message when there are no rows" time="0">
    </testcase>
    <testcase classname="AuditCycleModeratorSummary calls fetchModerators prop when it is mounted" name="AuditCycleModeratorSummary calls fetchModerators prop when it is mounted" time="0">
    </testcase>
    <testcase classname="AuditCycleModeratorSummary calls fetchModeratorSummaryByAuditCycle prop when it is mounted" name="AuditCycleModeratorSummary calls fetchModeratorSummaryByAuditCycle prop when it is mounted" time="0">
    </testcase>
  </testsuite>
  <testsuite name="StateSelector" errors="0" failures="0" skipped="0" timestamp="2024-04-11T11:08:30" time="0.25" tests="5">
    <testcase classname="StateSelector renders the selector with nothing selected" name="StateSelector renders the selector with nothing selected" time="0.016">
    </testcase>
    <testcase classname="StateSelector renders nothing when there is only one state" name="StateSelector renders nothing when there is only one state" time="0">
    </testcase>
    <testcase classname="StateSelector renders nothing when there are no states" name="StateSelector renders nothing when there are no states" time="0">
    </testcase>
    <testcase classname="StateSelector renders the selector with selected city" name="StateSelector renders the selector with selected city" time="0">
    </testcase>
    <testcase classname="StateSelector calls onSelect with the city id when a city is selected" name="StateSelector calls onSelect with the city id when a city is selected" time="0">
    </testcase>
  </testsuite>
  <testsuite name="&lt;FormSelect/&gt;" errors="0" failures="0" skipped="0" timestamp="2024-04-11T11:08:30" time="0.251" tests="6">
    <testcase classname="&lt;FormSelect/&gt; renders a blank select" name="&lt;FormSelect/&gt; renders a blank select" time="0">
    </testcase>
    <testcase classname="&lt;FormSelect/&gt; renders a select with an option selected" name="&lt;FormSelect/&gt; renders a select with an option selected" time="0">
    </testcase>
    <testcase classname="&lt;FormSelect/&gt; renders a select with errors" name="&lt;FormSelect/&gt; renders a select with errors" time="0">
    </testcase>
    <testcase classname="&lt;FormSelect/&gt; renders a disabled select" name="&lt;FormSelect/&gt; renders a disabled select" time="0.015">
    </testcase>
    <testcase classname="&lt;FormSelect/&gt; calls onChange with when the selected value is changed" name="&lt;FormSelect/&gt; calls onChange with when the selected value is changed" time="0">
    </testcase>
    <testcase classname="&lt;FormSelect/&gt; converts undefined value to an empty string" name="&lt;FormSelect/&gt; converts undefined value to an empty string" time="0">
    </testcase>
  </testsuite>
  <testsuite name="&lt;ClientUserForm&gt;" errors="0" failures="0" skipped="0" timestamp="2024-04-11T11:08:31" time="0.267" tests="1">
    <testcase classname="&lt;ClientUserForm&gt; renders an empty form correctly" name="&lt;ClientUserForm&gt; renders an empty form correctly" time="0.015">
    </testcase>
  </testsuite>
  <testsuite name="&lt;ApplicationStatusSummary/&gt;" errors="0" failures="0" skipped="0" timestamp="2024-04-11T11:08:31" time="0.252" tests="1">
    <testcase classname="&lt;ApplicationStatusSummary/&gt; renders the application status summary correctly" name="&lt;ApplicationStatusSummary/&gt; renders the application status summary correctly" time="0">
    </testcase>
  </testsuite>
  <testsuite name="ModeratorIndex" errors="0" failures="0" skipped="0" timestamp="2024-04-11T11:08:31" time="0.266" tests="1">
    <testcase classname="ModeratorIndex renders the children with the tabs" name="ModeratorIndex renders the children with the tabs" time="0">
    </testcase>
  </testsuite>
  <testsuite name="OverallExperienceGauge" errors="0" failures="0" skipped="0" timestamp="2024-04-11T11:08:32" time="0.236" tests="5">
    <testcase classname="OverallExperienceGauge renders the experience gauge correctly for colorCode: 1" name="OverallExperienceGauge renders the experience gauge correctly for colorCode: 1" time="0">
    </testcase>
    <testcase classname="OverallExperienceGauge renders the experience gauge correctly for colorCode: 2" name="OverallExperienceGauge renders the experience gauge correctly for colorCode: 2" time="0.011">
    </testcase>
    <testcase classname="OverallExperienceGauge renders the experience gauge correctly for colorCode: 3" name="OverallExperienceGauge renders the experience gauge correctly for colorCode: 3" time="0">
    </testcase>
    <testcase classname="OverallExperienceGauge renders the experience gauge correctly for colorCode: 4" name="OverallExperienceGauge renders the experience gauge correctly for colorCode: 4" time="0">
    </testcase>
    <testcase classname="OverallExperienceGauge renders the experience gauge correctly for colorCode: 5" name="OverallExperienceGauge renders the experience gauge correctly for colorCode: 5" time="0">
    </testcase>
  </testsuite>
  <testsuite name="&lt;InPlaceEditable/&gt;" errors="0" failures="0" skipped="0" timestamp="2024-04-11T11:08:32" time="0.251" tests="5">
    <testcase classname="&lt;InPlaceEditable/&gt; renders a value in view mode" name="&lt;InPlaceEditable/&gt; renders a value in view mode" time="0.015">
    </testcase>
    <testcase classname="&lt;InPlaceEditable/&gt; renders a value in view mode in hover state" name="&lt;InPlaceEditable/&gt; renders a value in view mode in hover state" time="0">
    </testcase>
    <testcase classname="&lt;InPlaceEditable/&gt; renders a value in editable mode" name="&lt;InPlaceEditable/&gt; renders a value in editable mode" time="0">
    </testcase>
    <testcase classname="&lt;InPlaceEditable/&gt; becomes editable when the view is clicked" name="&lt;InPlaceEditable/&gt; becomes editable when the view is clicked" time="0.007">
    </testcase>
    <testcase classname="&lt;InPlaceEditable/&gt; calls onSave when the input is blurred" name="&lt;InPlaceEditable/&gt; calls onSave when the input is blurred" time="0.009">
    </testcase>
  </testsuite>
  <testsuite name="&lt;MutexAnswerElement/&gt;" errors="0" failures="0" skipped="0" timestamp="2024-04-11T11:08:32" time="0.268" tests="8">
    <testcase classname="&lt;MutexAnswerElement/&gt; renders AnswerComment with correct IDs" name="&lt;MutexAnswerElement/&gt; renders AnswerComment with correct IDs" time="0">
    </testcase>
    <testcase classname="&lt;MutexAnswerElement/&gt; when answer is editable renders no selection correctly" name="&lt;MutexAnswerElement/&gt; when answer is editable renders no selection correctly" time="0">
    </testcase>
    <testcase classname="&lt;MutexAnswerElement/&gt; when answer is editable renders a selected option correctly" name="&lt;MutexAnswerElement/&gt; when answer is editable renders a selected option correctly" time="0">
    </testcase>
    <testcase classname="&lt;MutexAnswerElement/&gt; when answer is not editable renders no selection correctly" name="&lt;MutexAnswerElement/&gt; when answer is not editable renders no selection correctly" time="0">
    </testcase>
    <testcase classname="&lt;MutexAnswerElement/&gt; when answer is not editable renders a selected option correctly" name="&lt;MutexAnswerElement/&gt; when answer is not editable renders a selected option correctly" time="0">
    </testcase>
    <testcase classname="&lt;MutexAnswerElement/&gt; when input is focused calls onFocus prop" name="&lt;MutexAnswerElement/&gt; when input is focused calls onFocus prop" time="0.016">
    </testcase>
    <testcase classname="&lt;MutexAnswerElement/&gt; when input is blurred calls onBlur prop" name="&lt;MutexAnswerElement/&gt; when input is blurred calls onBlur prop" time="0">
    </testcase>
    <testcase classname="&lt;MutexAnswerElement/&gt; when input is changed calls onChange prop" name="&lt;MutexAnswerElement/&gt; when input is changed calls onChange prop" time="0">
    </testcase>
  </testsuite>
  <testsuite name="findAuditStore" errors="0" failures="0" skipped="0" timestamp="2024-04-11T11:08:33" time="0.235" tests="2">
    <testcase classname="findAuditStore it finds the auditStore from the store" name="findAuditStore it finds the auditStore from the store" time="0">
    </testcase>
    <testcase classname="findAuditStore it returns undefined when the auditStore is not found" name="findAuditStore it returns undefined when the auditStore is not found" time="0">
    </testcase>
  </testsuite>
  <testsuite name="&lt;AuditTypeLabel/&gt;" errors="0" failures="0" skipped="0" timestamp="2024-04-11T11:08:33" time="0.249" tests="21">
    <testcase classname="&lt;AuditTypeLabel/&gt; renders correctly for audit type: WALKIN" name="&lt;AuditTypeLabel/&gt; renders correctly for audit type: WALKIN" time="0">
    </testcase>
    <testcase classname="&lt;AuditTypeLabel/&gt; renders correctly for audit type: PHONE" name="&lt;AuditTypeLabel/&gt; renders correctly for audit type: PHONE" time="0">
    </testcase>
    <testcase classname="&lt;AuditTypeLabel/&gt; renders correctly for audit type: WEB" name="&lt;AuditTypeLabel/&gt; renders correctly for audit type: WEB" time="0">
    </testcase>
    <testcase classname="&lt;AuditTypeLabel/&gt; renders correctly for audit type: VISIBILITY" name="&lt;AuditTypeLabel/&gt; renders correctly for audit type: VISIBILITY" time="0">
    </testcase>
    <testcase classname="&lt;AuditTypeLabel/&gt; renders correctly for audit type: COMPETITION" name="&lt;AuditTypeLabel/&gt; renders correctly for audit type: COMPETITION" time="0">
    </testcase>
    <testcase classname="&lt;AuditTypeLabel/&gt; renders correctly for audit type: SERVICE" name="&lt;AuditTypeLabel/&gt; renders correctly for audit type: SERVICE" time="0.016">
    </testcase>
    <testcase classname="&lt;AuditTypeLabel/&gt; renders correctly for audit type: SALES" name="&lt;AuditTypeLabel/&gt; renders correctly for audit type: SALES" time="0">
    </testcase>
    <testcase classname="&lt;AuditTypeLabel/&gt; renders correctly for audit type: FINE_DINE" name="&lt;AuditTypeLabel/&gt; renders correctly for audit type: FINE_DINE" time="0">
    </testcase>
    <testcase classname="&lt;AuditTypeLabel/&gt; renders correctly for audit type: SKY_KARTING" name="&lt;AuditTypeLabel/&gt; renders correctly for audit type: SKY_KARTING" time="0">
    </testcase>
    <testcase classname="&lt;AuditTypeLabel/&gt; renders correctly for audit type: SMAAASH_ARENA" name="&lt;AuditTypeLabel/&gt; renders correctly for audit type: SMAAASH_ARENA" time="0">
    </testcase>
    <testcase classname="&lt;AuditTypeLabel/&gt; renders correctly for audit type: GENERAL" name="&lt;AuditTypeLabel/&gt; renders correctly for audit type: GENERAL" time="0">
    </testcase>
    <testcase classname="&lt;AuditTypeLabel/&gt; renders correctly for audit type: SMAAASH" name="&lt;AuditTypeLabel/&gt; renders correctly for audit type: SMAAASH" time="0">
    </testcase>
    <testcase classname="&lt;AuditTypeLabel/&gt; renders correctly for audit type: SMAAASH_MEGA" name="&lt;AuditTypeLabel/&gt; renders correctly for audit type: SMAAASH_MEGA" time="0">
    </testcase>
    <testcase classname="&lt;AuditTypeLabel/&gt; renders correctly for audit type: SMAAASH_ZONE" name="&lt;AuditTypeLabel/&gt; renders correctly for audit type: SMAAASH_ZONE" time="0">
    </testcase>
    <testcase classname="&lt;AuditTypeLabel/&gt; renders correctly for audit type: DDC" name="&lt;AuditTypeLabel/&gt; renders correctly for audit type: DDC" time="0">
    </testcase>
    <testcase classname="&lt;AuditTypeLabel/&gt; renders correctly for audit type: HTC" name="&lt;AuditTypeLabel/&gt; renders correctly for audit type: HTC" time="0">
    </testcase>
    <testcase classname="&lt;AuditTypeLabel/&gt; renders correctly for audit type: ASCVD" name="&lt;AuditTypeLabel/&gt; renders correctly for audit type: ASCVD" time="0">
    </testcase>
    <testcase classname="&lt;AuditTypeLabel/&gt; renders correctly for audit type: SKIN_HYDRATION" name="&lt;AuditTypeLabel/&gt; renders correctly for audit type: SKIN_HYDRATION" time="0">
    </testcase>
    <testcase classname="&lt;AuditTypeLabel/&gt; renders correctly for audit type: HYPER_PIGMENTATION" name="&lt;AuditTypeLabel/&gt; renders correctly for audit type: HYPER_PIGMENTATION" time="0">
    </testcase>
    <testcase classname="&lt;AuditTypeLabel/&gt; renders correctly for audit type: SKIN_SENSITIVE" name="&lt;AuditTypeLabel/&gt; renders correctly for audit type: SKIN_SENSITIVE" time="0">
    </testcase>
    <testcase classname="&lt;AuditTypeLabel/&gt; renders correctly for audit type: RETAIL" name="&lt;AuditTypeLabel/&gt; renders correctly for audit type: RETAIL" time="0">
    </testcase>
  </testsuite>
  <testsuite name="&lt;AuditStoreDetailsBox/&gt;" errors="0" failures="0" skipped="0" timestamp="2024-04-11T11:08:33" time="0.22" tests="1">
    <testcase classname="&lt;AuditStoreDetailsBox/&gt; renders the AuditStoreDetailsBox table correctly" name="&lt;AuditStoreDetailsBox/&gt; renders the AuditStoreDetailsBox table correctly" time="0">
    </testcase>
  </testsuite>
  <testsuite name="&lt;SectionTotalsBox/&gt;" errors="0" failures="0" skipped="0" timestamp="2024-04-11T11:08:33" time="0.231" tests="1">
    <testcase classname="&lt;SectionTotalsBox/&gt; renders the SectionTotalsBox correctly" name="&lt;SectionTotalsBox/&gt; renders the SectionTotalsBox correctly" time="0.011">
    </testcase>
  </testsuite>
  <testsuite name="&lt;CheckoutForm&gt;" errors="0" failures="0" skipped="0" timestamp="2024-04-11T11:08:34" time="0.251" tests="1">
    <testcase classname="&lt;CheckoutForm&gt; renders an empty form correctly" name="&lt;CheckoutForm&gt; renders an empty form correctly" time="0.016">
    </testcase>
  </testsuite>
  <testsuite name="AuditCycleSelector" errors="0" failures="0" skipped="0" timestamp="2024-04-11T11:08:34" time="0.266" tests="4">
    <testcase classname="AuditCycleSelector renders nothing when nothing is selected" name="AuditCycleSelector renders nothing when nothing is selected" time="0">
    </testcase>
    <testcase classname="AuditCycleSelector renders the selector with selected audit cycle" name="AuditCycleSelector renders the selector with selected audit cycle" time="0">
    </testcase>
    <testcase classname="AuditCycleSelector calls onMount when it is mounted" name="AuditCycleSelector calls onMount when it is mounted" time="0">
    </testcase>
    <testcase classname="AuditCycleSelector calls onSelect when an option is selected" name="AuditCycleSelector calls onSelect when an option is selected" time="0.016">
    </testcase>
  </testsuite>
  <testsuite name="auditCycleReducer" errors="0" failures="0" skipped="0" timestamp="2024-04-11T11:08:34" time="0.285" tests="5">
    <testcase classname="auditCycleReducer gets the initial state" name="auditCycleReducer gets the initial state" time="0">
    </testcase>
    <testcase classname="auditCycleReducer FETCH_AUDIT_CYCLES sets the auditCycles" name="auditCycleReducer FETCH_AUDIT_CYCLES sets the auditCycles" time="0">
    </testcase>
    <testcase classname="auditCycleReducer SELECT_AUDIT_CYCLE sets the selected auditCycle" name="auditCycleReducer SELECT_AUDIT_CYCLE sets the selected auditCycle" time="0">
    </testcase>
    <testcase classname="selectAuditCycle it returns an action to select the audit cycle" name="selectAuditCycle it returns an action to select the audit cycle" time="0.003">
    </testcase>
    <testcase classname="fetchAuditCycles it returns an action to fetch audit cycles" name="fetchAuditCycles it returns an action to fetch audit cycles" time="0">
    </testcase>
  </testsuite>
  <testsuite name="BANK_INFO_GET" errors="0" failures="0" skipped="0" timestamp="2024-04-11T11:08:34" time="0.235" tests="7">
    <testcase classname="BANK_INFO_GET when status is request sets loading to true" name="BANK_INFO_GET when status is request sets loading to true" time="0.007">
    </testcase>
    <testcase classname="BANK_INFO_GET when status is success sets loading to false" name="BANK_INFO_GET when status is success sets loading to false" time="0">
    </testcase>
    <testcase classname="BANK_INFO_GET when status is success sets the bank info" name="BANK_INFO_GET when status is success sets the bank info" time="0">
    </testcase>
    <testcase classname="BANK_INFO_POST when status is request clears the form errors" name="BANK_INFO_POST when status is request clears the form errors" time="0">
    </testcase>
    <testcase classname="BANK_INFO_POST when status is success clears the form errors" name="BANK_INFO_POST when status is success clears the form errors" time="0">
    </testcase>
    <testcase classname="BANK_INFO_POST when status is success sets the bank info" name="BANK_INFO_POST when status is success sets the bank info" time="0">
    </testcase>
    <testcase classname="BANK_INFO_POST when status is error clears the form errors" name="BANK_INFO_POST when status is error clears the form errors" time="0">
    </testcase>
  </testsuite>
  <testsuite name="qaOkAuditStore" errors="0" failures="0" skipped="0" timestamp="2024-04-11T11:08:35" time="0.446" tests="16">
    <testcase classname="qaOkAuditStore it dispatches a request before posting to the URL" name="qaOkAuditStore it dispatches a request before posting to the URL" time="0">
    </testcase>
    <testcase classname="qaOkAuditStore it posts to the correct URL" name="qaOkAuditStore it posts to the correct URL" time="0">
    </testcase>
    <testcase classname="qaOkAuditStore it dispatches a success action when server returns successfully" name="qaOkAuditStore it dispatches a success action when server returns successfully" time="0.016">
    </testcase>
    <testcase classname="qaOkAuditStore it dispatches an error action when there is a client error" name="qaOkAuditStore it dispatches an error action when there is a client error" time="0.016">
    </testcase>
    <testcase classname="pmRevertAuditStore it dispatches a request before posting to the URL" name="pmRevertAuditStore it dispatches a request before posting to the URL" time="0">
    </testcase>
    <testcase classname="pmRevertAuditStore it posts to the correct URL" name="pmRevertAuditStore it posts to the correct URL" time="0">
    </testcase>
    <testcase classname="pmRevertAuditStore it dispatches a success action when server returns successfully" name="pmRevertAuditStore it dispatches a success action when server returns successfully" time="0.015">
    </testcase>
    <testcase classname="pmRevertAuditStore it dispatches an error action when there is a client error" name="pmRevertAuditStore it dispatches an error action when there is a client error" time="0.016">
    </testcase>
    <testcase classname="acceptAuditStore it dispatches a request before posting to the URL" name="acceptAuditStore it dispatches a request before posting to the URL" time="0">
    </testcase>
    <testcase classname="acceptAuditStore it posts to the correct URL" name="acceptAuditStore it posts to the correct URL" time="0">
    </testcase>
    <testcase classname="acceptAuditStore it dispatches a success action when server returns successfully" name="acceptAuditStore it dispatches a success action when server returns successfully" time="0">
    </testcase>
    <testcase classname="acceptAuditStore it dispatches an error action when there is a client error" name="acceptAuditStore it dispatches an error action when there is a client error" time="0.016">
    </testcase>
    <testcase classname="setReportAttributeValue returns a thunk that calls the service with the audit store id, json id and option id" name="setReportAttributeValue returns a thunk that calls the service with the audit store id, json id and option id" time="0">
    </testcase>
    <testcase classname="setReportAttributeValue dispatches an action when server returns an updated audit store successfully" name="setReportAttributeValue dispatches an action when server returns an updated audit store successfully" time="0.016">
    </testcase>
    <testcase classname="setReportSummary returns a thunk that calls the service with the audit store id, json id and option id" name="setReportSummary returns a thunk that calls the service with the audit store id, json id and option id" time="0">
    </testcase>
    <testcase classname="setReportSummary dispatches an action when server returns an updated audit store successfully" name="setReportSummary dispatches an action when server returns an updated audit store successfully" time="0.015">
    </testcase>
  </testsuite>
  <testsuite name="&lt;Label/&gt;" errors="0" failures="0" skipped="0" timestamp="2024-04-11T11:08:35" time="0.235" tests="11">
    <testcase classname="&lt;Label/&gt; renders a Label" name="&lt;Label/&gt; renders a Label" time="0">
    </testcase>
    <testcase classname="&lt;Label/&gt; renders Label with the default style" name="&lt;Label/&gt; renders Label with the default style" time="0">
    </testcase>
    <testcase classname="&lt;Label/&gt; renders Label with the info style" name="&lt;Label/&gt; renders Label with the info style" time="0">
    </testcase>
    <testcase classname="&lt;Label/&gt; renders Label with the primary style" name="&lt;Label/&gt; renders Label with the primary style" time="0">
    </testcase>
    <testcase classname="&lt;Label/&gt; renders Label with the primary1 style" name="&lt;Label/&gt; renders Label with the primary1 style" time="0">
    </testcase>
    <testcase classname="&lt;Label/&gt; renders Label with the success style" name="&lt;Label/&gt; renders Label with the success style" time="0">
    </testcase>
    <testcase classname="&lt;Label/&gt; renders Label with the success2 style" name="&lt;Label/&gt; renders Label with the success2 style" time="0">
    </testcase>
    <testcase classname="&lt;Label/&gt; renders Label with the warning style" name="&lt;Label/&gt; renders Label with the warning style" time="0.015">
    </testcase>
    <testcase classname="&lt;Label/&gt; renders Label with the warning2 style" name="&lt;Label/&gt; renders Label with the warning2 style" time="0.001">
    </testcase>
    <testcase classname="&lt;Label/&gt; renders Label with the danger style" name="&lt;Label/&gt; renders Label with the danger style" time="0">
    </testcase>
    <testcase classname="&lt;Label/&gt; renders Label with the danger2 style" name="&lt;Label/&gt; renders Label with the danger2 style" time="0">
    </testcase>
  </testsuite>
  <testsuite name="manager section actions" errors="0" failures="0" skipped="0" timestamp="2024-04-11T11:08:35" time="0.22" tests="17">
    <testcase classname="manager section actions fetchSection calls the service with the given sectionId" name="manager section actions fetchSection calls the service with the given sectionId" time="0">
    </testcase>
    <testcase classname="manager section actions fetchSections calls the service with the given auditCycleId" name="manager section actions fetchSections calls the service with the given auditCycleId" time="0">
    </testcase>
    <testcase classname="manager section actions loadSectionAddForm dispatches an action to reset the form errors" name="manager section actions loadSectionAddForm dispatches an action to reset the form errors" time="0">
    </testcase>
    <testcase classname="manager section actions loadSectionEditForm dispatches an action to reset the form errors" name="manager section actions loadSectionEditForm dispatches an action to reset the form errors" time="0">
    </testcase>
    <testcase classname="manager section actions loadSectionEditForm dispatches an action to fetch the section" name="manager section actions loadSectionEditForm dispatches an action to fetch the section" time="0">
    </testcase>
    <testcase classname="manager section actions saveSectionEditForm dispatches an action to reset the form errors" name="manager section actions saveSectionEditForm dispatches an action to reset the form errors" time="0">
    </testcase>
    <testcase classname="manager section actions saveSectionEditForm calls the service with the section data" name="manager section actions saveSectionEditForm calls the service with the section data" time="0">
    </testcase>
    <testcase classname="manager section actions saveSectionEditForm when the save succeeds returns a promise resolved to the saved section" name="manager section actions saveSectionEditForm when the save succeeds returns a promise resolved to the saved section" time="0">
    </testcase>
    <testcase classname="manager section actions saveSectionEditForm when the save succeeds dispatches an action to update the saved section" name="manager section actions saveSectionEditForm when the save succeeds dispatches an action to update the saved section" time="0">
    </testcase>
    <testcase classname="manager section actions saveSectionEditForm when the save fails returns a promise rejected with the errors" name="manager section actions saveSectionEditForm when the save fails returns a promise rejected with the errors" time="0">
    </testcase>
    <testcase classname="manager section actions saveSectionEditForm when the save fails dispatches an action to set the form errors" name="manager section actions saveSectionEditForm when the save fails dispatches an action to set the form errors" time="0">
    </testcase>
    <testcase classname="manager section actions saveSectionAddForm dispatches an action to reset the form errors" name="manager section actions saveSectionAddForm dispatches an action to reset the form errors" time="0">
    </testcase>
    <testcase classname="manager section actions saveSectionAddForm calls the service with the section data" name="manager section actions saveSectionAddForm calls the service with the section data" time="0">
    </testcase>
    <testcase classname="manager section actions saveSectionAddForm when the save succeeds returns a promise resolved to the saved section" name="manager section actions saveSectionAddForm when the save succeeds returns a promise resolved to the saved section" time="0">
    </testcase>
    <testcase classname="manager section actions saveSectionAddForm when the save succeeds dispatches an action to update the saved section" name="manager section actions saveSectionAddForm when the save succeeds dispatches an action to update the saved section" time="0">
    </testcase>
    <testcase classname="manager section actions saveSectionAddForm when the save fails returns a promise rejected with the errors" name="manager section actions saveSectionAddForm when the save fails returns a promise rejected with the errors" time="0">
    </testcase>
    <testcase classname="manager section actions saveSectionAddForm when the save fails dispatches an action to set the form errors" name="manager section actions saveSectionAddForm when the save fails dispatches an action to set the form errors" time="0">
    </testcase>
  </testsuite>
  <testsuite name="&lt;AttachmentInProgressThumbnail/&gt;" errors="0" failures="0" skipped="0" timestamp="2024-04-11T11:08:36" time="0.212" tests="4">
    <testcase classname="&lt;AttachmentInProgressThumbnail/&gt; when upload is initializing" name="&lt;AttachmentInProgressThumbnail/&gt; when upload is initializing" time="0">
    </testcase>
    <testcase classname="&lt;AttachmentInProgressThumbnail/&gt; when upload is in progress and there is no fileName" name="&lt;AttachmentInProgressThumbnail/&gt; when upload is in progress and there is no fileName" time="0">
    </testcase>
    <testcase classname="&lt;AttachmentInProgressThumbnail/&gt; when upload is in progress" name="&lt;AttachmentInProgressThumbnail/&gt; when upload is in progress" time="0">
    </testcase>
    <testcase classname="&lt;AttachmentInProgressThumbnail/&gt; when upload has an error" name="&lt;AttachmentInProgressThumbnail/&gt; when upload has an error" time="0.016">
    </testcase>
  </testsuite>
  <testsuite name="STATE_GET" errors="0" failures="0" skipped="0" timestamp="2024-04-11T11:08:36" time="0.219" tests="1">
    <testcase classname="STATE_GET when the status is success sets the states in the store" name="STATE_GET when the status is success sets the states in the store" time="0">
    </testcase>
  </testsuite>
  <testsuite name="fetchAuditCycles" errors="0" failures="0" skipped="0" timestamp="2024-04-11T11:08:36" time="0.267" tests="4">
    <testcase classname="fetchAuditCycles it calls fetchAuditCycles on the auditCycleService" name="fetchAuditCycles it calls fetchAuditCycles on the auditCycleService" time="0">
    </testcase>
    <testcase classname="fetchAuditCycles it dispatches an action when the request is successful" name="fetchAuditCycles it dispatches an action when the request is successful" time="0.016">
    </testcase>
    <testcase classname="selectAuditCycle it dispatches an action to select the given audit cycle" name="selectAuditCycle it dispatches an action to select the given audit cycle" time="0">
    </testcase>
    <testcase classname="selectAuditCycle it dispatches an action to reset the filters" name="selectAuditCycle it dispatches an action to reset the filters" time="0">
    </testcase>
  </testsuite>
  <testsuite name="APPLICATION_GET" errors="0" failures="0" skipped="0" timestamp="2024-04-11T11:08:37" time="0.231" tests="7">
    <testcase classname="APPLICATION_GET when status is success converts the list to an object" name="APPLICATION_GET when status is success converts the list to an object" time="0">
    </testcase>
    <testcase classname="AUDIT_APPLY_FORM_LOAD when status is request clears the form errros" name="AUDIT_APPLY_FORM_LOAD when status is request clears the form errros" time="0">
    </testcase>
    <testcase classname="AUDIT_APPLY_FORM_SUB when status is success sets the application at the correct id" name="AUDIT_APPLY_FORM_SUB when status is success sets the application at the correct id" time="0">
    </testcase>
    <testcase classname="AUDIT_APPLY_FORM_SUB when status is error sets the form errros" name="AUDIT_APPLY_FORM_SUB when status is error sets the form errros" time="0">
    </testcase>
    <testcase classname="AUDIT_CANCEL_FORM_LOAD when status is request clears the form errros" name="AUDIT_CANCEL_FORM_LOAD when status is request clears the form errros" time="0">
    </testcase>
    <testcase classname="AUDIT_CANCEL_FORM_SUB when status is success sets the application at the correct id" name="AUDIT_CANCEL_FORM_SUB when status is success sets the application at the correct id" time="0">
    </testcase>
    <testcase classname="AUDIT_CANCEL_FORM_SUB when status is error sets the form errros" name="AUDIT_CANCEL_FORM_SUB when status is error sets the form errros" time="0">
    </testcase>
  </testsuite>
  <testsuite name="ANSWER_GET" errors="0" failures="0" skipped="0" timestamp="2024-04-11T11:08:37" time="0.204" tests="1">
    <testcase classname="ANSWER_GET clears the answers on status request" name="ANSWER_GET clears the answers on status request" time="0">
    </testcase>
  </testsuite>
  <testsuite name="fetchReportAttributesByAuditCycleId" errors="0" failures="0" skipped="0" timestamp="2024-04-11T11:08:37" time="0.252" tests="1">
    <testcase classname="fetchReportAttributesByAuditCycleId performs a GET to the correct URL" name="fetchReportAttributesByAuditCycleId performs a GET to the correct URL" time="0">
    </testcase>
  </testsuite>
  <testsuite name="MODERATOR_SUMMARY" errors="0" failures="0" skipped="0" timestamp="2024-04-11T11:08:37" time="0.205" tests="1">
    <testcase classname="MODERATOR_SUMMARY sets the moderator summary" name="MODERATOR_SUMMARY sets the moderator summary" time="0">
    </testcase>
  </testsuite>
  <testsuite name="fetchReportsByAuditCycleId" errors="0" failures="0" skipped="0" timestamp="2024-04-11T11:08:38" time="0.233" tests="2">
    <testcase classname="fetchReportsByAuditCycleId calls findAuditStoresByAuditCycle" name="fetchReportsByAuditCycleId calls findAuditStoresByAuditCycle" time="0">
    </testcase>
    <testcase classname="fetchReportsByAuditCycleId dispatches an action when the request is successful" name="fetchReportsByAuditCycleId dispatches an action when the request is successful" time="0">
    </testcase>
  </testsuite>
  <testsuite name="findFormErrors" errors="0" failures="0" skipped="0" timestamp="2024-04-11T11:08:38" time="0.22" tests="2">
    <testcase classname="findFormErrors should return the form errors" name="findFormErrors should return the form errors" time="0">
    </testcase>
    <testcase classname="findFormErrors when there are no errors should return an empty object" name="findFormErrors when there are no errors should return an empty object" time="0">
    </testcase>
  </testsuite>
  <testsuite name="&lt;Footer/&gt;" errors="0" failures="0" skipped="0" timestamp="2024-04-11T11:08:38" time="0.251" tests="1">
    <testcase classname="&lt;Footer/&gt; renders the footer" name="&lt;Footer/&gt; renders the footer" time="0">
    </testcase>
  </testsuite>
  <testsuite name="fetchSections" errors="0" failures="0" skipped="0" timestamp="2024-04-11T11:08:38" time="0.251" tests="2">
    <testcase classname="fetchSections performs a GET to the correct URL" name="fetchSections performs a GET to the correct URL" time="0.016">
    </testcase>
    <testcase classname="fetchSections extracts data from the response" name="fetchSections extracts data from the response" time="0">
    </testcase>
  </testsuite>
  <testsuite name="&lt;FormInput/&gt;" errors="0" failures="0" skipped="0" timestamp="2024-04-11T11:08:39" time="0.298" tests="11">
    <testcase classname="&lt;FormInput/&gt; renders a default input with basic props" name="&lt;FormInput/&gt; renders a default input with basic props" time="0">
    </testcase>
    <testcase classname="&lt;FormInput/&gt; renders an input with maxLength" name="&lt;FormInput/&gt; renders an input with maxLength" time="0">
    </testcase>
    <testcase classname="&lt;FormInput/&gt; renders a disabled input" name="&lt;FormInput/&gt; renders a disabled input" time="0.016">
    </testcase>
    <testcase classname="&lt;FormInput/&gt; renders a checked checkbox" name="&lt;FormInput/&gt; renders a checked checkbox" time="0">
    </testcase>
    <testcase classname="&lt;FormInput/&gt; renders an unchecked checkbox" name="&lt;FormInput/&gt; renders an unchecked checkbox" time="0">
    </testcase>
    <testcase classname="&lt;FormInput/&gt; calls onChange with the new value" name="&lt;FormInput/&gt; calls onChange with the new value" time="0">
    </testcase>
    <testcase classname="&lt;FormInput/&gt; calls onChange with true when checked" name="&lt;FormInput/&gt; calls onChange with true when checked" time="0">
    </testcase>
    <testcase classname="&lt;FormInput/&gt; calls onChange with false when unchecked" name="&lt;FormInput/&gt; calls onChange with false when unchecked" time="0">
    </testcase>
    <testcase classname="&lt;FormInput/&gt; sets disabled=&apos;true&apos; on input" name="&lt;FormInput/&gt; sets disabled=&apos;true&apos; on input" time="0">
    </testcase>
    <testcase classname="&lt;FormInput/&gt; focuses the input" name="&lt;FormInput/&gt; focuses the input" time="0.046">
    </testcase>
    <testcase classname="&lt;FormInput/&gt; converts undefined value to an empty string" name="&lt;FormInput/&gt; converts undefined value to an empty string" time="0">
    </testcase>
  </testsuite>
  <testsuite name="QuestionnaireTypeTabsForDashboard" errors="0" failures="0" skipped="0" timestamp="2024-04-11T11:08:39" time="0.258" tests="5">
    <testcase classname="QuestionnaireTypeTabsForDashboard renders a loading sign when there are no questionnaire types" name="QuestionnaireTypeTabsForDashboard renders a loading sign when there are no questionnaire types" time="0">
    </testcase>
    <testcase classname="QuestionnaireTypeTabsForDashboard renders nothing when only one questionnaire type exists" name="QuestionnaireTypeTabsForDashboard renders nothing when only one questionnaire type exists" time="0.015">
    </testcase>
    <testcase classname="QuestionnaireTypeTabsForDashboard renders the tabs with selected questionnaire type" name="QuestionnaireTypeTabsForDashboard renders the tabs with selected questionnaire type" time="0">
    </testcase>
    <testcase classname="QuestionnaireTypeTabsForDashboard calls onMount when it is mounted" name="QuestionnaireTypeTabsForDashboard calls onMount when it is mounted" time="0">
    </testcase>
    <testcase classname="QuestionnaireTypeTabsForDashboard calls onSelect when a tab is clicked" name="QuestionnaireTypeTabsForDashboard calls onSelect when a tab is clicked" time="0">
    </testcase>
  </testsuite>
  <testsuite name="&lt;ImpactFactorBox/&gt;" errors="0" failures="0" skipped="0" timestamp="2024-04-11T11:08:39" time="0.224" tests="1">
    <testcase classname="&lt;ImpactFactorBox/&gt; renders the ImpactFactorBox correctly" name="&lt;ImpactFactorBox/&gt; renders the ImpactFactorBox correctly" time="0.015">
    </testcase>
  </testsuite>
  <testsuite name="&lt;Modal/&gt;" errors="0" failures="0" skipped="0" timestamp="2024-04-11T11:08:40" time="0.189" tests="1">
    <testcase classname="&lt;Modal/&gt; renders content within a Modal" name="&lt;Modal/&gt; renders content within a Modal" time="0">
    </testcase>
  </testsuite>
  <testsuite name="USER_GET" errors="0" failures="0" skipped="0" timestamp="2024-04-11T11:08:40" time="0.266" tests="1">
    <testcase classname="USER_GET sets the given user" name="USER_GET sets the given user" time="0">
    </testcase>
  </testsuite>
  <testsuite name="fetchCityWisePerformance" errors="0" failures="0" skipped="0" timestamp="2024-04-11T11:08:40" time="0.235" tests="3">
    <testcase classname="fetchCityWisePerformance performs a GET to the correct URL" name="fetchCityWisePerformance performs a GET to the correct URL" time="0">
    </testcase>
    <testcase classname="fetchStoreWisePerformance performs a GET to the correct URL" name="fetchStoreWisePerformance performs a GET to the correct URL" time="0">
    </testcase>
    <testcase classname="fetchAuditCyclesTimeSeries performs a GET to the correct URL" name="fetchAuditCyclesTimeSeries performs a GET to the correct URL" time="0">
    </testcase>
  </testsuite>
  <testsuite name="&lt;Loading/&gt;" errors="0" failures="0" skipped="0" timestamp="2024-04-11T11:08:40" time="0.204" tests="1">
    <testcase classname="&lt;Loading/&gt; renders a Loading widget" name="&lt;Loading/&gt; renders a Loading widget" time="0">
    </testcase>
  </testsuite>
  <testsuite name="&lt;__AnswerComment/&gt;" errors="0" failures="0" skipped="0" timestamp="2024-04-11T11:08:41" time="0.236" tests="6">
    <testcase classname="&lt;__AnswerComment/&gt; when answer comment is editable renders a blank answer comment correctly" name="&lt;__AnswerComment/&gt; when answer comment is editable renders a blank answer comment correctly" time="0.009">
    </testcase>
    <testcase classname="&lt;__AnswerComment/&gt; when answer comment is editable renders a prefilled answer comment correctly" name="&lt;__AnswerComment/&gt; when answer comment is editable renders a prefilled answer comment correctly" time="0">
    </testcase>
    <testcase classname="&lt;__AnswerComment/&gt; when answer comment is not editable renders a blank answer comment correctly" name="&lt;__AnswerComment/&gt; when answer comment is not editable renders a blank answer comment correctly" time="0">
    </testcase>
    <testcase classname="&lt;__AnswerComment/&gt; when answer comment is not editable renders a prefilled answer comment correctly" name="&lt;__AnswerComment/&gt; when answer comment is not editable renders a prefilled answer comment correctly" time="0">
    </testcase>
    <testcase classname="&lt;__AnswerComment/&gt; when input loses focus calls onChange when answer comment has changed" name="&lt;__AnswerComment/&gt; when input loses focus calls onChange when answer comment has changed" time="0">
    </testcase>
    <testcase classname="&lt;__AnswerComment/&gt; when input loses focus does not call onChange if answer comment is unchanged" name="&lt;__AnswerComment/&gt; when input loses focus does not call onChange if answer comment is unchanged" time="0">
    </testcase>
  </testsuite>
  <testsuite name="&lt;InputGroup/&gt;" errors="0" failures="0" skipped="0" timestamp="2024-04-11T11:08:41" time="0.235" tests="1">
    <testcase classname="&lt;InputGroup/&gt; renders a group of input elements" name="&lt;InputGroup/&gt; renders a group of input elements" time="0">
    </testcase>
  </testsuite>
  <testsuite name="CITY_GET" errors="0" failures="0" skipped="0" timestamp="2024-04-11T11:08:41" time="0.21" tests="2">
    <testcase classname="CITY_GET when the status is request clears the cities in the store" name="CITY_GET when the status is request clears the cities in the store" time="0">
    </testcase>
    <testcase classname="CITY_GET when the status is success sets the cities in the store" name="CITY_GET when the status is success sets the cities in the store" time="0">
    </testcase>
  </testsuite>
  <testsuite name="fetchAuditStores" errors="0" failures="0" skipped="0" timestamp="2024-04-11T11:08:41" time="0.188" tests="4">
    <testcase classname="fetchAuditStores performs a GET to the correct URL" name="fetchAuditStores performs a GET to the correct URL" time="0">
    </testcase>
    <testcase classname="fetchAuditStores extracts data from the response" name="fetchAuditStores extracts data from the response" time="0">
    </testcase>
    <testcase classname="fetchAuditStore performs a GET to the correct URL" name="fetchAuditStore performs a GET to the correct URL" time="0">
    </testcase>
    <testcase classname="fetchAuditStore extracts data from the response" name="fetchAuditStore extracts data from the response" time="0">
    </testcase>
  </testsuite>
  <testsuite name="ReportAttributeSelectors" errors="0" failures="0" skipped="0" timestamp="2024-04-11T11:08:42" time="0.219" tests="4">
    <testcase classname="ReportAttributeSelectors findReportAttributesByAuditCycleId should return all the report attributes for given audit cycle id" name="ReportAttributeSelectors findReportAttributesByAuditCycleId should return all the report attributes for given audit cycle id" time="0">
    </testcase>
    <testcase classname="ReportAttributeSelectors findReportAttributesByAuditCycleId should return an empty array if there are no report attributes for audit cycle id" name="ReportAttributeSelectors findReportAttributesByAuditCycleId should return an empty array if there are no report attributes for audit cycle id" time="0">
    </testcase>
    <testcase classname="ReportAttributeSelectors findReportAttributesBySelectedAuditCycle should return the report attributes for the selected audit cycle" name="ReportAttributeSelectors findReportAttributesBySelectedAuditCycle should return the report attributes for the selected audit cycle" time="0">
    </testcase>
    <testcase classname="ReportAttributeSelectors findReportAttributesBySelectedAuditCycle should return empty array if there are no report attributes for the selected audit cycle" name="ReportAttributeSelectors findReportAttributesBySelectedAuditCycle should return empty array if there are no report attributes for the selected audit cycle" time="0">
    </testcase>
  </testsuite>
  <testsuite name="&lt;ApplicationStatusLabel/&gt;" errors="0" failures="0" skipped="0" timestamp="2024-04-11T11:08:42" time="0.231" tests="6">
    <testcase classname="&lt;ApplicationStatusLabel/&gt; renders correctly for status: APPLIED" name="&lt;ApplicationStatusLabel/&gt; renders correctly for status: APPLIED" time="0">
    </testcase>
    <testcase classname="&lt;ApplicationStatusLabel/&gt; renders correctly for status: NOT_APPLIED" name="&lt;ApplicationStatusLabel/&gt; renders correctly for status: NOT_APPLIED" time="0.016">
    </testcase>
    <testcase classname="&lt;ApplicationStatusLabel/&gt; renders correctly for status: WAITLISTED" name="&lt;ApplicationStatusLabel/&gt; renders correctly for status: WAITLISTED" time="0">
    </testcase>
    <testcase classname="&lt;ApplicationStatusLabel/&gt; renders correctly for status: APPROVED" name="&lt;ApplicationStatusLabel/&gt; renders correctly for status: APPROVED" time="0">
    </testcase>
    <testcase classname="&lt;ApplicationStatusLabel/&gt; renders correctly for status: REJECTED" name="&lt;ApplicationStatusLabel/&gt; renders correctly for status: REJECTED" time="0">
    </testcase>
    <testcase classname="&lt;ApplicationStatusLabel/&gt; renders correctly for status: WITHDRAWN" name="&lt;ApplicationStatusLabel/&gt; renders correctly for status: WITHDRAWN" time="0">
    </testcase>
  </testsuite>
  <testsuite name="QuestionnairePreview" errors="0" failures="0" skipped="0" timestamp="2024-04-11T11:08:42" time="0.236" tests="1">
    <testcase classname="QuestionnairePreview renders an sample questionnaire preview" name="QuestionnairePreview renders an sample questionnaire preview" time="0.013">
    </testcase>
  </testsuite>
  <testsuite name="findModeratorSummaryByAuditCycleId" errors="0" failures="0" skipped="0" timestamp="2024-04-11T11:08:42" time="0.188" tests="2">
    <testcase classname="findModeratorSummaryByAuditCycleId returns the moderator summary for the given audit cycle id" name="findModeratorSummaryByAuditCycleId returns the moderator summary for the given audit cycle id" time="0">
    </testcase>
    <testcase classname="findModeratorSummaryByAuditCycleId should return undefined when there is no moderator summary with given audit cycle id" name="findModeratorSummaryByAuditCycleId should return undefined when there is no moderator summary with given audit cycle id" time="0">
    </testcase>
  </testsuite>
  <testsuite name="AUDIT_CYCLE_MODERATOR_SUMMARY" errors="0" failures="0" skipped="0" timestamp="2024-04-11T11:08:43" time="0.204" tests="1">
    <testcase classname="AUDIT_CYCLE_MODERATOR_SUMMARY sets the moderator summary for the given audit cycle id" name="AUDIT_CYCLE_MODERATOR_SUMMARY sets the moderator summary for the given audit cycle id" time="0">
    </testcase>
  </testsuite>
  <testsuite name="findAuditStoreById" errors="0" failures="0" skipped="0" timestamp="2024-04-11T11:08:43" time="0.184" tests="4">
    <testcase classname="findAuditStoreById should return the audit store with given id" name="findAuditStoreById should return the audit store with given id" time="0">
    </testcase>
    <testcase classname="findAuditStoreById should return undefined when a audit store with given id is not found" name="findAuditStoreById should return undefined when a audit store with given id is not found" time="0">
    </testcase>
    <testcase classname="findSummaryByAuditStoreId should return the audit store summary for the audit store with given id" name="findSummaryByAuditStoreId should return the audit store summary for the audit store with given id" time="0">
    </testcase>
    <testcase classname="findSummaryByAuditStoreId should return blank string if audit store is not found" name="findSummaryByAuditStoreId should return blank string if audit store is not found" time="0">
    </testcase>
  </testsuite>
  <testsuite name="FilterSelectors" errors="0" failures="0" skipped="0" timestamp="2024-04-11T11:08:43" time="0.204" tests="1">
    <testcase classname="FilterSelectors #filterReports should return filtered reports based on their attribute data" name="FilterSelectors #filterReports should return filtered reports based on their attribute data" time="0.015">
    </testcase>
  </testsuite>
  <testsuite name="reportBrowserReducer" errors="0" failures="0" skipped="0" timestamp="2024-04-11T11:08:43" time="0.229" tests="16">
    <testcase classname="reportBrowserReducer gets the initial state" name="reportBrowserReducer gets the initial state" time="0">
    </testcase>
    <testcase classname="reportBrowserReducer RESET_FILTERS resets the filter state to defaults" name="reportBrowserReducer RESET_FILTERS resets the filter state to defaults" time="0">
    </testcase>
    <testcase classname="reportBrowserReducer FETCH_REPORTS sets the fetched reports at the audit cycle based key" name="reportBrowserReducer FETCH_REPORTS sets the fetched reports at the audit cycle based key" time="0">
    </testcase>
    <testcase classname="reportBrowserReducer SELECT_CITY sets the selected city" name="reportBrowserReducer SELECT_CITY sets the selected city" time="0">
    </testcase>
    <testcase classname="reportBrowserReducer SELECT_STORE_TYPE sets the selected store type" name="reportBrowserReducer SELECT_STORE_TYPE sets the selected store type" time="0">
    </testcase>
    <testcase classname="reportBrowserReducer SELECT_PRIORITY sets the selected priority" name="reportBrowserReducer SELECT_PRIORITY sets the selected priority" time="0">
    </testcase>
    <testcase classname="reportBrowserReducer SELECT_START_DATE sets the selected start date" name="reportBrowserReducer SELECT_START_DATE sets the selected start date" time="0">
    </testcase>
    <testcase classname="reportBrowserReducer SELECT_END_DATE sets the selected end date" name="reportBrowserReducer SELECT_END_DATE sets the selected end date" time="0">
    </testcase>
    <testcase classname="reportBrowserReducer SELECT_REPORT_ATTRIBUTE_OPTION selects the given option id the given audit cycle id and json id" name="reportBrowserReducer SELECT_REPORT_ATTRIBUTE_OPTION selects the given option id the given audit cycle id and json id" time="0">
    </testcase>
    <testcase classname="resetDependentFilters returns an action to reset the dependent filters" name="resetDependentFilters returns an action to reset the dependent filters" time="0">
    </testcase>
    <testcase classname="selectCity returns an action to select the city" name="selectCity returns an action to select the city" time="0">
    </testcase>
    <testcase classname="selectStoreType returns an action to select the store type" name="selectStoreType returns an action to select the store type" time="0">
    </testcase>
    <testcase classname="selectPriority returns an action to select the priority" name="selectPriority returns an action to select the priority" time="0">
    </testcase>
    <testcase classname="selectStartDate returns an action to select the start date" name="selectStartDate returns an action to select the start date" time="0">
    </testcase>
    <testcase classname="selectEndDate returns an action to select the end date" name="selectEndDate returns an action to select the end date" time="0">
    </testcase>
    <testcase classname="selectReportAttributeOption it returns an action to select a report attribute option by json id" name="selectReportAttributeOption it returns an action to select a report attribute option by json id" time="0">
    </testcase>
  </testsuite>
  <testsuite name="ImpactFactorInput" errors="0" failures="0" skipped="0" timestamp="2024-04-11T11:08:44" time="0.236" tests="4">
    <testcase classname="ImpactFactorInput renders an empty form" name="ImpactFactorInput renders an empty form" time="0">
    </testcase>
    <testcase classname="ImpactFactorInput renders a pre filled form" name="ImpactFactorInput renders a pre filled form" time="0">
    </testcase>
    <testcase classname="ImpactFactorInput re-renders a pre filled form when the props change" name="ImpactFactorInput re-renders a pre filled form when the props change" time="0">
    </testcase>
    <testcase classname="ImpactFactorInput calls onChange with the split values" name="ImpactFactorInput calls onChange with the split values" time="0">
    </testcase>
  </testsuite>
  <testsuite name="AUDITOR_STATS_GET" errors="0" failures="0" skipped="0" timestamp="2024-04-11T11:08:44" time="0.253" tests="6">
    <testcase classname="AUDITOR_STATS_GET when status is request sets loading to true" name="AUDITOR_STATS_GET when status is request sets loading to true" time="0">
    </testcase>
    <testcase classname="AUDITOR_STATS_GET when status is success sets loading to false" name="AUDITOR_STATS_GET when status is success sets loading to false" time="0">
    </testcase>
    <testcase classname="AUDITOR_STATS_GET when status is success sets the auditor score" name="AUDITOR_STATS_GET when status is success sets the auditor score" time="0">
    </testcase>
    <testcase classname="AUDITOR_SCORE_GET when status is request sets loading to true" name="AUDITOR_SCORE_GET when status is request sets loading to true" time="0">
    </testcase>
    <testcase classname="AUDITOR_SCORE_GET when status is success sets loading to false" name="AUDITOR_SCORE_GET when status is success sets loading to false" time="0">
    </testcase>
    <testcase classname="AUDITOR_SCORE_GET when status is success sets the auditor score" name="AUDITOR_SCORE_GET when status is success sets the auditor score" time="0">
    </testcase>
  </testsuite>
  <testsuite name="&lt;AuditStoreReportAttributeRow/&gt;" errors="0" failures="0" skipped="0" timestamp="2024-04-11T11:08:44" time="0.236" tests="2">
    <testcase classname="&lt;AuditStoreReportAttributeRow/&gt; renders the selected option label correctly" name="&lt;AuditStoreReportAttributeRow/&gt; renders the selected option label correctly" time="0">
    </testcase>
    <testcase classname="&lt;AuditStoreReportAttributeRow/&gt; renders blank option label when option id is not selected" name="&lt;AuditStoreReportAttributeRow/&gt; renders blank option label when option id is not selected" time="0.016">
    </testcase>
  </testsuite>
  <testsuite name="&lt;AuditStoreStatusSummary/&gt;" errors="0" failures="0" skipped="0" timestamp="2024-04-11T11:08:44" time="0.326" tests="4">
    <testcase classname="&lt;AuditStoreStatusSummary/&gt; is rendered correctly when stats are loading" name="&lt;AuditStoreStatusSummary/&gt; is rendered correctly when stats are loading" time="0.016">
    </testcase>
    <testcase classname="&lt;AuditStoreStatusSummary/&gt; is rendered correctly when stats have successfully loaded" name="&lt;AuditStoreStatusSummary/&gt; is rendered correctly when stats have successfully loaded" time="0">
    </testcase>
    <testcase classname="&lt;AuditStoreStatusSummary/&gt; calls the stats service correctly" name="&lt;AuditStoreStatusSummary/&gt; calls the stats service correctly" time="0">
    </testcase>
    <testcase classname="&lt;AuditStoreStatusSummary/&gt; sets the state correctly once data is loaded" name="&lt;AuditStoreStatusSummary/&gt; sets the state correctly once data is loaded" time="0">
    </testcase>
  </testsuite>
  <testsuite name="fetchModeratorSummaryByAuditCycle" errors="0" failures="0" skipped="0" timestamp="2024-04-11T11:08:45" time="0.267" tests="9">
    <testcase classname="fetchModeratorSummaryByAuditCycle it dispatches a request to get the moderator summary for given audit cycle id" name="fetchModeratorSummaryByAuditCycle it dispatches a request to get the moderator summary for given audit cycle id" time="0">
    </testcase>
    <testcase classname="fetchModeratorSummaryByAuditCycle it returns a promise which resolves to the summary for given audit cycle id" name="fetchModeratorSummaryByAuditCycle it returns a promise which resolves to the summary for given audit cycle id" time="0">
    </testcase>
    <testcase classname="fetchModeratorSummaryByAuditCycle it calls the service to find the summary for given audit cycle id" name="fetchModeratorSummaryByAuditCycle it calls the service to find the summary for given audit cycle id" time="0">
    </testcase>
    <testcase classname="fetchModerators it dispatches a request to get the moderators" name="fetchModerators it dispatches a request to get the moderators" time="0.016">
    </testcase>
    <testcase classname="fetchModerators it returns a promise which resolves to the list of moderators" name="fetchModerators it returns a promise which resolves to the list of moderators" time="0">
    </testcase>
    <testcase classname="fetchModerators it calls the service to find the list of moderators" name="fetchModerators it calls the service to find the list of moderators" time="0">
    </testcase>
    <testcase classname="fetchModeratorSummary it dispatches a request to get the moderator summary for given audit cycle id" name="fetchModeratorSummary it dispatches a request to get the moderator summary for given audit cycle id" time="0.016">
    </testcase>
    <testcase classname="fetchModeratorSummary it returns a promise which resolves to the summary for given audit cycle id" name="fetchModeratorSummary it returns a promise which resolves to the summary for given audit cycle id" time="0">
    </testcase>
    <testcase classname="fetchModeratorSummary it calls the service to find the summary for given audit cycle id" name="fetchModeratorSummary it calls the service to find the summary for given audit cycle id" time="0">
    </testcase>
  </testsuite>
  <testsuite name="questionnaireTypeReducer" errors="0" failures="0" skipped="0" timestamp="2024-04-11T11:08:45" time="0.231" tests="5">
    <testcase classname="questionnaireTypeReducer gets the initial state" name="questionnaireTypeReducer gets the initial state" time="0">
    </testcase>
    <testcase classname="questionnaireTypeReducer FETCH_QUESTIONNAIRE_TYPES sets the questionnaireTypes" name="questionnaireTypeReducer FETCH_QUESTIONNAIRE_TYPES sets the questionnaireTypes" time="0">
    </testcase>
    <testcase classname="questionnaireTypeReducer SELECT_QUESTIONNAIRE_TYPE sets the selected questionnaireType" name="questionnaireTypeReducer SELECT_QUESTIONNAIRE_TYPE sets the selected questionnaireType" time="0">
    </testcase>
    <testcase classname="selectQuestionnaireType it dispatches an action to set the selected questionnaire type" name="selectQuestionnaireType it dispatches an action to set the selected questionnaire type" time="0">
    </testcase>
    <testcase classname="fetchQuestionnaireTypes it dispatches an action to fetch questionnaire types" name="fetchQuestionnaireTypes it dispatches an action to fetch questionnaire types" time="0">
    </testcase>
  </testsuite>
  <testsuite name="StartDateSelector" errors="0" failures="0" skipped="0" timestamp="2024-04-11T11:08:45" time="0.251" tests="2">
    <testcase classname="StartDateSelector renders the selector with a given start_date" name="StartDateSelector renders the selector with a given start_date" time="0.016">
    </testcase>
    <testcase classname="StartDateSelector calls onSelect with the start_date when a start_date is selected" name="StartDateSelector calls onSelect with the start_date when a start_date is selected" time="0">
    </testcase>
  </testsuite>
  <testsuite name="&lt;AuditorNameDisplay/&gt;" errors="0" failures="0" skipped="0" timestamp="2024-04-11T11:08:46" time="0.252" tests="2">
    <testcase classname="&lt;AuditorNameDisplay/&gt; renders the auditor name and phone correctly for manager" name="&lt;AuditorNameDisplay/&gt; renders the auditor name and phone correctly for manager" time="0">
    </testcase>
    <testcase classname="&lt;AuditorNameDisplay/&gt; renders the agency name and phone correctly for manager" name="&lt;AuditorNameDisplay/&gt; renders the agency name and phone correctly for manager" time="0.032">
    </testcase>
  </testsuite>
  <testsuite name="&lt;PlainAnswerElement/&gt;" errors="0" failures="0" skipped="0" timestamp="2024-04-11T11:08:46" time="0.33" tests="8">
    <testcase classname="&lt;PlainAnswerElement/&gt; when answer is editable renders a blank answer text correctly" name="&lt;PlainAnswerElement/&gt; when answer is editable renders a blank answer text correctly" time="0">
    </testcase>
    <testcase classname="&lt;PlainAnswerElement/&gt; when answer is editable renders a prefilled answer text correctly" name="&lt;PlainAnswerElement/&gt; when answer is editable renders a prefilled answer text correctly" time="0">
    </testcase>
    <testcase classname="&lt;PlainAnswerElement/&gt; when answer is not editable renders a blank answer text correctly" name="&lt;PlainAnswerElement/&gt; when answer is not editable renders a blank answer text correctly" time="0">
    </testcase>
    <testcase classname="&lt;PlainAnswerElement/&gt; when answer is not editable renders a prefilled answer text correctly" name="&lt;PlainAnswerElement/&gt; when answer is not editable renders a prefilled answer text correctly" time="0.015">
    </testcase>
    <testcase classname="&lt;PlainAnswerElement/&gt; when input is focused calls onFocus prop" name="&lt;PlainAnswerElement/&gt; when input is focused calls onFocus prop" time="0">
    </testcase>
    <testcase classname="&lt;PlainAnswerElement/&gt; when input is blurred calls onBlur prop" name="&lt;PlainAnswerElement/&gt; when input is blurred calls onBlur prop" time="0">
    </testcase>
    <testcase classname="&lt;PlainAnswerElement/&gt; when form is submitted prevents form submission and calls onBlur prop" name="&lt;PlainAnswerElement/&gt; when form is submitted prevents form submission and calls onBlur prop" time="0">
    </testcase>
    <testcase classname="&lt;PlainAnswerElement/&gt; when input is changed calls onChange prop" name="&lt;PlainAnswerElement/&gt; when input is changed calls onChange prop" time="0">
    </testcase>
  </testsuite>
  <testsuite name="rate" errors="0" failures="0" skipped="0" timestamp="2024-04-11T11:08:46" time="0.283" tests="5">
    <testcase classname="rate calls the qa_rating url" name="rate calls the qa_rating url" time="0">
    </testcase>
    <testcase classname="setReimbursement calls the url to set the reimbursement for a report" name="setReimbursement calls the url to set the reimbursement for a report" time="0">
    </testcase>
    <testcase classname="setEarningsPerAudit calls the url to set the reimbursement for a report" name="setEarningsPerAudit calls the url to set the reimbursement for a report" time="0">
    </testcase>
    <testcase classname="setReportAttributeValue calls the url to set attribute option value for a report" name="setReportAttributeValue calls the url to set attribute option value for a report" time="0">
    </testcase>
    <testcase classname="setReportSummary calls the url to set report summary for a report" name="setReportSummary calls the url to set report summary for a report" time="0">
    </testcase>
  </testsuite>
  <testsuite name="fetchReportAttributesByAuditCycleId" errors="0" failures="0" skipped="0" timestamp="2024-04-11T11:08:47" time="0.225" tests="1">
    <testcase classname="fetchReportAttributesByAuditCycleId calls the url to fetch report attributes by audit cycle id " name="fetchReportAttributesByAuditCycleId calls the url to fetch report attributes by audit cycle id " time="0">
    </testcase>
  </testsuite>
  <testsuite name="sectionReducer" errors="0" failures="0" skipped="0" timestamp="2024-04-11T11:08:47" time="0.251" tests="5">
    <testcase classname="sectionReducer FETCH_SECTIONS should set the section in the auditStoreId as key" name="sectionReducer FETCH_SECTIONS should set the section in the auditStoreId as key" time="0">
    </testcase>
    <testcase classname="findSection finds the section from the store" name="findSection finds the section from the store" time="0">
    </testcase>
    <testcase classname="findSection returns undefined when the section is not found" name="findSection returns undefined when the section is not found" time="0">
    </testcase>
    <testcase classname="findSectionsByAuditStoreId finds the sections by audit store id from the store" name="findSectionsByAuditStoreId finds the sections by audit store id from the store" time="0">
    </testcase>
    <testcase classname="findSectionsByAuditStoreId returns an empty array when no sections exist for the given audit store id" name="findSectionsByAuditStoreId returns an empty array when no sections exist for the given audit store id" time="0">
    </testcase>
  </testsuite>
  <testsuite name="ReportAttributeFilter" errors="0" failures="0" skipped="0" timestamp="2024-04-11T11:08:47" time="0.236" tests="4">
    <testcase classname="ReportAttributeFilter renders the selector with nothing selected" name="ReportAttributeFilter renders the selector with nothing selected" time="0">
    </testcase>
    <testcase classname="ReportAttributeFilter renders the selector with selected option_id" name="ReportAttributeFilter renders the selector with selected option_id" time="0">
    </testcase>
    <testcase classname="ReportAttributeFilter calls onSelect with the option_id when an option is selected" name="ReportAttributeFilter calls onSelect with the option_id when an option is selected" time="0">
    </testcase>
    <testcase classname="ReportAttributeFilter calls onSelect with undefined when the default blank option is selected" name="ReportAttributeFilter calls onSelect with undefined when the default blank option is selected" time="0">
    </testcase>
  </testsuite>
  <testsuite name="findSectionsByAuditCycleId" errors="0" failures="0" skipped="0" timestamp="2024-04-11T11:08:47" time="0.225" tests="6">
    <testcase classname="findSectionsByAuditCycleId should return the sections with given audit cycle id, sorted by sequence" name="findSectionsByAuditCycleId should return the sections with given audit cycle id, sorted by sequence" time="0">
    </testcase>
    <testcase classname="findSectionsByAuditCycleId should return an empty array when sections with given audit cycle id are not found" name="findSectionsByAuditCycleId should return an empty array when sections with given audit cycle id are not found" time="0">
    </testcase>
    <testcase classname="findQuestionnaireTotalForAuditCycleId should summation of max_marks for sections with given audit cycle id " name="findQuestionnaireTotalForAuditCycleId should summation of max_marks for sections with given audit cycle id " time="0">
    </testcase>
    <testcase classname="findQuestionnaireTotalForAuditCycleId should return zero when there are no sections for given audit cycle id " name="findQuestionnaireTotalForAuditCycleId should return zero when there are no sections for given audit cycle id " time="0">
    </testcase>
    <testcase classname="findSectionBySectionId should return the section with the given id" name="findSectionBySectionId should return the section with the given id" time="0">
    </testcase>
    <testcase classname="findSectionBySectionId should return undefined section with given id does not exist" name="findSectionBySectionId should return undefined section with given id does not exist" time="0">
    </testcase>
  </testsuite>
  <testsuite name="&lt;NavLink/&gt;" errors="0" failures="0" skipped="0" timestamp="2024-04-11T11:08:48" time="0.22" tests="2">
    <testcase classname="&lt;NavLink/&gt; renders content within an inactive nav link" name="&lt;NavLink/&gt; renders content within an inactive nav link" time="0">
    </testcase>
    <testcase classname="&lt;NavLink/&gt; renders content within an active nav link" name="&lt;NavLink/&gt; renders content within an active nav link" time="0">
    </testcase>
  </testsuite>
  <testsuite name="AUDIT_GET" errors="0" failures="0" skipped="0" timestamp="2024-04-11T11:08:48" time="0.219" tests="2">
    <testcase classname="AUDIT_GET when status is success converts list of audits to an object" name="AUDIT_GET when status is success converts list of audits to an object" time="0">
    </testcase>
    <testcase classname="AUDIT_ID_GET when status is success sets the audit at the correct id" name="AUDIT_ID_GET when status is success sets the audit at the correct id" time="0">
    </testcase>
  </testsuite>
  <testsuite name="&lt;AuditStoreRating/&gt;" errors="0" failures="0" skipped="0" timestamp="2024-04-11T11:08:48" time="0.236" tests="4">
    <testcase classname="&lt;AuditStoreRating/&gt; renders correctly for rating: 0" name="&lt;AuditStoreRating/&gt; renders correctly for rating: 0" time="0">
    </testcase>
    <testcase classname="&lt;AuditStoreRating/&gt; renders correctly for rating: 1" name="&lt;AuditStoreRating/&gt; renders correctly for rating: 1" time="0">
    </testcase>
    <testcase classname="&lt;AuditStoreRating/&gt; renders correctly for rating: 2" name="&lt;AuditStoreRating/&gt; renders correctly for rating: 2" time="0">
    </testcase>
    <testcase classname="&lt;AuditStoreRating/&gt; renders correctly for rating: null" name="&lt;AuditStoreRating/&gt; renders correctly for rating: null" time="0">
    </testcase>
  </testsuite>
  <testsuite name="findAnswer" errors="0" failures="0" skipped="0" timestamp="2024-04-11T11:08:48" time="0.22" tests="2">
    <testcase classname="findAnswer it finds the answer from the store" name="findAnswer it finds the answer from the store" time="0">
    </testcase>
    <testcase classname="findAnswer it returns undefined when the answer is not found" name="findAnswer it returns undefined when the answer is not found" time="0">
    </testcase>
  </testsuite>
  <testsuite name="findModeratorSummary" errors="0" failures="0" skipped="0" timestamp="2024-04-11T11:08:49" time="0.22" tests="2">
    <testcase classname="findModeratorSummary should return the moderator summary" name="findModeratorSummary should return the moderator summary" time="0">
    </testcase>
    <testcase classname="findModeratorSummary should return an empty object when the moderator is empty" name="findModeratorSummary should return an empty object when the moderator is empty" time="0">
    </testcase>
  </testsuite>
  <testsuite name="loadingReducer" errors="0" failures="0" skipped="0" timestamp="2024-04-11T11:08:49" time="0.231" tests="7">
    <testcase classname="loadingReducer gets the initial state" name="loadingReducer gets the initial state" time="0">
    </testcase>
    <testcase classname="loadingReducer REQUEST sets the request as loading" name="loadingReducer REQUEST sets the request as loading" time="0.01">
    </testcase>
    <testcase classname="loadingReducer SUCCESS sets the request as not loading" name="loadingReducer SUCCESS sets the request as not loading" time="0">
    </testcase>
    <testcase classname="loadingReducer FAILURE sets the request as not loading" name="loadingReducer FAILURE sets the request as not loading" time="0">
    </testcase>
    <testcase classname="setLoading it returns an action to set the api as loading" name="setLoading it returns an action to set the api as loading" time="0.001">
    </testcase>
    <testcase classname="setSuccess it returns an action to set the api as successful" name="setSuccess it returns an action to set the api as successful" time="0">
    </testcase>
    <testcase classname="setFailure it returns an action to set the api as failure" name="setFailure it returns an action to set the api as failure" time="0.001">
    </testcase>
  </testsuite>
  <testsuite name="&lt;Jumbotron/&gt;" errors="0" failures="0" skipped="0" timestamp="2024-04-11T11:08:49" time="0.298" tests="3">
    <testcase classname="&lt;Jumbotron/&gt; renders a Jumbotron" name="&lt;Jumbotron/&gt; renders a Jumbotron" time="0">
    </testcase>
    <testcase classname="&lt;Jumbotron/&gt; renders a left aligned Jumbotron" name="&lt;Jumbotron/&gt; renders a left aligned Jumbotron" time="0">
    </testcase>
    <testcase classname="&lt;Jumbotron/&gt; renders a right aligned Jumbotron" name="&lt;Jumbotron/&gt; renders a right aligned Jumbotron" time="0">
    </testcase>
  </testsuite>
  <testsuite name="findById" errors="0" failures="0" skipped="0" timestamp="2024-04-11T11:08:49" time="0.211" tests="5">
    <testcase classname="findById calls the audit store url" name="findById calls the audit store url" time="0">
    </testcase>
    <testcase classname="rate calls the qa_rating url" name="rate calls the qa_rating url" time="0">
    </testcase>
    <testcase classname="setReimbursement calls the reimbursement url" name="setReimbursement calls the reimbursement url" time="0">
    </testcase>
    <testcase classname="setEarningsPerAudit calls the earnings_per_audit url" name="setEarningsPerAudit calls the earnings_per_audit url" time="0">
    </testcase>
    <testcase classname="qaOk calls the qa_ok url" name="qaOk calls the qa_ok url" time="0">
    </testcase>
  </testsuite>
  <testsuite name="&lt;FormErrorList/&gt;" errors="0" failures="0" skipped="0" timestamp="2024-04-11T11:08:50" time="0.221" tests="2">
    <testcase classname="&lt;FormErrorList/&gt; renders an array of errors correctly" name="&lt;FormErrorList/&gt; renders an array of errors correctly" time="0">
    </testcase>
    <testcase classname="&lt;FormErrorList/&gt; renders nothing when there are no errors" name="&lt;FormErrorList/&gt; renders nothing when there are no errors" time="0">
    </testcase>
  </testsuite>
  <testsuite name="ImpactFactorTags" errors="0" failures="0" skipped="0" timestamp="2024-04-11T11:08:50" time="0.236" tests="2">
    <testcase classname="ImpactFactorTags when there are no impact factors renders nothing" name="ImpactFactorTags when there are no impact factors renders nothing" time="0">
    </testcase>
    <testcase classname="ImpactFactorTags when there some impact factors renders the tags for every impact factor" name="ImpactFactorTags when there some impact factors renders the tags for every impact factor" time="0.013">
    </testcase>
  </testsuite>
  <testsuite name="&lt;ApplicationRepeat/&gt;" errors="0" failures="0" skipped="0" timestamp="2024-04-11T11:08:50" time="0.22" tests="3">
    <testcase classname="&lt;ApplicationRepeat/&gt; renders correctly when report_exists is: [object Object]" name="&lt;ApplicationRepeat/&gt; renders correctly when report_exists is: [object Object]" time="0">
    </testcase>
    <testcase classname="&lt;ApplicationRepeat/&gt; renders correctly when report_exists is: [object Object]" name="&lt;ApplicationRepeat/&gt; renders correctly when report_exists is: [object Object]" time="0">
    </testcase>
    <testcase classname="&lt;ApplicationRepeat/&gt; renders correctly when report_exists is: [object Object]" name="&lt;ApplicationRepeat/&gt; renders correctly when report_exists is: [object Object]" time="0">
    </testcase>
  </testsuite>
  <testsuite name="SOCIAL_INFO_GET" errors="0" failures="0" skipped="0" timestamp="2024-04-11T11:08:50" time="0.236" tests="7">
    <testcase classname="SOCIAL_INFO_GET when status is request sets loading to true" name="SOCIAL_INFO_GET when status is request sets loading to true" time="0">
    </testcase>
    <testcase classname="SOCIAL_INFO_GET when status is success sets loading to false" name="SOCIAL_INFO_GET when status is success sets loading to false" time="0">
    </testcase>
    <testcase classname="SOCIAL_INFO_GET when status is success sets the social info" name="SOCIAL_INFO_GET when status is success sets the social info" time="0">
    </testcase>
    <testcase classname="SOCIAL_INFO_POST when status is request clears the form errors" name="SOCIAL_INFO_POST when status is request clears the form errors" time="0">
    </testcase>
    <testcase classname="SOCIAL_INFO_POST when status is success clears the form errors" name="SOCIAL_INFO_POST when status is success clears the form errors" time="0">
    </testcase>
    <testcase classname="SOCIAL_INFO_POST when status is success sets the social info" name="SOCIAL_INFO_POST when status is success sets the social info" time="0">
    </testcase>
    <testcase classname="SOCIAL_INFO_POST when status is error clears the form errors" name="SOCIAL_INFO_POST when status is error clears the form errors" time="0">
    </testcase>
  </testsuite>
  <testsuite name="&lt;Checkbox/&gt;" errors="0" failures="0" skipped="0" timestamp="2024-04-11T11:08:51" time="0.252" tests="6">
    <testcase classname="&lt;Checkbox/&gt; is checked" name="&lt;Checkbox/&gt; is checked" time="0">
    </testcase>
    <testcase classname="&lt;Checkbox/&gt; is unchecked" name="&lt;Checkbox/&gt; is unchecked" time="0">
    </testcase>
    <testcase classname="&lt;Checkbox/&gt; is disabled" name="&lt;Checkbox/&gt; is disabled" time="0">
    </testcase>
    <testcase classname="&lt;Checkbox/&gt; calls onChange with true when checked" name="&lt;Checkbox/&gt; calls onChange with true when checked" time="0">
    </testcase>
    <testcase classname="&lt;Checkbox/&gt; calls onChange with false when unchecked" name="&lt;Checkbox/&gt; calls onChange with false when unchecked" time="0.016">
    </testcase>
    <testcase classname="&lt;Checkbox/&gt; does not call onChange when disabled" name="&lt;Checkbox/&gt; does not call onChange when disabled" time="0">
    </testcase>
  </testsuite>
  <testsuite name="fetchQuestionnaireTypes" errors="0" failures="0" skipped="0" timestamp="2024-04-11T11:08:51" time="0.22" tests="4">
    <testcase classname="fetchQuestionnaireTypes it calls fetchQuestionnaireTypes on the questionnaireType service" name="fetchQuestionnaireTypes it calls fetchQuestionnaireTypes on the questionnaireType service" time="0">
    </testcase>
    <testcase classname="fetchQuestionnaireTypes it dispatches an action when the request is successful" name="fetchQuestionnaireTypes it dispatches an action when the request is successful" time="0">
    </testcase>
    <testcase classname="selectQuestionnaireType it dispatches an action to select the given questionnaire type" name="selectQuestionnaireType it dispatches an action to select the given questionnaire type" time="0">
    </testcase>
    <testcase classname="selectQuestionnaireType it dispatches an action to reset the filters" name="selectQuestionnaireType it dispatches an action to reset the filters" time="0">
    </testcase>
  </testsuite>
  <testsuite name="&lt;FormTextarea/&gt;" errors="0" failures="0" skipped="0" timestamp="2024-04-11T11:08:51" time="0.235" tests="6">
    <testcase classname="&lt;FormTextarea/&gt; renders a blank textarea" name="&lt;FormTextarea/&gt; renders a blank textarea" time="0">
    </testcase>
    <testcase classname="&lt;FormTextarea/&gt; renders a textarea with a prefilled value" name="&lt;FormTextarea/&gt; renders a textarea with a prefilled value" time="0">
    </testcase>
    <testcase classname="&lt;FormTextarea/&gt; renders a textarea with errors" name="&lt;FormTextarea/&gt; renders a textarea with errors" time="0">
    </testcase>
    <testcase classname="&lt;FormTextarea/&gt; renders a disabled textarea" name="&lt;FormTextarea/&gt; renders a disabled textarea" time="0.015">
    </testcase>
    <testcase classname="&lt;FormTextarea/&gt; calls onChange with when the textarea value is changed" name="&lt;FormTextarea/&gt; calls onChange with when the textarea value is changed" time="0">
    </testcase>
    <testcase classname="&lt;FormTextarea/&gt; converts undefined value to an empty string" name="&lt;FormTextarea/&gt; converts undefined value to an empty string" time="0">
    </testcase>
  </testsuite>
  <testsuite name="&lt;InputGroupBtn/&gt;" errors="0" failures="0" skipped="0" timestamp="2024-04-11T11:08:52" time="0.204" tests="1">
    <testcase classname="&lt;InputGroupBtn/&gt; renders a group of buttons" name="&lt;InputGroupBtn/&gt; renders a group of buttons" time="0">
    </testcase>
  </testsuite>
  <testsuite name="findModeratorSummaryByAuditCycle" errors="0" failures="0" skipped="0" timestamp="2024-04-11T11:08:52" time="0.223" tests="4">
    <testcase classname="findModeratorSummaryByAuditCycle calls the url to fetch moderator summary for an audit cycle id " name="findModeratorSummaryByAuditCycle calls the url to fetch moderator summary for an audit cycle id " time="0">
    </testcase>
    <testcase classname="findModeratorSummaryByAuditCycle returns the response from the GET call" name="findModeratorSummaryByAuditCycle returns the response from the GET call" time="0">
    </testcase>
    <testcase classname="findModeratorSummary calls the url to fetch moderator summary " name="findModeratorSummary calls the url to fetch moderator summary " time="0">
    </testcase>
    <testcase classname="findModeratorSummary returns the response from the GET call" name="findModeratorSummary returns the response from the GET call" time="0">
    </testcase>
  </testsuite>
  <testsuite name="&lt;FormGroup/&gt;" errors="0" failures="0" skipped="0" timestamp="2024-04-11T11:08:52" time="0.219" tests="1">
    <testcase classname="&lt;FormGroup/&gt; renders a group of form elements" name="&lt;FormGroup/&gt; renders a group of form elements" time="0">
    </testcase>
  </testsuite>
  <testsuite name="DownloadDetailsButton" errors="0" failures="0" skipped="0" timestamp="2024-04-11T11:08:52" time="0.22" tests="2">
    <testcase classname="DownloadDetailsButton renders nothing when auditCyle is not provided" name="DownloadDetailsButton renders nothing when auditCyle is not provided" time="0.003">
    </testcase>
    <testcase classname="DownloadDetailsButton renders the button with the generated link" name="DownloadDetailsButton renders the button with the generated link" time="0">
    </testcase>
  </testsuite>
  <testsuite name="PrintToPDFButton" errors="0" failures="0" skipped="0" timestamp="2024-04-11T11:08:53" time="0.234" tests="2">
    <testcase classname="PrintToPDFButton when sectionCount is &gt; 5 renders nothing" name="PrintToPDFButton when sectionCount is &gt; 5 renders nothing" time="0">
    </testcase>
    <testcase classname="PrintToPDFButton when sectionCount is &lt;= 5 renders the button" name="PrintToPDFButton when sectionCount is &lt;= 5 renders the button" time="0.014">
    </testcase>
  </testsuite>
  <testsuite name="userReducer" errors="0" failures="0" skipped="0" timestamp="2024-04-11T11:08:53" time="0.219" tests="3">
    <testcase classname="userReducer gets the initial state" name="userReducer gets the initial state" time="0">
    </testcase>
    <testcase classname="userReducer FETCH_USER sets the user" name="userReducer FETCH_USER sets the user" time="0">
    </testcase>
    <testcase classname="fetchUser returns an action to set the fetched user" name="fetchUser returns an action to set the fetched user" time="0">
    </testcase>
  </testsuite>
  <testsuite name="fetchQuestionnaireTypes" errors="0" failures="0" skipped="0" timestamp="2024-04-11T11:08:53" time="0.236" tests="1">
    <testcase classname="fetchQuestionnaireTypes performs a GET to the correct URL" name="fetchQuestionnaireTypes performs a GET to the correct URL" time="0">
    </testcase>
  </testsuite>
  <testsuite name="updateSection" errors="0" failures="0" skipped="0" timestamp="2024-04-11T11:08:53" time="0.22" tests="5">
    <testcase classname="updateSection calls the url to update the section" name="updateSection calls the url to update the section" time="0">
    </testcase>
    <testcase classname="addSection calls the url to add a new section" name="addSection calls the url to add a new section" time="0">
    </testcase>
    <testcase classname="deleteSection calls the url to add a new section" name="deleteSection calls the url to add a new section" time="0">
    </testcase>
    <testcase classname="fetchSectionById calls the url to fetch a section by id" name="fetchSectionById calls the url to fetch a section by id" time="0">
    </testcase>
    <testcase classname="fetchSectionsByAuditCycleId calls the url to fetch sections by audit cycle id" name="fetchSectionsByAuditCycleId calls the url to fetch sections by audit cycle id" time="0">
    </testcase>
  </testsuite>
  <testsuite name="ANSWER_GET" errors="0" failures="0" skipped="0" timestamp="2024-04-11T11:08:54" time="0.235" tests="3">
    <testcase classname="ANSWER_GET when status is request it clears the answers" name="ANSWER_GET when status is request it clears the answers" time="0">
    </testcase>
    <testcase classname="ANSWER_GET when status is success converts a list of answers into an object" name="ANSWER_GET when status is success converts a list of answers into an object" time="0">
    </testcase>
    <testcase classname="ANSWER_POST when status is success sets the answer at it&apos;s ID" name="ANSWER_POST when status is success sets the answer at it&apos;s ID" time="0">
    </testcase>
  </testsuite>
  <testsuite name="PROFILE_INFO_GET" errors="0" failures="0" skipped="0" timestamp="2024-04-11T11:08:54" time="0.345" tests="7">
    <testcase classname="PROFILE_INFO_GET when status is request sets loading to true" name="PROFILE_INFO_GET when status is request sets loading to true" time="0">
    </testcase>
    <testcase classname="PROFILE_INFO_GET when status is success sets loading to false" name="PROFILE_INFO_GET when status is success sets loading to false" time="0">
    </testcase>
    <testcase classname="PROFILE_INFO_GET when status is success sets the profile info" name="PROFILE_INFO_GET when status is success sets the profile info" time="0">
    </testcase>
    <testcase classname="PROFILE_INFO_POST when status is request clears the form errors" name="PROFILE_INFO_POST when status is request clears the form errors" time="0">
    </testcase>
    <testcase classname="PROFILE_INFO_POST when status is success clears the form errors" name="PROFILE_INFO_POST when status is success clears the form errors" time="0">
    </testcase>
    <testcase classname="PROFILE_INFO_POST when status is success sets the profile info" name="PROFILE_INFO_POST when status is success sets the profile info" time="0.015">
    </testcase>
    <testcase classname="PROFILE_INFO_POST when status is error clears the form errors" name="PROFILE_INFO_POST when status is error clears the form errors" time="0">
    </testcase>
  </testsuite>
  <testsuite name="SECTION_GET" errors="0" failures="0" skipped="0" timestamp="2024-04-11T11:08:54" time="0.219" tests="2">
    <testcase classname="SECTION_GET when status is request it clears the sections" name="SECTION_GET when status is request it clears the sections" time="0">
    </testcase>
    <testcase classname="SECTION_GET when status is success converts a list of sections into an object" name="SECTION_GET when status is success converts a list of sections into an object" time="0">
    </testcase>
  </testsuite>
  <testsuite name="AUDIT_STORE_GET" errors="0" failures="0" skipped="0" timestamp="2024-04-11T11:08:55" time="0.236" tests="5">
    <testcase classname="AUDIT_STORE_GET when status is success converts the list to a dict with keys as ID" name="AUDIT_STORE_GET when status is success converts the list to a dict with keys as ID" time="0">
    </testcase>
    <testcase classname="AUDIT_STORE_ID_GET when status is success sets the auditStore at it&apos;s ID" name="AUDIT_STORE_ID_GET when status is success sets the auditStore at it&apos;s ID" time="0">
    </testcase>
    <testcase classname="AUDIT_STORE_ID_SUBMIT when status is success sets the auditStore at it&apos;s ID" name="AUDIT_STORE_ID_SUBMIT when status is success sets the auditStore at it&apos;s ID" time="0">
    </testcase>
    <testcase classname="AUDIT_STORE_ID_ACKNOWLEDGE when status is success sets the auditStore at it&apos;s ID" name="AUDIT_STORE_ID_ACKNOWLEDGE when status is success sets the auditStore at it&apos;s ID" time="0">
    </testcase>
    <testcase classname="REPORT_SUMMARY_POST when status is success sets the auditStore at it&apos;s ID" name="REPORT_SUMMARY_POST when status is success sets the auditStore at it&apos;s ID" time="0">
    </testcase>
  </testsuite>
  <testsuite name="QuestionnaireTypeSelectors" errors="0" failures="0" skipped="0" timestamp="2024-04-11T11:08:55" time="0.228" tests="10">
    <testcase classname="QuestionnaireTypeSelectors findQuestionnaireTypes should return all the questionnaire types" name="QuestionnaireTypeSelectors findQuestionnaireTypes should return all the questionnaire types" time="0.016">
    </testcase>
    <testcase classname="QuestionnaireTypeSelectors findQuestionnaireTypes should return an empty array if there are no questionnaire types" name="QuestionnaireTypeSelectors findQuestionnaireTypes should return an empty array if there are no questionnaire types" time="0">
    </testcase>
    <testcase classname="QuestionnaireTypeSelectors findSelectedQuestionnaireType should return the selected questionnaire type when it is selected" name="QuestionnaireTypeSelectors findSelectedQuestionnaireType should return the selected questionnaire type when it is selected" time="0">
    </testcase>
    <testcase classname="QuestionnaireTypeSelectors findSelectedQuestionnaireType should return the default questionnaire type when nothing is selected" name="QuestionnaireTypeSelectors findSelectedQuestionnaireType should return the default questionnaire type when nothing is selected" time="0">
    </testcase>
    <testcase classname="QuestionnaireTypeSelectors findSelectedQuestionnaireType should return the first questionnaire type when there is no default" name="QuestionnaireTypeSelectors findSelectedQuestionnaireType should return the first questionnaire type when there is no default" time="0">
    </testcase>
    <testcase classname="QuestionnaireTypeSelectors findSelectedQuestionnaireType should return undefined if there are no questionnaire types" name="QuestionnaireTypeSelectors findSelectedQuestionnaireType should return undefined if there are no questionnaire types" time="0">
    </testcase>
    <testcase classname="QuestionnaireTypeSelectors findDefaultQuestionnaireType should return the default questionnaire type" name="QuestionnaireTypeSelectors findDefaultQuestionnaireType should return the default questionnaire type" time="0">
    </testcase>
    <testcase classname="QuestionnaireTypeSelectors findDefaultQuestionnaireType should return undefined if there are no questionnaire types" name="QuestionnaireTypeSelectors findDefaultQuestionnaireType should return undefined if there are no questionnaire types" time="0">
    </testcase>
    <testcase classname="QuestionnaireTypeSelectors findFirstQuestionnaireType should return the first questionnaire type" name="QuestionnaireTypeSelectors findFirstQuestionnaireType should return the first questionnaire type" time="0">
    </testcase>
    <testcase classname="QuestionnaireTypeSelectors findFirstQuestionnaireType should return undefined if there are no questionnaire types" name="QuestionnaireTypeSelectors findFirstQuestionnaireType should return undefined if there are no questionnaire types" time="0">
    </testcase>
  </testsuite>
  <testsuite name="fetchUser" errors="0" failures="0" skipped="0" timestamp="2024-04-11T11:08:55" time="0.242" tests="1">
    <testcase classname="fetchUser performs a GET to fetch the currency user" name="fetchUser performs a GET to fetch the currency user" time="0">
    </testcase>
  </testsuite>
  <testsuite name="findModeratorByUserId" errors="0" failures="0" skipped="0" timestamp="2024-04-11T11:08:55" time="0.22" tests="4">
    <testcase classname="findModeratorByUserId should return the moderator with the given user id" name="findModeratorByUserId should return the moderator with the given user id" time="0">
    </testcase>
    <testcase classname="findModeratorByUserId should return undefined when the moderator with given id is not found" name="findModeratorByUserId should return undefined when the moderator with given id is not found" time="0">
    </testcase>
    <testcase classname="findModerators should return the list of moderators" name="findModerators should return the list of moderators" time="0">
    </testcase>
    <testcase classname="findModerators should return an empty list when the moderator is empty" name="findModerators should return an empty list when the moderator is empty" time="0">
    </testcase>
  </testsuite>
  <testsuite name="reportAttributeReducer" errors="0" failures="0" skipped="0" timestamp="2024-04-11T11:08:56" time="0.209" tests="3">
    <testcase classname="reportAttributeReducer gets the initial state" name="reportAttributeReducer gets the initial state" time="0">
    </testcase>
    <testcase classname="reportAttributeReducer FETCH_REPORT_ATTRIBUTES sets the reportAttributes" name="reportAttributeReducer FETCH_REPORT_ATTRIBUTES sets the reportAttributes" time="0">
    </testcase>
    <testcase classname="fetchReportAttributesByAuditCycleId it returns an action to fetch report attributes by audit cycle id" name="fetchReportAttributesByAuditCycleId it returns an action to fetch report attributes by audit cycle id" time="0">
    </testcase>
  </testsuite>
  <testsuite name="findReportAttributesByAuditCycleId" errors="0" failures="0" skipped="0" timestamp="2024-04-11T11:08:56" time="0.225" tests="7">
    <testcase classname="findReportAttributesByAuditCycleId should return the report attributes for the given audit cycle id" name="findReportAttributesByAuditCycleId should return the report attributes for the given audit cycle id" time="0">
    </testcase>
    <testcase classname="findReportAttributesByAuditCycleId should return an empty array when there are no report attributes for a given audit cycle id" name="findReportAttributesByAuditCycleId should return an empty array when there are no report attributes for a given audit cycle id" time="0">
    </testcase>
    <testcase classname="findReportAttributesByAuditStoreId should return the report attributes for the given audit store id" name="findReportAttributesByAuditStoreId should return the report attributes for the given audit store id" time="0">
    </testcase>
    <testcase classname="findReportAttributesByAuditStoreId should return an empty array when a audit store with given id does not exist" name="findReportAttributesByAuditStoreId should return an empty array when a audit store with given id does not exist" time="0">
    </testcase>
    <testcase classname="findReportAttributeByAuditStoreIdAndJsonId should return the report attribute with the given audit store id and json id" name="findReportAttributeByAuditStoreIdAndJsonId should return the report attribute with the given audit store id and json id" time="0">
    </testcase>
    <testcase classname="findReportAttributeByAuditStoreIdAndJsonId should return undefined when there is no report attribute with the given audit store id and json id" name="findReportAttributeByAuditStoreIdAndJsonId should return undefined when there is no report attribute with the given audit store id and json id" time="0">
    </testcase>
    <testcase classname="findReportAttributeByAuditStoreIdAndJsonId should return undefined when there is no audit store with the given id" name="findReportAttributeByAuditStoreIdAndJsonId should return undefined when there is no audit store with the given id" time="0">
    </testcase>
  </testsuite>
  <testsuite name="findReportSection" errors="0" failures="0" skipped="0" timestamp="2024-04-11T11:08:56" time="0.204" tests="2">
    <testcase classname="findReportSection it finds the reportSection from the store" name="findReportSection it finds the reportSection from the store" time="0">
    </testcase>
    <testcase classname="findReportSection it returns undefined when the reportSection is not found" name="findReportSection it returns undefined when the reportSection is not found" time="0">
    </testcase>
  </testsuite>
  <testsuite name="MODERATOR_GET" errors="0" failures="0" skipped="0" timestamp="2024-04-11T11:08:56" time="0.204" tests="1">
    <testcase classname="MODERATOR_GET sets the moderators in the list" name="MODERATOR_GET sets the moderators in the list" time="0">
    </testcase>
  </testsuite>
</testsuites>